<html>
<body>
<pre>
<h1>µVision Build Log</h1>
<h2>Tool Versions:</h2>
IDE-Version: µVision V5.39.0.0
Copyright (C) 2023 ARM Ltd and ARM Germany GmbH. All rights reserved.
License Information: pedro malanga, AlphaX, LIC=----
 
Tool Versions:
Toolchain:       MDK-Lite  Version: 5.39.0.0
Toolchain Path:  C:\Keil_v5\ARM\ARMCLANG\Bin
C Compiler:      ArmClang.exe V6.21
Assembler:       Armasm.exe V6.21
Linker/Locator:  ArmLink.exe V6.21
Library Manager: ArmAr.exe V6.21
Hex Converter:   FromElf.exe V6.21
CPU DLL:         SARMCM3.DLL V5.39.0.0
Dialog DLL:      DARMCM1.DLL V1.19.6.0
Target DLL:      STLink\ST-LINKIII-KEIL_SWO.dll V3.2.0.0
Dialog DLL:      TARMCM1.DLL V1.14.6.0
 
<h2>Project:</h2>
C:\Users\norman\Documents\GitHub\PY32F0xx_Firmware\Projects\PY32F002A-STK\Example\I2C\moddedi2cforscreen\MDK-ARM\Project.uvprojx
Project File Date:  06/04/2025

<h2>Output:</h2>
*** Using Compiler 'V6.21', folder: 'C:\Keil_v5\ARM\ARMCLANG\Bin'
Build target 'Project'
assembling startup_py32f002xx.s...
compiling fonts.c...
compiling system_py32f0xx.c...
compiling py32f0xx_it.c...
compiling py32f0xx_hal.c...
compiling py32f002xx_Start_Kit.c...
compiling py32f0xx_hal_msp.c...
compiling py32f0xx_hal_gpio.c...
compiling ssd1306.c...
compiling main.c...
compiling py32f0xx_hal_rcc.c...
compiling py32f0xx_hal_pwr.c...
compiling py32f0xx_hal_irda.c...
compiling py32f0xx_hal_cortex.c...
compiling py32f0xx_hal_uart.c...
compiling py32f0xx_hal_adc.c...
compiling py32f0xx_hal_i2c.c...
linking...
Program Size: Code=14036 RO-data=2252 RW-data=212 ZI-data=2252  
FromELF: creating hex file...
".\Output\I2C_TwoBoard_CommunicationMaster_IT.axf" - 0 Error(s), 0 Warning(s).

<h2>Software Packages used:</h2>

Package Vendor: ARM
                https://www.keil.com/pack/ARM.CMSIS.6.0.0.pack
                ARM::CMSIS@6.0.0
                CMSIS (Common Microcontroller Software Interface Standard)
   * Component: CORE Version: 6.0.0

Package Vendor: Puya
                https://www.puyasemi.com/uploadfiles/Puya.PY32F0xx_DFP.1.2.0.pack
                Puya::PY32F0xx_DFP@1.2.0
                Puya PY32F0 Series Device Support

<h2>Collection of Component include folders:</h2>
  ./RTE/_Project
  C:/Users/norman/AppData/Local/Arm/Packs/ARM/CMSIS/6.0.0/CMSIS/Core/Include
  C:/Users/norman/AppData/Local/Arm/Packs/Puya/PY32F0xx_DFP/1.2.0/Drivers/CMSIS/Device/Puya/PY32F0xx/Include

<h2>Collection of Component Files used:</h2>

   * Component: ARM::CMSIS:CORE@6.0.0
Build Time Elapsed:  00:00:01
</pre>
</body>
</html>
