Component: Arm Compiler for Embedded 6.21 Tool: armlink [5ec1fa00]

==============================================================================

Section Cross References

    system_py32f0xx.o(.text.SystemCoreClockUpdate) refers to system_py32f0xx.o(.rodata.HSIFreqTable) for HSIFreqTable
    system_py32f0xx.o(.text.SystemCoreClockUpdate) refers to system_py32f0xx.o(.data.SystemCoreClock) for SystemCoreClock
    system_py32f0xx.o(.text.SystemCoreClockUpdate) refers to system_py32f0xx.o(.rodata.AHBPrescTable) for AHBPrescTable
    system_py32f0xx.o(.ARM.exidx.text.SystemCoreClockUpdate) refers to system_py32f0xx.o(.text.SystemCoreClockUpdate) for [Anonymous Symbol]
    system_py32f0xx.o(.ARM.exidx.text.SystemInit) refers to system_py32f0xx.o(.text.SystemInit) for [Anonymous Symbol]
    system_py32f0xx.o(.text.$Sub$$main) refers to main.o(.text.main) for $Super$$main
    system_py32f0xx.o(.text.$Sub$$main) refers to system_py32f0xx.o(.ARM.__at_0x20000000) for VECT_SRAM_TAB
    system_py32f0xx.o(.ARM.exidx.text.$Sub$$main) refers to system_py32f0xx.o(.text.$Sub$$main) for [Anonymous Symbol]
    startup_py32f002xx.o(RESET) refers to startup_py32f002xx.o(STACK) for __initial_sp
    startup_py32f002xx.o(RESET) refers to startup_py32f002xx.o(.text) for Reset_Handler
    startup_py32f002xx.o(RESET) refers to py32f0xx_it.o(.text.NMI_Handler) for NMI_Handler
    startup_py32f002xx.o(RESET) refers to py32f0xx_it.o(.text.HardFault_Handler) for HardFault_Handler
    startup_py32f002xx.o(RESET) refers to py32f0xx_it.o(.text.SVC_Handler) for SVC_Handler
    startup_py32f002xx.o(RESET) refers to py32f0xx_it.o(.text.PendSV_Handler) for PendSV_Handler
    startup_py32f002xx.o(RESET) refers to py32f0xx_it.o(.text.SysTick_Handler) for SysTick_Handler
    startup_py32f002xx.o(RESET) refers to py32f0xx_it.o(.text.EXTI0_1_IRQHandler) for EXTI0_1_IRQHandler
    startup_py32f002xx.o(RESET) refers to py32f0xx_it.o(.text.I2C1_IRQHandler) for I2C1_IRQHandler
    startup_py32f002xx.o(.text) refers to system_py32f0xx.o(.text.SystemInit) for SystemInit
    startup_py32f002xx.o(.text) refers to entry.o(.ARM.Collect$$$$00000000) for __main
    main.o(.text.main) refers to py32f0xx_hal.o(.text.HAL_Init) for HAL_Init
    main.o(.text.main) refers to main.o(.text.SystemClock_Config) for SystemClock_Config
    main.o(.text.main) refers to py32f0xx_hal_gpio.o(.text.HAL_GPIO_WritePin) for HAL_GPIO_WritePin
    main.o(.text.main) refers to py32f0xx_hal_gpio.o(.text.HAL_GPIO_Init) for HAL_GPIO_Init
    main.o(.text.main) refers to py32f0xx_hal_cortex.o(.text.HAL_NVIC_SetPriority) for HAL_NVIC_SetPriority
    main.o(.text.main) refers to py32f0xx_hal_cortex.o(.text.HAL_NVIC_EnableIRQ) for HAL_NVIC_EnableIRQ
    main.o(.text.main) refers to py32f0xx_hal_i2c.o(.text.HAL_I2C_Init) for HAL_I2C_Init
    main.o(.text.main) refers to py32f0xx_hal_adc.o(.text.HAL_ADC_Init) for HAL_ADC_Init
    main.o(.text.main) refers to py32f0xx_hal_adc.o(.text.HAL_ADC_Calibration_Start) for HAL_ADC_Calibration_Start
    main.o(.text.main) refers to py32f0xx_hal_adc.o(.text.HAL_ADC_ConfigChannel) for HAL_ADC_ConfigChannel
    main.o(.text.main) refers to ssd1306.o(.text.ssd1306_Init) for ssd1306_Init
    main.o(.text.main) refers to py32f0xx_hal_gpio.o(.text.HAL_GPIO_TogglePin) for HAL_GPIO_TogglePin
    main.o(.text.main) refers to py32f0xx_hal.o(.text.HAL_Delay) for HAL_Delay
    main.o(.text.main) refers to py32f0xx_hal.o(.text.HAL_GetTick) for HAL_GetTick
    main.o(.text.main) refers to py32f0xx_hal_adc.o(.text.HAL_ADC_Start) for HAL_ADC_Start
    main.o(.text.main) refers to py32f0xx_hal_adc.o(.text.HAL_ADC_PollForConversion) for HAL_ADC_PollForConversion
    main.o(.text.main) refers to py32f0xx_hal_adc.o(.text.HAL_ADC_GetValue) for HAL_ADC_GetValue
    main.o(.text.main) refers to py32f0xx_hal_adc.o(.text.HAL_ADC_Stop) for HAL_ADC_Stop
    main.o(.text.main) refers to ffltui.o(.text) for __aeabi_ui2f
    main.o(.text.main) refers to fdiv.o(.text) for __aeabi_fdiv
    main.o(.text.main) refers to fmul.o(.text) for __aeabi_fmul
    main.o(.text.main) refers to f2d.o(.text) for __aeabi_f2d
    main.o(.text.main) refers to printfa.o(i.__0sprintf) for __2sprintf
    main.o(.text.main) refers to ffixi.o(.text) for __aeabi_f2iz
    main.o(.text.main) refers to memseta.o(.text) for __aeabi_memset4
    main.o(.text.main) refers to py32f0xx_hal_cortex.o(.text.HAL_NVIC_DisableIRQ) for HAL_NVIC_DisableIRQ
    main.o(.text.main) refers to ssd1306.o(.text.ssd1306_Fill) for ssd1306_Fill
    main.o(.text.main) refers to ssd1306.o(.text.ssd1306_SetCursor) for ssd1306_SetCursor
    main.o(.text.main) refers to ssd1306.o(.text.ssd1306_WriteString) for ssd1306_WriteString
    main.o(.text.main) refers to ssd1306.o(.text.ssd1306_UpdateScreen) for ssd1306_UpdateScreen
    main.o(.text.main) refers to main.o(.text.APP_ErrorHandler) for APP_ErrorHandler
    main.o(.text.main) refers to main.o(.bss.hi2c1) for hi2c1
    main.o(.text.main) refers to main.o(.bss.hadc1) for hadc1
[...]
    Removing py32f0xx_hal_uart.o(.text.HAL_UART_AbortReceive), (34 bytes).
    Removing py32f0xx_hal_uart.o(.ARM.exidx.text.HAL_UART_AbortReceive), (8 bytes).
    Removing py32f0xx_hal_uart.o(.text.HAL_UART_Abort_IT), (50 bytes).
    Removing py32f0xx_hal_uart.o(.ARM.exidx.text.HAL_UART_Abort_IT), (8 bytes).
    Removing py32f0xx_hal_uart.o(.text.HAL_UART_AbortCpltCallback), (2 bytes).
    Removing py32f0xx_hal_uart.o(.ARM.exidx.text.HAL_UART_AbortCpltCallback), (8 bytes).
    Removing py32f0xx_hal_uart.o(.text.HAL_UART_AbortTransmit_IT), (30 bytes).
    Removing py32f0xx_hal_uart.o(.ARM.exidx.text.HAL_UART_AbortTransmit_IT), (8 bytes).
    Removing py32f0xx_hal_uart.o(.text.HAL_UART_AbortTransmitCpltCallback), (2 bytes).
    Removing py32f0xx_hal_uart.o(.ARM.exidx.text.HAL_UART_AbortTransmitCpltCallback), (8 bytes).
    Removing py32f0xx_hal_uart.o(.text.HAL_UART_AbortReceive_IT), (40 bytes).
    Removing py32f0xx_hal_uart.o(.ARM.exidx.text.HAL_UART_AbortReceive_IT), (8 bytes).
    Removing py32f0xx_hal_uart.o(.text.HAL_UART_AbortReceiveCpltCallback), (2 bytes).
    Removing py32f0xx_hal_uart.o(.ARM.exidx.text.HAL_UART_AbortReceiveCpltCallback), (8 bytes).
    Removing py32f0xx_hal_uart.o(.text.HAL_UART_IRQHandler), (436 bytes).
    Removing py32f0xx_hal_uart.o(.ARM.exidx.text.HAL_UART_IRQHandler), (8 bytes).
    Removing py32f0xx_hal_uart.o(.text.UART_Receive_IT), (108 bytes).
    Removing py32f0xx_hal_uart.o(.ARM.exidx.text.UART_Receive_IT), (8 bytes).
    Removing py32f0xx_hal_uart.o(.text.HAL_UART_ErrorCallback), (2 bytes).
    Removing py32f0xx_hal_uart.o(.ARM.exidx.text.HAL_UART_ErrorCallback), (8 bytes).
    Removing py32f0xx_hal_uart.o(.text.HAL_UART_IdleFrameDetectCpltCallback), (2 bytes).
    Removing py32f0xx_hal_uart.o(.ARM.exidx.text.HAL_UART_IdleFrameDetectCpltCallback), (8 bytes).
    Removing py32f0xx_hal_uart.o(.text.HAL_UART_TxCpltCallback), (2 bytes).
    Removing py32f0xx_hal_uart.o(.ARM.exidx.text.HAL_UART_TxCpltCallback), (8 bytes).
    Removing py32f0xx_hal_uart.o(.text.HAL_UART_TxHalfCpltCallback), (2 bytes).
    Removing py32f0xx_hal_uart.o(.ARM.exidx.text.HAL_UART_TxHalfCpltCallback), (8 bytes).
    Removing py32f0xx_hal_uart.o(.text.HAL_UART_RxCpltCallback), (2 bytes).
    Removing py32f0xx_hal_uart.o(.ARM.exidx.text.HAL_UART_RxCpltCallback), (8 bytes).
    Removing py32f0xx_hal_uart.o(.text.HAL_UART_RxHalfCpltCallback), (2 bytes).
    Removing py32f0xx_hal_uart.o(.ARM.exidx.text.HAL_UART_RxHalfCpltCallback), (8 bytes).
    Removing py32f0xx_hal_uart.o(.text.HAL_UART_SendBreak), (40 bytes).
    Removing py32f0xx_hal_uart.o(.ARM.exidx.text.HAL_UART_SendBreak), (8 bytes).
    Removing py32f0xx_hal_uart.o(.text.HAL_MultiProcessor_EnterMuteMode), (40 bytes).
    Removing py32f0xx_hal_uart.o(.ARM.exidx.text.HAL_MultiProcessor_EnterMuteMode), (8 bytes).
    Removing py32f0xx_hal_uart.o(.text.HAL_MultiProcessor_ExitMuteMode), (40 bytes).
    Removing py32f0xx_hal_uart.o(.ARM.exidx.text.HAL_MultiProcessor_ExitMuteMode), (8 bytes).
    Removing py32f0xx_hal_uart.o(.text.HAL_HalfDuplex_EnableTransmitter), (44 bytes).
    Removing py32f0xx_hal_uart.o(.ARM.exidx.text.HAL_HalfDuplex_EnableTransmitter), (8 bytes).
    Removing py32f0xx_hal_uart.o(.text.HAL_HalfDuplex_EnableReceiver), (44 bytes).
    Removing py32f0xx_hal_uart.o(.ARM.exidx.text.HAL_HalfDuplex_EnableReceiver), (8 bytes).
    Removing py32f0xx_hal_uart.o(.text.HAL_UART_GetState), (14 bytes).
    Removing py32f0xx_hal_uart.o(.ARM.exidx.text.HAL_UART_GetState), (8 bytes).
    Removing py32f0xx_hal_uart.o(.text.HAL_UART_GetError), (4 bytes).
    Removing py32f0xx_hal_uart.o(.ARM.exidx.text.HAL_UART_GetError), (8 bytes).
    Removing py32f0xx_hal_cortex.o(.text), (0 bytes).
    Removing py32f0xx_hal_cortex.o(.ARM.exidx.text.HAL_NVIC_SetPriority), (8 bytes).
    Removing py32f0xx_hal_cortex.o(.ARM.exidx.text.HAL_NVIC_EnableIRQ), (8 bytes).
    Removing py32f0xx_hal_cortex.o(.ARM.exidx.text.HAL_NVIC_DisableIRQ), (8 bytes).
    Removing py32f0xx_hal_cortex.o(.text.HAL_NVIC_SystemReset), (28 bytes).
    Removing py32f0xx_hal_cortex.o(.ARM.exidx.text.HAL_NVIC_SystemReset), (8 bytes).
    Removing py32f0xx_hal_cortex.o(.ARM.exidx.text.HAL_SYSTICK_Config), (8 bytes).
    Removing py32f0xx_hal_cortex.o(.text.HAL_NVIC_GetPriority), (48 bytes).
    Removing py32f0xx_hal_cortex.o(.ARM.exidx.text.HAL_NVIC_GetPriority), (8 bytes).
    Removing py32f0xx_hal_cortex.o(.text.HAL_NVIC_SetPendingIRQ), (20 bytes).
    Removing py32f0xx_hal_cortex.o(.ARM.exidx.text.HAL_NVIC_SetPendingIRQ), (8 bytes).
    Removing py32f0xx_hal_cortex.o(.text.HAL_NVIC_GetPendingIRQ), (20 bytes).
    Removing py32f0xx_hal_cortex.o(.ARM.exidx.text.HAL_NVIC_GetPendingIRQ), (8 bytes).
    Removing py32f0xx_hal_cortex.o(.text.HAL_NVIC_ClearPendingIRQ), (20 bytes).
    Removing py32f0xx_hal_cortex.o(.ARM.exidx.text.HAL_NVIC_ClearPendingIRQ), (8 bytes).
    Removing py32f0xx_hal_cortex.o(.text.HAL_SYSTICK_CLKSourceConfig), (28 bytes).
    Removing py32f0xx_hal_cortex.o(.ARM.exidx.text.HAL_SYSTICK_CLKSourceConfig), (8 bytes).
    Removing py32f0xx_hal_cortex.o(.text.HAL_SYSTICK_IRQHandler), (8 bytes).
    Removing py32f0xx_hal_cortex.o(.ARM.exidx.text.HAL_SYSTICK_IRQHandler), (8 bytes).
    Removing py32f0xx_hal_cortex.o(.text.HAL_SYSTICK_Callback), (2 bytes).
    Removing py32f0xx_hal_cortex.o(.ARM.exidx.text.HAL_SYSTICK_Callback), (8 bytes).
    Removing py32f0xx_hal_i2c.o(.text), (0 bytes).
    Removing py32f0xx_hal_i2c.o(.ARM.exidx.text.HAL_I2C_Init), (8 bytes).
    Removing py32f0xx_hal_i2c.o(.text.HAL_I2C_MspInit), (2 bytes).
    Removing py32f0xx_hal_i2c.o(.ARM.exidx.text.HAL_I2C_MspInit), (8 bytes).
    Removing py32f0xx_hal_i2c.o(.text.HAL_I2C_DeInit), (50 bytes).
    Removing py32f0xx_hal_i2c.o(.ARM.exidx.text.HAL_I2C_DeInit), (8 bytes).
    Removing py32f0xx_hal_i2c.o(.text.HAL_I2C_MspDeInit), (2 bytes).
    Removing py32f0xx_hal_i2c.o(.ARM.exidx.text.HAL_I2C_MspDeInit), (8 bytes).
    Removing py32f0xx_hal_i2c.o(.text.HAL_I2C_Master_Transmit), (384 bytes).
    Removing py32f0xx_hal_i2c.o(.ARM.exidx.text.HAL_I2C_Master_Transmit), (8 bytes).
    Removing py32f0xx_hal_i2c.o(.ARM.exidx.text.I2C_WaitOnFlagUntilTimeout), (8 bytes).
    Removing py32f0xx_hal_i2c.o(.ARM.exidx.text.I2C_WaitOnTXEFlagUntilTimeout), (8 bytes).
    Removing py32f0xx_hal_i2c.o(.ARM.exidx.text.I2C_WaitOnBTFFlagUntilTimeout), (8 bytes).
    Removing py32f0xx_hal_i2c.o(.text.HAL_I2C_Master_Receive), (760 bytes).
    Removing py32f0xx_hal_i2c.o(.ARM.exidx.text.HAL_I2C_Master_Receive), (8 bytes).
    Removing py32f0xx_hal_i2c.o(.text.I2C_WaitOnRXNEFlagUntilTimeout), (92 bytes).
    Removing py32f0xx_hal_i2c.o(.ARM.exidx.text.I2C_WaitOnRXNEFlagUntilTimeout), (8 bytes).
    Removing py32f0xx_hal_i2c.o(.text.HAL_I2C_Slave_Transmit), (324 bytes).
    Removing py32f0xx_hal_i2c.o(.ARM.exidx.text.HAL_I2C_Slave_Transmit), (8 bytes).
    Removing py32f0xx_hal_i2c.o(.text.HAL_I2C_Slave_Receive), (412 bytes).
    Removing py32f0xx_hal_i2c.o(.ARM.exidx.text.HAL_I2C_Slave_Receive), (8 bytes).
    Removing py32f0xx_hal_i2c.o(.text.HAL_I2C_Master_Transmit_IT), (188 bytes).
    Removing py32f0xx_hal_i2c.o(.ARM.exidx.text.HAL_I2C_Master_Transmit_IT), (8 bytes).
    Removing py32f0xx_hal_i2c.o(.text.HAL_I2C_Master_Receive_IT), (196 bytes).
    Removing py32f0xx_hal_i2c.o(.ARM.exidx.text.HAL_I2C_Master_Receive_IT), (8 bytes).
    Removing py32f0xx_hal_i2c.o(.text.HAL_I2C_Slave_Transmit_IT), (116 bytes).
    Removing py32f0xx_hal_i2c.o(.ARM.exidx.text.HAL_I2C_Slave_Transmit_IT), (8 bytes).
    Removing py32f0xx_hal_i2c.o(.text.HAL_I2C_Slave_Receive_IT), (116 bytes).
    Removing py32f0xx_hal_i2c.o(.ARM.exidx.text.HAL_I2C_Slave_Receive_IT), (8 bytes).
    Removing py32f0xx_hal_i2c.o(.ARM.exidx.text.HAL_I2C_Mem_Write), (8 bytes).
    Removing py32f0xx_hal_i2c.o(.text.HAL_I2C_Mem_Read), (904 bytes).
    Removing py32f0xx_hal_i2c.o(.ARM.exidx.text.HAL_I2C_Mem_Read), (8 bytes).
    Removing py32f0xx_hal_i2c.o(.text.HAL_I2C_Mem_Write_IT), (204 bytes).
    Removing py32f0xx_hal_i2c.o(.ARM.exidx.text.HAL_I2C_Mem_Write_IT), (8 bytes).
    Removing py32f0xx_hal_i2c.o(.text.HAL_I2C_Mem_Read_IT), (216 bytes).
    Removing py32f0xx_hal_i2c.o(.ARM.exidx.text.HAL_I2C_Mem_Read_IT), (8 bytes).
    Removing py32f0xx_hal_i2c.o(.text.HAL_I2C_IsDeviceReady), (368 bytes).
    Removing py32f0xx_hal_i2c.o(.ARM.exidx.text.HAL_I2C_IsDeviceReady), (8 bytes).
    Removing py32f0xx_hal_i2c.o(.text.HAL_I2C_Master_Seq_Transmit_IT), (236 bytes).
    Removing py32f0xx_hal_i2c.o(.ARM.exidx.text.HAL_I2C_Master_Seq_Transmit_IT), (8 bytes).
    Removing py32f0xx_hal_i2c.o(.text.HAL_I2C_Master_Seq_Receive_IT), (288 bytes).
    Removing py32f0xx_hal_i2c.o(.ARM.exidx.text.HAL_I2C_Master_Seq_Receive_IT), (8 bytes).
    Removing py32f0xx_hal_i2c.o(.text.HAL_I2C_Slave_Seq_Transmit_IT), (120 bytes).
    Removing py32f0xx_hal_i2c.o(.ARM.exidx.text.HAL_I2C_Slave_Seq_Transmit_IT), (8 bytes).
    Removing py32f0xx_hal_i2c.o(.text.HAL_I2C_Slave_Seq_Receive_IT), (120 bytes).
    Removing py32f0xx_hal_i2c.o(.ARM.exidx.text.HAL_I2C_Slave_Seq_Receive_IT), (8 bytes).
    Removing py32f0xx_hal_i2c.o(.text.HAL_I2C_EnableListen_IT), (60 bytes).
    Removing py32f0xx_hal_i2c.o(.ARM.exidx.text.HAL_I2C_EnableListen_IT), (8 bytes).
    Removing py32f0xx_hal_i2c.o(.text.HAL_I2C_DisableListen_IT), (64 bytes).
    Removing py32f0xx_hal_i2c.o(.ARM.exidx.text.HAL_I2C_DisableListen_IT), (8 bytes).
    Removing py32f0xx_hal_i2c.o(.text.HAL_I2C_Master_Abort_IT), (76 bytes).
    Removing py32f0xx_hal_i2c.o(.ARM.exidx.text.HAL_I2C_Master_Abort_IT), (8 bytes).
    Removing py32f0xx_hal_i2c.o(.ARM.exidx.text.I2C_ITError), (8 bytes).
    Removing py32f0xx_hal_i2c.o(.text.HAL_I2C_EV_IRQHandler), (426 bytes).
    Removing py32f0xx_hal_i2c.o(.ARM.exidx.text.HAL_I2C_EV_IRQHandler), (8 bytes).
    Removing py32f0xx_hal_i2c.o(.ARM.exidx.text.I2C_Master_SB), (8 bytes).
    Removing py32f0xx_hal_i2c.o(.ARM.exidx.text.I2C_Master_ADDR), (8 bytes).
    Removing py32f0xx_hal_i2c.o(.ARM.exidx.text.I2C_MasterTransmit_TXE), (8 bytes).
    Removing py32f0xx_hal_i2c.o(.ARM.exidx.text.I2C_MasterTransmit_BTF), (8 bytes).
    Removing py32f0xx_hal_i2c.o(.ARM.exidx.text.I2C_MasterReceive_RXNE), (8 bytes).
    Removing py32f0xx_hal_i2c.o(.ARM.exidx.text.I2C_MasterReceive_BTF), (8 bytes).
    Removing py32f0xx_hal_i2c.o(.ARM.exidx.text.I2C_Slave_ADDR), (8 bytes).
    Removing py32f0xx_hal_i2c.o(.ARM.exidx.text.I2C_Slave_STOPF), (8 bytes).
    Removing py32f0xx_hal_i2c.o(.ARM.exidx.text.I2C_SlaveTransmit_TXE), (8 bytes).
    Removing py32f0xx_hal_i2c.o(.ARM.exidx.text.I2C_SlaveReceive_RXNE), (8 bytes).
    Removing py32f0xx_hal_i2c.o(.text.HAL_I2C_ER_IRQHandler), (232 bytes).
    Removing py32f0xx_hal_i2c.o(.ARM.exidx.text.HAL_I2C_ER_IRQHandler), (8 bytes).
    Removing py32f0xx_hal_i2c.o(.ARM.exidx.text.I2C_Slave_AF), (8 bytes).
    Removing py32f0xx_hal_i2c.o(.ARM.exidx.text.HAL_I2C_IRQHandler), (8 bytes).
    Removing py32f0xx_hal_i2c.o(.ARM.exidx.text.HAL_I2C_MasterTxCpltCallback), (8 bytes).
    Removing py32f0xx_hal_i2c.o(.ARM.exidx.text.HAL_I2C_MasterRxCpltCallback), (8 bytes).
    Removing py32f0xx_hal_i2c.o(.ARM.exidx.text.HAL_I2C_SlaveTxCpltCallback), (8 bytes).
    Removing py32f0xx_hal_i2c.o(.ARM.exidx.text.HAL_I2C_SlaveRxCpltCallback), (8 bytes).
    Removing py32f0xx_hal_i2c.o(.ARM.exidx.text.HAL_I2C_AddrCallback), (8 bytes).
    Removing py32f0xx_hal_i2c.o(.ARM.exidx.text.HAL_I2C_ListenCpltCallback), (8 bytes).
    Removing py32f0xx_hal_i2c.o(.ARM.exidx.text.HAL_I2C_MemTxCpltCallback), (8 bytes).
    Removing py32f0xx_hal_i2c.o(.ARM.exidx.text.HAL_I2C_MemRxCpltCallback), (8 bytes).
    Removing py32f0xx_hal_i2c.o(.ARM.exidx.text.HAL_I2C_ErrorCallback), (8 bytes).
    Removing py32f0xx_hal_i2c.o(.ARM.exidx.text.HAL_I2C_AbortCpltCallback), (8 bytes).
    Removing py32f0xx_hal_i2c.o(.text.HAL_I2C_GetState), (6 bytes).
    Removing py32f0xx_hal_i2c.o(.ARM.exidx.text.HAL_I2C_GetState), (8 bytes).
    Removing py32f0xx_hal_i2c.o(.text.HAL_I2C_GetMode), (6 bytes).
    Removing py32f0xx_hal_i2c.o(.ARM.exidx.text.HAL_I2C_GetMode), (8 bytes).
    Removing py32f0xx_hal_i2c.o(.text.HAL_I2C_GetError), (4 bytes).
    Removing py32f0xx_hal_i2c.o(.ARM.exidx.text.HAL_I2C_GetError), (8 bytes).
    Removing py32f0xx_hal_i2c.o(.ARM.exidx.text.I2C_WaitOnMasterAddressFlagUntilTimeout), (8 bytes).
    Removing py32f0xx_hal_irda.o(.text), (0 bytes).
    Removing py32f0xx_hal_adc.o(.text), (0 bytes).
    Removing py32f0xx_hal_adc.o(.ARM.exidx.text.HAL_ADC_Init), (8 bytes).
    Removing py32f0xx_hal_adc.o(.text.HAL_ADC_MspInit), (2 bytes).
    Removing py32f0xx_hal_adc.o(.ARM.exidx.text.HAL_ADC_MspInit), (8 bytes).
    Removing py32f0xx_hal_adc.o(.text.HAL_ADC_DeInit), (196 bytes).
    Removing py32f0xx_hal_adc.o(.ARM.exidx.text.HAL_ADC_DeInit), (8 bytes).
    Removing py32f0xx_hal_adc.o(.ARM.exidx.text.ADC_ConversionStop), (8 bytes).
    Removing py32f0xx_hal_adc.o(.ARM.exidx.text.ADC_Disable), (8 bytes).
    Removing py32f0xx_hal_adc.o(.text.HAL_ADC_MspDeInit), (2 bytes).
    Removing py32f0xx_hal_adc.o(.ARM.exidx.text.HAL_ADC_MspDeInit), (8 bytes).
    Removing py32f0xx_hal_adc.o(.ARM.exidx.text.HAL_ADC_Start), (8 bytes).
    Removing py32f0xx_hal_adc.o(.ARM.exidx.text.ADC_Enable), (8 bytes).
    Removing py32f0xx_hal_adc.o(.ARM.exidx.text.HAL_ADC_Stop), (8 bytes).
    Removing py32f0xx_hal_adc.o(.ARM.exidx.text.HAL_ADC_PollForConversion), (8 bytes).
    Removing py32f0xx_hal_adc.o(.text.HAL_ADC_PollForEvent), (134 bytes).
    Removing py32f0xx_hal_adc.o(.ARM.exidx.text.HAL_ADC_PollForEvent), (8 bytes).
    Removing py32f0xx_hal_adc.o(.text.HAL_ADC_Start_IT), (104 bytes).
    Removing py32f0xx_hal_adc.o(.ARM.exidx.text.HAL_ADC_Start_IT), (8 bytes).
    Removing py32f0xx_hal_adc.o(.text.HAL_ADC_Stop_IT), (76 bytes).
    Removing py32f0xx_hal_adc.o(.ARM.exidx.text.HAL_ADC_Stop_IT), (8 bytes).
    Removing py32f0xx_hal_adc.o(.ARM.exidx.text.HAL_ADC_GetValue), (8 bytes).
    Removing py32f0xx_hal_adc.o(.text.HAL_ADC_IRQHandler), (204 bytes).
    Removing py32f0xx_hal_adc.o(.ARM.exidx.text.HAL_ADC_IRQHandler), (8 bytes).
    Removing py32f0xx_hal_adc.o(.text.HAL_ADC_ConvCpltCallback), (2 bytes).
    Removing py32f0xx_hal_adc.o(.ARM.exidx.text.HAL_ADC_ConvCpltCallback), (8 bytes).
    Removing py32f0xx_hal_adc.o(.text.HAL_ADC_LevelOutOfWindowCallback), (2 bytes).
    Removing py32f0xx_hal_adc.o(.ARM.exidx.text.HAL_ADC_LevelOutOfWindowCallback), (8 bytes).
    Removing py32f0xx_hal_adc.o(.text.HAL_ADC_ErrorCallback), (2 bytes).
    Removing py32f0xx_hal_adc.o(.ARM.exidx.text.HAL_ADC_ErrorCallback), (8 bytes).
    Removing py32f0xx_hal_adc.o(.text.HAL_ADC_ConvHalfCpltCallback), (2 bytes).
    Removing py32f0xx_hal_adc.o(.ARM.exidx.text.HAL_ADC_ConvHalfCpltCallback), (8 bytes).
    Removing py32f0xx_hal_adc.o(.ARM.exidx.text.HAL_ADC_ConfigChannel), (8 bytes).
    Removing py32f0xx_hal_adc.o(.text.HAL_ADC_AnalogWDGConfig), (132 bytes).
    Removing py32f0xx_hal_adc.o(.ARM.exidx.text.HAL_ADC_AnalogWDGConfig), (8 bytes).
    Removing py32f0xx_hal_adc.o(.text.HAL_ADC_GetState), (4 bytes).
    Removing py32f0xx_hal_adc.o(.ARM.exidx.text.HAL_ADC_GetState), (8 bytes).
    Removing py32f0xx_hal_adc.o(.text.HAL_ADC_GetError), (4 bytes).
    Removing py32f0xx_hal_adc.o(.ARM.exidx.text.HAL_ADC_GetError), (8 bytes).
    Removing py32f0xx_hal_adc.o(.text.HAL_ADC_SetCalibration), (68 bytes).
    Removing py32f0xx_hal_adc.o(.ARM.exidx.text.HAL_ADC_SetCalibration), (8 bytes).
    Removing py32f0xx_hal_adc.o(.text.HAL_ADC_GetCalibStatus), (32 bytes).
    Removing py32f0xx_hal_adc.o(.ARM.exidx.text.HAL_ADC_GetCalibStatus), (8 bytes).
    Removing py32f0xx_hal_adc.o(.ARM.exidx.text.HAL_ADC_Calibration_Start), (8 bytes).

392 unused section(s) (total 21781 bytes) removed from the image.

==============================================================================

Image Symbol Table

    Local Symbols

    Symbol Name                              Value     Ov Type        Size  Object(Section)

    ../clib/division.s                       0x00000000   Number         0  aeabi_sdiv.o ABSOLUTE
    ../clib/division.s                       0x00000000   Number         0  aeabi_sdiv_div0.o ABSOLUTE
    ../clib/microlib/division.c              0x00000000   Number         0  uidiv.o ABSOLUTE
    ../clib/microlib/division.c              0x00000000   Number         0  uidiv_div0.o ABSOLUTE
    ../clib/microlib/division.c              0x00000000   Number         0  idiv_div0.o ABSOLUTE
    ../clib/microlib/division.c              0x00000000   Number         0  idiv0.o ABSOLUTE
    ../clib/microlib/division.c              0x00000000   Number         0  uldiv.o ABSOLUTE
    ../clib/microlib/init/entry.s            0x00000000   Number         0  entry.o ABSOLUTE
    ../clib/microlib/init/entry.s            0x00000000   Number         0  entry2.o ABSOLUTE
    ../clib/microlib/init/entry.s            0x00000000   Number         0  entry5.o ABSOLUTE
    ../clib/microlib/init/entry.s            0x00000000   Number         0  entry7a.o ABSOLUTE
    ../clib/microlib/init/entry.s            0x00000000   Number         0  entry7b.o ABSOLUTE
    ../clib/microlib/init/entry.s            0x00000000   Number         0  entry8a.o ABSOLUTE
    ../clib/microlib/init/entry.s            0x00000000   Number         0  entry8b.o ABSOLUTE
    ../clib/microlib/init/entry.s            0x00000000   Number         0  entry9a.o ABSOLUTE
    ../clib/microlib/init/entry.s            0x00000000   Number         0  entry9b.o ABSOLUTE
    ../clib/microlib/init/entry.s            0x00000000   Number         0  entry10a.o ABSOLUTE
    ../clib/microlib/init/entry.s            0x00000000   Number         0  entry10b.o ABSOLUTE
    ../clib/microlib/init/entry.s            0x00000000   Number         0  entry11a.o ABSOLUTE
    ../clib/microlib/init/entry.s            0x00000000   Number         0  entry11b.o ABSOLUTE
    ../clib/microlib/longlong.c              0x00000000   Number         0  llshl.o ABSOLUTE
    ../clib/microlib/longlong.c              0x00000000   Number         0  llushr.o ABSOLUTE
    ../clib/microlib/longlong.c              0x00000000   Number         0  llsshr.o ABSOLUTE
    ../clib/microlib/printf/printf.c         0x00000000   Number         0  printfb.o ABSOLUTE
    ../clib/microlib/printf/printf.c         0x00000000   Number         0  printf0.o ABSOLUTE
    ../clib/microlib/printf/printf.c         0x00000000   Number         0  printf1.o ABSOLUTE
    ../clib/microlib/printf/printf.c         0x00000000   Number         0  printf2.o ABSOLUTE
    ../clib/microlib/printf/printf.c         0x00000000   Number         0  printf3.o ABSOLUTE
    ../clib/microlib/printf/printf.c         0x00000000   Number         0  printf4.o ABSOLUTE
    ../clib/microlib/printf/printf.c         0x00000000   Number         0  printf5.o ABSOLUTE
    ../clib/microlib/printf/printf.c         0x00000000   Number         0  printf6.o ABSOLUTE
    ../clib/microlib/printf/printf.c         0x00000000   Number         0  printf7.o ABSOLUTE
    ../clib/microlib/printf/printf.c         0x00000000   Number         0  printf8.o ABSOLUTE
    ../clib/microlib/printf/printf.c         0x00000000   Number         0  printfa.o ABSOLUTE
    ../clib/microlib/printf/stubs.s          0x00000000   Number         0  printfstubs.o ABSOLUTE
    ../clib/microlib/stdio/streams.c         0x00000000   Number         0  stdout.o ABSOLUTE
    ../clib/microlib/string/memset.c         0x00000000   Number         0  memseta.o ABSOLUTE
    ../clib/microlib/stubs.s                 0x00000000   Number         0  iusefp.o ABSOLUTE
    ../fplib/microlib/f2d.c                  0x00000000   Number         0  f2d.o ABSOLUTE
    ../fplib/microlib/fpadd.c                0x00000000   Number         0  dadd.o ABSOLUTE
    ../fplib/microlib/fpdiv.c                0x00000000   Number         0  fdiv.o ABSOLUTE
    ../fplib/microlib/fpdiv.c                0x00000000   Number         0  ddiv.o ABSOLUTE
    ../fplib/microlib/fpepilogue.c           0x00000000   Number         0  fepilogue.o ABSOLUTE
    ../fplib/microlib/fpepilogue.c           0x00000000   Number         0  depilogue.o ABSOLUTE
    ../fplib/microlib/fpfix.c                0x00000000   Number         0  ffixi.o ABSOLUTE
    ../fplib/microlib/fpfix.c                0x00000000   Number         0  dfixul.o ABSOLUTE
    ../fplib/microlib/fpflt.c                0x00000000   Number         0  ffltui.o ABSOLUTE
    ../fplib/microlib/fpmul.c                0x00000000   Number         0  fmul.o ABSOLUTE
    ../fplib/microlib/fpmul.c                0x00000000   Number         0  dmul.o ABSOLUTE
    cdrcmple.s                               0x00000000   Number         0  cdrcmple.o ABSOLUTE
    dc.s                                     0x00000000   Number         0  dc.o ABSOLUTE
    fonts.c                                  0x00000000   Number         0  fonts.o ABSOLUTE
    handlers.s                               0x00000000   Number         0  handlers.o ABSOLUTE
    init.s                                   0x00000000   Number         0  init.o ABSOLUTE
    main.c                                   0x00000000   Number         0  main.o ABSOLUTE
    py32f002xx_Start_Kit.c                   0x00000000   Number         0  py32f002xx_start_kit.o ABSOLUTE
    py32f0xx_hal.c                           0x00000000   Number         0  py32f0xx_hal.o ABSOLUTE
    py32f0xx_hal_adc.c                       0x00000000   Number         0  py32f0xx_hal_adc.o ABSOLUTE
    py32f0xx_hal_cortex.c                    0x00000000   Number         0  py32f0xx_hal_cortex.o ABSOLUTE
    py32f0xx_hal_gpio.c                      0x00000000   Number         0  py32f0xx_hal_gpio.o ABSOLUTE
    py32f0xx_hal_i2c.c                       0x00000000   Number         0  py32f0xx_hal_i2c.o ABSOLUTE
    py32f0xx_hal_irda.c                      0x00000000   Number         0  py32f0xx_hal_irda.o ABSOLUTE
    py32f0xx_hal_msp.c                       0x00000000   Number         0  py32f0xx_hal_msp.o ABSOLUTE
    py32f0xx_hal_pwr.c                       0x00000000   Number         0  py32f0xx_hal_pwr.o ABSOLUTE
    py32f0xx_hal_rcc.c                       0x00000000   Number         0  py32f0xx_hal_rcc.o ABSOLUTE
    py32f0xx_hal_uart.c                      0x00000000   Number         0  py32f0xx_hal_uart.o ABSOLUTE
    py32f0xx_it.c                            0x00000000   Number         0  py32f0xx_it.o ABSOLUTE
    ssd1306.c                                0x00000000   Number         0  ssd1306.o ABSOLUTE
    startup_py32f002xx.s                     0x00000000   Number         0  startup_py32f002xx.o ABSOLUTE
    system_py32f0xx.c                        0x00000000   Number         0  system_py32f0xx.o ABSOLUTE
    RESET                                    0x08000000   Section      192  startup_py32f002xx.o(RESET)
    .ARM.Collect$$$$00000000                 0x080000c0   Section        0  entry.o(.ARM.Collect$$$$00000000)
    .ARM.Collect$$$$00000001                 0x080000c0   Section        4  entry2.o(.ARM.Collect$$$$00000001)
    .ARM.Collect$$$$00000004                 0x080000c4   Section        4  entry5.o(.ARM.Collect$$$$00000004)
    .ARM.Collect$$$$00000008                 0x080000c8   Section        0  entry7b.o(.ARM.Collect$$$$00000008)
    .ARM.Collect$$$$0000000A                 0x080000c8   Section        0  entry8b.o(.ARM.Collect$$$$0000000A)
    .ARM.Collect$$$$0000000B                 0x080000c8   Section        8  entry9a.o(.ARM.Collect$$$$0000000B)
    __lit__00000000                          0x080000d0   Data           4  entry2.o(.ARM.Collect$$$$00002712)
    .ARM.Collect$$$$0000000D                 0x080000d0   Section        0  entry10a.o(.ARM.Collect$$$$0000000D)
    .ARM.Collect$$$$0000000F                 0x080000d0   Section        0  entry11a.o(.ARM.Collect$$$$0000000F)
    .ARM.Collect$$$$00002712                 0x080000d0   Section        4  entry2.o(.ARM.Collect$$$$00002712)
    .text                                    0x080000d4   Section       28  startup_py32f002xx.o(.text)
    .text                                    0x080000f0   Section        0  memseta.o(.text)
    .text                                    0x08000114   Section        0  fmul.o(.text)
    .text                                    0x0800018e   Section        0  fdiv.o(.text)
    .text                                    0x0800020a   Section        0  ffltui.o(.text)
    .text                                    0x08000218   Section        0  ffixi.o(.text)
    .text                                    0x0800024a   Section        0  f2d.o(.text)
    .text                                    0x08000272   Section        0  uidiv_div0.o(.text)
    .text                                    0x080002b0   Section        0  uldiv.o(.text)
    .text                                    0x08000310   Section        0  iusefp.o(.text)
    .text                                    0x08000310   Section        0  fepilogue.o(.text)
    .text                                    0x08000394   Section        0  dadd.o(.text)
    .text                                    0x080004f8   Section        0  dmul.o(.text)
    .text                                    0x080005c8   Section        0  ddiv.o(.text)
    .text                                    0x080006b8   Section        0  dfixul.o(.text)
    .text                                    0x080006f8   Section       40  cdrcmple.o(.text)
    .text                                    0x08000720   Section       48  init.o(.text)
    .text                                    0x08000750   Section        0  llshl.o(.text)
    .text                                    0x08000770   Section        0  llushr.o(.text)
    .text                                    0x08000792   Section        0  llsshr.o(.text)
    .text                                    0x080007b8   Section        0  depilogue.o(.text)
    [Anonymous Symbol]                       0x08000878   Section        0  system_py32f0xx.o(.text.$Sub$$main)
    __arm_cp.2_0                             0x0800089c   Number         4  system_py32f0xx.o(.text.$Sub$$main)
    __arm_cp.2_1                             0x080008a0   Number         4  system_py32f0xx.o(.text.$Sub$$main)
    ADC_ConversionStop                       0x080008a5   Thumb Code    78  py32f0xx_hal_adc.o(.text.ADC_ConversionStop)
    [Anonymous Symbol]                       0x080008a4   Section        0  py32f0xx_hal_adc.o(.text.ADC_ConversionStop)
    ADC_Disable                              0x080008f3   Thumb Code    80  py32f0xx_hal_adc.o(.text.ADC_Disable)
    [Anonymous Symbol]                       0x080008f2   Section        0  py32f0xx_hal_adc.o(.text.ADC_Disable)
    ADC_Enable                               0x08000945   Thumb Code    80  py32f0xx_hal_adc.o(.text.ADC_Enable)
    [Anonymous Symbol]                       0x08000944   Section        0  py32f0xx_hal_adc.o(.text.ADC_Enable)
    __arm_cp.7_0                             0x08000994   Number         4  py32f0xx_hal_adc.o(.text.ADC_Enable)
    [Anonymous Symbol]                       0x08000998   Section        0  main.o(.text.APP_ErrorHandler)
    __arm_cp.2_0                             0x080009b4   Number         4  main.o(.text.APP_ErrorHandler)
    [Anonymous Symbol]                       0x080009b8   Section        0  py32f0xx_it.o(.text.EXTI0_1_IRQHandler)
    __arm_cp.6_0                             0x080009d0   Number         4  py32f0xx_it.o(.text.EXTI0_1_IRQHandler)
    __arm_cp.6_1                             0x080009d4   Number         4  py32f0xx_it.o(.text.EXTI0_1_IRQHandler)
    [Anonymous Symbol]                       0x080009d8   Section        0  py32f0xx_hal_adc.o(.text.HAL_ADC_Calibration_Start)
    [Anonymous Symbol]                       0x08000a50   Section        0  py32f0xx_hal_adc.o(.text.HAL_ADC_ConfigChannel)
    __arm_cp.19_0                            0x08000b38   Number         4  py32f0xx_hal_adc.o(.text.HAL_ADC_ConfigChannel)
    __arm_cp.19_1                            0x08000b3c   Number         4  py32f0xx_hal_adc.o(.text.HAL_ADC_ConfigChannel)
    __arm_cp.19_2                            0x08000b40   Number         4  py32f0xx_hal_adc.o(.text.HAL_ADC_ConfigChannel)
    __arm_cp.19_3                            0x08000b44   Number         4  py32f0xx_hal_adc.o(.text.HAL_ADC_ConfigChannel)
    __arm_cp.19_4                            0x08000b48   Number         4  py32f0xx_hal_adc.o(.text.HAL_ADC_ConfigChannel)
    __arm_cp.19_5                            0x08000b4c   Number         4  py32f0xx_hal_adc.o(.text.HAL_ADC_ConfigChannel)
    [Anonymous Symbol]                       0x08000b50   Section        0  py32f0xx_hal_adc.o(.text.HAL_ADC_GetValue)
    [Anonymous Symbol]                       0x08000b58   Section        0  py32f0xx_hal_adc.o(.text.HAL_ADC_Init)
    __arm_cp.0_0                             0x08000c74   Number         4  py32f0xx_hal_adc.o(.text.HAL_ADC_Init)
    __arm_cp.0_1                             0x08000c78   Number         4  py32f0xx_hal_adc.o(.text.HAL_ADC_Init)
    [Anonymous Symbol]                       0x08000c7c   Section        0  py32f0xx_hal_msp.o(.text.HAL_ADC_MspInit)
    __arm_cp.3_0                             0x08000cc8   Number         4  py32f0xx_hal_msp.o(.text.HAL_ADC_MspInit)
    __arm_cp.3_1                             0x08000ccc   Number         4  py32f0xx_hal_msp.o(.text.HAL_ADC_MspInit)
    [Anonymous Symbol]                       0x08000cd0   Section        0  py32f0xx_hal_adc.o(.text.HAL_ADC_PollForConversion)
    [Anonymous Symbol]                       0x08000d80   Section        0  py32f0xx_hal_adc.o(.text.HAL_ADC_Start)
    __arm_cp.6_0                             0x08000dd0   Number         4  py32f0xx_hal_adc.o(.text.HAL_ADC_Start)
    [Anonymous Symbol]                       0x08000dd4   Section        0  py32f0xx_hal_adc.o(.text.HAL_ADC_Stop)
    [Anonymous Symbol]                       0x08000e18   Section        0  py32f0xx_hal.o(.text.HAL_Delay)
    __arm_cp.10_0                            0x08000e38   Number         4  py32f0xx_hal.o(.text.HAL_Delay)
    [Anonymous Symbol]                       0x08000e3c   Section        0  py32f0xx_hal_gpio.o(.text.HAL_GPIO_Init)
    __arm_cp.0_0                             0x08000f8c   Number         4  py32f0xx_hal_gpio.o(.text.HAL_GPIO_Init)
    __arm_cp.0_1                             0x08000f90   Number         4  py32f0xx_hal_gpio.o(.text.HAL_GPIO_Init)
    __arm_cp.0_2                             0x08000f94   Number         4  py32f0xx_hal_gpio.o(.text.HAL_GPIO_Init)
    __arm_cp.0_3                             0x08000f98   Number         4  py32f0xx_hal_gpio.o(.text.HAL_GPIO_Init)
    [Anonymous Symbol]                       0x08000f9c   Section        0  py32f0xx_hal_gpio.o(.text.HAL_GPIO_TogglePin)
    [Anonymous Symbol]                       0x08000fac   Section        0  py32f0xx_hal_gpio.o(.text.HAL_GPIO_WritePin)
    [Anonymous Symbol]                       0x08000fbc   Section        0  py32f0xx_hal.o(.text.HAL_GetTick)
    __arm_cp.6_0                             0x08000fc4   Number         4  py32f0xx_hal.o(.text.HAL_GetTick)
    [Anonymous Symbol]                       0x08000fc8   Section        0  py32f0xx_hal_i2c.o(.text.HAL_I2C_AbortCpltCallback)
    [Anonymous Symbol]                       0x08000fca   Section        0  py32f0xx_hal_i2c.o(.text.HAL_I2C_AddrCallback)
    [Anonymous Symbol]                       0x08000fcc   Section        0  py32f0xx_hal_i2c.o(.text.HAL_I2C_ErrorCallback)
    [Anonymous Symbol]                       0x08000fd0   Section        0  py32f0xx_hal_i2c.o(.text.HAL_I2C_IRQHandler)
    __arm_cp.42_0                            0x080012a0   Number         4  py32f0xx_hal_i2c.o(.text.HAL_I2C_IRQHandler)
    __arm_cp.42_1                            0x080012a4   Number         4  py32f0xx_hal_i2c.o(.text.HAL_I2C_IRQHandler)
    __arm_cp.42_2                            0x080012a8   Number         4  py32f0xx_hal_i2c.o(.text.HAL_I2C_IRQHandler)
    __arm_cp.42_3                            0x080012ac   Number         4  py32f0xx_hal_i2c.o(.text.HAL_I2C_IRQHandler)
    [Anonymous Symbol]                       0x080012b0   Section        0  py32f0xx_hal_i2c.o(.text.HAL_I2C_Init)
    __arm_cp.0_0                             0x080013d0   Number         4  py32f0xx_hal_i2c.o(.text.HAL_I2C_Init)
    __arm_cp.0_1                             0x080013d4   Number         4  py32f0xx_hal_i2c.o(.text.HAL_I2C_Init)
    __arm_cp.0_2                             0x080013d8   Number         4  py32f0xx_hal_i2c.o(.text.HAL_I2C_Init)
    __arm_cp.0_3                             0x080013dc   Number         4  py32f0xx_hal_i2c.o(.text.HAL_I2C_Init)
    __arm_cp.0_4                             0x080013e0   Number         4  py32f0xx_hal_i2c.o(.text.HAL_I2C_Init)
    __arm_cp.0_5                             0x080013e4   Number         4  py32f0xx_hal_i2c.o(.text.HAL_I2C_Init)
    __arm_cp.0_6                             0x080013e8   Number         4  py32f0xx_hal_i2c.o(.text.HAL_I2C_Init)
    [Anonymous Symbol]                       0x080013ec   Section        0  py32f0xx_hal_i2c.o(.text.HAL_I2C_ListenCpltCallback)
    [Anonymous Symbol]                       0x080013ee   Section        0  py32f0xx_hal_i2c.o(.text.HAL_I2C_MasterRxCpltCallback)
    [Anonymous Symbol]                       0x080013f0   Section        0  py32f0xx_hal_i2c.o(.text.HAL_I2C_MasterTxCpltCallback)
    [Anonymous Symbol]                       0x080013f2   Section        0  py32f0xx_hal_i2c.o(.text.HAL_I2C_MemRxCpltCallback)
    [Anonymous Symbol]                       0x080013f4   Section        0  py32f0xx_hal_i2c.o(.text.HAL_I2C_MemTxCpltCallback)
    [Anonymous Symbol]                       0x080013f8   Section        0  py32f0xx_hal_i2c.o(.text.HAL_I2C_Mem_Write)
    __arm_cp.16_0                            0x080015b8   Number         4  py32f0xx_hal_i2c.o(.text.HAL_I2C_Mem_Write)
    __arm_cp.16_1                            0x080015bc   Number         4  py32f0xx_hal_i2c.o(.text.HAL_I2C_Mem_Write)
    __arm_cp.16_2                            0x080015c0   Number         4  py32f0xx_hal_i2c.o(.text.HAL_I2C_Mem_Write)
    [Anonymous Symbol]                       0x080015c4   Section        0  py32f0xx_hal_msp.o(.text.HAL_I2C_MspInit)
    __arm_cp.1_0                             0x08001624   Number         4  py32f0xx_hal_msp.o(.text.HAL_I2C_MspInit)
    __arm_cp.1_1                             0x08001628   Number         4  py32f0xx_hal_msp.o(.text.HAL_I2C_MspInit)
    [Anonymous Symbol]                       0x0800162c   Section        0  py32f0xx_hal_i2c.o(.text.HAL_I2C_SlaveRxCpltCallback)
    [Anonymous Symbol]                       0x0800162e   Section        0  py32f0xx_hal_i2c.o(.text.HAL_I2C_SlaveTxCpltCallback)
    [Anonymous Symbol]                       0x08001630   Section        0  py32f0xx_hal.o(.text.HAL_IncTick)
    __arm_cp.5_1                             0x08001640   Number         4  py32f0xx_hal.o(.text.HAL_IncTick)
    [Anonymous Symbol]                       0x08001644   Section        0  py32f0xx_hal.o(.text.HAL_Init)
    [Anonymous Symbol]                       0x0800165c   Section        0  py32f0xx_hal.o(.text.HAL_InitTick)
    __arm_cp.1_0                             0x0800169c   Number         4  py32f0xx_hal.o(.text.HAL_InitTick)
    [Anonymous Symbol]                       0x080016a0   Section        0  py32f0xx_hal_msp.o(.text.HAL_MspInit)
    __arm_cp.0_0                             0x080016c8   Number         4  py32f0xx_hal_msp.o(.text.HAL_MspInit)
    [Anonymous Symbol]                       0x080016cc   Section        0  py32f0xx_hal_cortex.o(.text.HAL_NVIC_DisableIRQ)
    __arm_cp.2_0                             0x080016dc   Number         4  py32f0xx_hal_cortex.o(.text.HAL_NVIC_DisableIRQ)
    [Anonymous Symbol]                       0x080016e0   Section        0  py32f0xx_hal_cortex.o(.text.HAL_NVIC_EnableIRQ)
    __arm_cp.1_0                             0x080016f0   Number         4  py32f0xx_hal_cortex.o(.text.HAL_NVIC_EnableIRQ)
    [Anonymous Symbol]                       0x080016f4   Section        0  py32f0xx_hal_cortex.o(.text.HAL_NVIC_SetPriority)
    __arm_cp.0_0                             0x08001724   Number         4  py32f0xx_hal_cortex.o(.text.HAL_NVIC_SetPriority)
    __arm_cp.0_1                             0x08001728   Number         4  py32f0xx_hal_cortex.o(.text.HAL_NVIC_SetPriority)
    [Anonymous Symbol]                       0x0800172c   Section        0  py32f0xx_hal_rcc.o(.text.HAL_RCC_ClockConfig)
    __arm_cp.3_0                             0x08001864   Number         4  py32f0xx_hal_rcc.o(.text.HAL_RCC_ClockConfig)
    __arm_cp.3_1                             0x08001868   Number         4  py32f0xx_hal_rcc.o(.text.HAL_RCC_ClockConfig)
    __arm_cp.3_5                             0x0800186c   Number         4  py32f0xx_hal_rcc.o(.text.HAL_RCC_ClockConfig)
    [Anonymous Symbol]                       0x08001870   Section        0  py32f0xx_hal_rcc.o(.text.HAL_RCC_GetPCLK1Freq)
    __arm_cp.6_0                             0x0800188c   Number         4  py32f0xx_hal_rcc.o(.text.HAL_RCC_GetPCLK1Freq)
    __arm_cp.6_1                             0x08001890   Number         4  py32f0xx_hal_rcc.o(.text.HAL_RCC_GetPCLK1Freq)
    __arm_cp.6_2                             0x08001894   Number         4  py32f0xx_hal_rcc.o(.text.HAL_RCC_GetPCLK1Freq)
    [Anonymous Symbol]                       0x08001898   Section        0  py32f0xx_hal_rcc.o(.text.HAL_RCC_GetSysClockFreq)
    __arm_cp.2_0                             0x080018dc   Number         4  py32f0xx_hal_rcc.o(.text.HAL_RCC_GetSysClockFreq)
    __arm_cp.2_1                             0x080018e0   Number         4  py32f0xx_hal_rcc.o(.text.HAL_RCC_GetSysClockFreq)
    [Anonymous Symbol]                       0x080018f8   Section        0  py32f0xx_hal_rcc.o(.text.HAL_RCC_OscConfig)
    __arm_cp.1_0                             0x08001b38   Number         4  py32f0xx_hal_rcc.o(.text.HAL_RCC_OscConfig)
    __arm_cp.1_1                             0x08001b3c   Number         4  py32f0xx_hal_rcc.o(.text.HAL_RCC_OscConfig)
    __arm_cp.1_2                             0x08001b40   Number         4  py32f0xx_hal_rcc.o(.text.HAL_RCC_OscConfig)
    __arm_cp.1_3                             0x08001b44   Number         4  py32f0xx_hal_rcc.o(.text.HAL_RCC_OscConfig)
    __arm_cp.1_4                             0x08001b48   Number         4  py32f0xx_hal_rcc.o(.text.HAL_RCC_OscConfig)
    [Anonymous Symbol]                       0x08001b4c   Section        0  py32f0xx_hal_cortex.o(.text.HAL_SYSTICK_Config)
    __arm_cp.4_0                             0x08001b74   Number         4  py32f0xx_hal_cortex.o(.text.HAL_SYSTICK_Config)
    __arm_cp.4_1                             0x08001b78   Number         4  py32f0xx_hal_cortex.o(.text.HAL_SYSTICK_Config)
    __arm_cp.4_2                             0x08001b7c   Number         4  py32f0xx_hal_cortex.o(.text.HAL_SYSTICK_Config)
    [Anonymous Symbol]                       0x08001b80   Section        0  py32f0xx_it.o(.text.HardFault_Handler)
    [Anonymous Symbol]                       0x08001b84   Section        0  py32f0xx_it.o(.text.I2C1_IRQHandler)
    __arm_cp.5_0                             0x08001b90   Number         4  py32f0xx_it.o(.text.I2C1_IRQHandler)
    I2C_ITError                              0x08001b95   Thumb Code   192  py32f0xx_hal_i2c.o(.text.I2C_ITError)
    [Anonymous Symbol]                       0x08001b94   Section        0  py32f0xx_hal_i2c.o(.text.I2C_ITError)
    I2C_MasterReceive_BTF                    0x08001c55   Thumb Code   228  py32f0xx_hal_i2c.o(.text.I2C_MasterReceive_BTF)
    [Anonymous Symbol]                       0x08001c54   Section        0  py32f0xx_hal_i2c.o(.text.I2C_MasterReceive_BTF)
    __arm_cp.35_0                            0x08001d38   Number         4  py32f0xx_hal_i2c.o(.text.I2C_MasterReceive_BTF)
    I2C_MasterReceive_RXNE                   0x08001d3d   Thumb Code   142  py32f0xx_hal_i2c.o(.text.I2C_MasterReceive_RXNE)
    [Anonymous Symbol]                       0x08001d3c   Section        0  py32f0xx_hal_i2c.o(.text.I2C_MasterReceive_RXNE)
    I2C_MasterTransmit_BTF                   0x08001dcd   Thumb Code   132  py32f0xx_hal_i2c.o(.text.I2C_MasterTransmit_BTF)
    [Anonymous Symbol]                       0x08001dcc   Section        0  py32f0xx_hal_i2c.o(.text.I2C_MasterTransmit_BTF)
    I2C_MasterTransmit_TXE                   0x08001e51   Thumb Code   256  py32f0xx_hal_i2c.o(.text.I2C_MasterTransmit_TXE)
    [Anonymous Symbol]                       0x08001e50   Section        0  py32f0xx_hal_i2c.o(.text.I2C_MasterTransmit_TXE)
    __arm_cp.32_0                            0x08001f50   Number         4  py32f0xx_hal_i2c.o(.text.I2C_MasterTransmit_TXE)
    __arm_cp.32_1                            0x08001f54   Number         4  py32f0xx_hal_i2c.o(.text.I2C_MasterTransmit_TXE)
    I2C_Master_ADDR                          0x08001f59   Thumb Code   292  py32f0xx_hal_i2c.o(.text.I2C_Master_ADDR)
    [Anonymous Symbol]                       0x08001f58   Section        0  py32f0xx_hal_i2c.o(.text.I2C_Master_ADDR)
    __arm_cp.31_0                            0x0800207c   Number         4  py32f0xx_hal_i2c.o(.text.I2C_Master_ADDR)
    __arm_cp.31_1                            0x08002080   Number         4  py32f0xx_hal_i2c.o(.text.I2C_Master_ADDR)
    I2C_Master_SB                            0x08002085   Thumb Code    36  py32f0xx_hal_i2c.o(.text.I2C_Master_SB)
    [Anonymous Symbol]                       0x08002084   Section        0  py32f0xx_hal_i2c.o(.text.I2C_Master_SB)
    I2C_SlaveReceive_RXNE                    0x080020a9   Thumb Code    72  py32f0xx_hal_i2c.o(.text.I2C_SlaveReceive_RXNE)
    [Anonymous Symbol]                       0x080020a8   Section        0  py32f0xx_hal_i2c.o(.text.I2C_SlaveReceive_RXNE)
    I2C_SlaveTransmit_TXE                    0x080020f1   Thumb Code    68  py32f0xx_hal_i2c.o(.text.I2C_SlaveTransmit_TXE)
    [Anonymous Symbol]                       0x080020f0   Section        0  py32f0xx_hal_i2c.o(.text.I2C_SlaveTransmit_TXE)
    I2C_Slave_ADDR                           0x08002135   Thumb Code    60  py32f0xx_hal_i2c.o(.text.I2C_Slave_ADDR)
    [Anonymous Symbol]                       0x08002134   Section        0  py32f0xx_hal_i2c.o(.text.I2C_Slave_ADDR)
    I2C_Slave_AF                             0x08002171   Thumb Code   128  py32f0xx_hal_i2c.o(.text.I2C_Slave_AF)
    [Anonymous Symbol]                       0x08002170   Section        0  py32f0xx_hal_i2c.o(.text.I2C_Slave_AF)
    __arm_cp.41_1                            0x080021f0   Number         4  py32f0xx_hal_i2c.o(.text.I2C_Slave_AF)
    I2C_Slave_STOPF                          0x080021f5   Thumb Code   208  py32f0xx_hal_i2c.o(.text.I2C_Slave_STOPF)
    [Anonymous Symbol]                       0x080021f4   Section        0  py32f0xx_hal_i2c.o(.text.I2C_Slave_STOPF)
    __arm_cp.37_0                            0x080022c4   Number         4  py32f0xx_hal_i2c.o(.text.I2C_Slave_STOPF)
    I2C_WaitOnBTFFlagUntilTimeout            0x080022c9   Thumb Code   104  py32f0xx_hal_i2c.o(.text.I2C_WaitOnBTFFlagUntilTimeout)
    [Anonymous Symbol]                       0x080022c8   Section        0  py32f0xx_hal_i2c.o(.text.I2C_WaitOnBTFFlagUntilTimeout)
    I2C_WaitOnFlagUntilTimeout               0x08002331   Thumb Code   154  py32f0xx_hal_i2c.o(.text.I2C_WaitOnFlagUntilTimeout)
    [Anonymous Symbol]                       0x08002330   Section        0  py32f0xx_hal_i2c.o(.text.I2C_WaitOnFlagUntilTimeout)
    I2C_WaitOnMasterAddressFlagUntilTimeout  0x080023cd   Thumb Code   124  py32f0xx_hal_i2c.o(.text.I2C_WaitOnMasterAddressFlagUntilTimeout)
    [Anonymous Symbol]                       0x080023cc   Section        0  py32f0xx_hal_i2c.o(.text.I2C_WaitOnMasterAddressFlagUntilTimeout)
    I2C_WaitOnTXEFlagUntilTimeout            0x08002449   Thumb Code   104  py32f0xx_hal_i2c.o(.text.I2C_WaitOnTXEFlagUntilTimeout)
    [Anonymous Symbol]                       0x08002448   Section        0  py32f0xx_hal_i2c.o(.text.I2C_WaitOnTXEFlagUntilTimeout)
    __arm_cp.6_0                             0x080024b0   Number         4  py32f0xx_hal_i2c.o(.text.I2C_WaitOnTXEFlagUntilTimeout)
    [Anonymous Symbol]                       0x080024b4   Section        0  py32f0xx_it.o(.text.NMI_Handler)
    [Anonymous Symbol]                       0x080024b6   Section        0  py32f0xx_it.o(.text.PendSV_Handler)
    [Anonymous Symbol]                       0x080024b8   Section        0  py32f0xx_it.o(.text.SVC_Handler)
    [Anonymous Symbol]                       0x080024ba   Section        0  py32f0xx_it.o(.text.SysTick_Handler)
    [Anonymous Symbol]                       0x080024c4   Section        0  main.o(.text.SystemClock_Config)
    [Anonymous Symbol]                       0x08002518   Section        0  system_py32f0xx.o(.text.SystemCoreClockUpdate)
    __arm_cp.0_0                             0x0800255c   Number         4  system_py32f0xx.o(.text.SystemCoreClockUpdate)
    __arm_cp.0_1                             0x08002560   Number         4  system_py32f0xx.o(.text.SystemCoreClockUpdate)
    __arm_cp.0_2                             0x08002564   Number         4  system_py32f0xx.o(.text.SystemCoreClockUpdate)
    __arm_cp.0_3                             0x08002568   Number         4  system_py32f0xx.o(.text.SystemCoreClockUpdate)
    __arm_cp.0_4                             0x0800256c   Number         4  system_py32f0xx.o(.text.SystemCoreClockUpdate)
    [Anonymous Symbol]                       0x08002570   Section        0  system_py32f0xx.o(.text.SystemInit)
    __arm_cp.1_0                             0x08002594   Number         4  system_py32f0xx.o(.text.SystemInit)
    __arm_cp.1_1                             0x08002598   Number         4  system_py32f0xx.o(.text.SystemInit)
    __arm_cp.1_2                             0x0800259c   Number         4  system_py32f0xx.o(.text.SystemInit)
    __arm_cp.1_3                             0x080025a0   Number         4  system_py32f0xx.o(.text.SystemInit)
    __arm_cp.1_4                             0x080025a4   Number         4  system_py32f0xx.o(.text.SystemInit)
    [Anonymous Symbol]                       0x080025a8   Section        0  main.o(.text.main)
    __arm_cp.0_0                             0x08002830   Number         4  main.o(.text.main)
    __arm_cp.0_1                             0x08002834   Number         4  main.o(.text.main)
    __arm_cp.0_2                             0x08002838   Number         4  main.o(.text.main)
    __arm_cp.0_3                             0x0800283c   Number         4  main.o(.text.main)
    __arm_cp.0_4                             0x08002840   Number         4  main.o(.text.main)
    __arm_cp.0_5                             0x08002844   Number         4  main.o(.text.main)
    __arm_cp.0_6                             0x08002848   Number         4  main.o(.text.main)
    __arm_cp.0_7                             0x0800284c   Number         4  main.o(.text.main)
    __arm_cp.0_9                             0x0800285c   Number         4  main.o(.text.main)
    __arm_cp.0_11                            0x0800286c   Number         4  main.o(.text.main)
    __arm_cp.0_12                            0x08002870   Number         4  main.o(.text.main)
    __arm_cp.0_13                            0x08002874   Number         4  main.o(.text.main)
    __arm_cp.0_15                            0x08002888   Number         4  main.o(.text.main)
    __arm_cp.0_16                            0x0800288c   Number         4  main.o(.text.main)
    __arm_cp.0_17                            0x08002890   Number         4  main.o(.text.main)
    __arm_cp.0_18                            0x08002894   Number         4  main.o(.text.main)
    __arm_cp.0_20                            0x080028a4   Number         4  main.o(.text.main)
    [Anonymous Symbol]                       0x080028c0   Section        0  ssd1306.o(.text.ssd1306_DrawPixel)
    __arm_cp.3_0                             0x080028fc   Number         4  ssd1306.o(.text.ssd1306_DrawPixel)
    [Anonymous Symbol]                       0x08002900   Section        0  ssd1306.o(.text.ssd1306_Fill)
    __arm_cp.1_0                             0x08002918   Number         4  ssd1306.o(.text.ssd1306_Fill)
    [Anonymous Symbol]                       0x0800291c   Section        0  ssd1306.o(.text.ssd1306_Init)
    __arm_cp.0_0                             0x08002cec   Number         4  ssd1306.o(.text.ssd1306_Init)
    [Anonymous Symbol]                       0x08002cf0   Section        0  ssd1306.o(.text.ssd1306_SetCursor)
    [Anonymous Symbol]                       0x08002cfc   Section        0  ssd1306.o(.text.ssd1306_UpdateScreen)
    __arm_cp.2_0                             0x08002d88   Number         4  ssd1306.o(.text.ssd1306_UpdateScreen)
    [Anonymous Symbol]                       0x08002d8c   Section        0  ssd1306.o(.text.ssd1306_WriteChar)
    __arm_cp.4_0                             0x08002e24   Number         4  ssd1306.o(.text.ssd1306_WriteChar)
    __arm_cp.4_1                             0x08002e28   Number         4  ssd1306.o(.text.ssd1306_WriteChar)
    [Anonymous Symbol]                       0x08002e2c   Section        0  ssd1306.o(.text.ssd1306_WriteString)
    i.__0sprintf                             0x08002e68   Section        0  printfa.o(i.__0sprintf)
    i.__ARM_clz                              0x08002e90   Section        0  depilogue.o(i.__ARM_clz)
    i.__scatterload_copy                     0x08002ebe   Section       14  handlers.o(i.__scatterload_copy)
    i.__scatterload_null                     0x08002ecc   Section        2  handlers.o(i.__scatterload_null)
    i.__scatterload_zeroinit                 0x08002ece   Section       14  handlers.o(i.__scatterload_zeroinit)
    _fp_digits                               0x08002edd   Thumb Code   344  printfa.o(i._fp_digits)
    i._fp_digits                             0x08002edc   Section        0  printfa.o(i._fp_digits)
    _printf_core                             0x08003051   Thumb Code  1754  printfa.o(i._printf_core)
    i._printf_core                           0x08003050   Section        0  printfa.o(i._printf_core)
    _printf_post_padding                     0x0800373d   Thumb Code    32  printfa.o(i._printf_post_padding)
    i._printf_post_padding                   0x0800373c   Section        0  printfa.o(i._printf_post_padding)
    _printf_pre_padding                      0x0800375d   Thumb Code    44  printfa.o(i._printf_pre_padding)
    i._printf_pre_padding                    0x0800375c   Section        0  printfa.o(i._printf_pre_padding)
    _sputc                                   0x08003789   Thumb Code    10  printfa.o(i._sputc)
    i._sputc                                 0x08003788   Section        0  printfa.o(i._sputc)
    Font7x10                                 0x080037f4   Data        1900  fonts.o(.rodata.Font7x10)
    [Anonymous Symbol]                       0x080037f4   Section        0  fonts.o(.rodata.Font7x10)
    SSD1306.0                                0x200000d8   Data           2  ssd1306.o(.bss.SSD1306.0)
    [Anonymous Symbol]                       0x200000d8   Section        0  ssd1306.o(.bss.SSD1306.0)
    SSD1306.1                                0x200000da   Data           2  ssd1306.o(.bss.SSD1306.1)
    [Anonymous Symbol]                       0x200000da   Section        0  ssd1306.o(.bss.SSD1306.1)
    SSD1306.2                                0x200000dc   Data           1  ssd1306.o(.bss.SSD1306.2)
    [Anonymous Symbol]                       0x200000dc   Section        0  ssd1306.o(.bss.SSD1306.2)
    SSD1306_Buffer                           0x200000e0   Data        1024  ssd1306.o(.bss.SSD1306_Buffer)
    [Anonymous Symbol]                       0x200000e0   Section        0  ssd1306.o(.bss.SSD1306_Buffer)
    STACK                                    0x200005a0   Section     1024  startup_py32f002xx.o(STACK)

    Global Symbols

    Symbol Name                              Value     Ov Type        Size  Object(Section)

    BuildAttributes$$THM_ISAv3M$S$PE$A:L22$X:L11$S22$IEEE1$IW$~IW$USESV6$~STKCKD$USESV7$~SHL$OTIME$ROPI$EBA8$MICROLIB$REQ8$PRES8$EABIv2 0x00000000   Number         0  anon$$obj.o ABSOLUTE
    _printf_a                                0x00000000   Number         0  printfstubs.o ABSOLUTE
    _printf_c                                0x00000000   Number         0  printfstubs.o ABSOLUTE
    _printf_charcount                        0x00000000   Number         0  printfstubs.o ABSOLUTE
    _printf_d                                0x00000000   Number         0  printfstubs.o ABSOLUTE
    _printf_e                                0x00000000   Number         0  printfstubs.o ABSOLUTE
    _printf_f                                0x00000000   Number         0  printfstubs.o ABSOLUTE
    _printf_flags                            0x00000000   Number         0  printfstubs.o ABSOLUTE
    _printf_fp_dec                           0x00000000   Number         0  printfstubs.o ABSOLUTE
    _printf_fp_hex                           0x00000000   Number         0  printfstubs.o ABSOLUTE
    _printf_g                                0x00000000   Number         0  printfstubs.o ABSOLUTE
    _printf_i                                0x00000000   Number         0  printfstubs.o ABSOLUTE
    _printf_int_dec                          0x00000000   Number         0  printfstubs.o ABSOLUTE
    _printf_l                                0x00000000   Number         0  printfstubs.o ABSOLUTE
    _printf_lc                               0x00000000   Number         0  printfstubs.o ABSOLUTE
    _printf_ll                               0x00000000   Number         0  printfstubs.o ABSOLUTE
    _printf_lld                              0x00000000   Number         0  printfstubs.o ABSOLUTE
    _printf_lli                              0x00000000   Number         0  printfstubs.o ABSOLUTE
    _printf_llo                              0x00000000   Number         0  printfstubs.o ABSOLUTE
    _printf_llu                              0x00000000   Number         0  printfstubs.o ABSOLUTE
    _printf_llx                              0x00000000   Number         0  printfstubs.o ABSOLUTE
    _printf_longlong_dec                     0x00000000   Number         0  printfstubs.o ABSOLUTE
    _printf_longlong_hex                     0x00000000   Number         0  printfstubs.o ABSOLUTE
    _printf_longlong_oct                     0x00000000   Number         0  printfstubs.o ABSOLUTE
    _printf_ls                               0x00000000   Number         0  printfstubs.o ABSOLUTE
    _printf_mbtowc                           0x00000000   Number         0  printfstubs.o ABSOLUTE
    _printf_n                                0x00000000   Number         0  printfstubs.o ABSOLUTE
    _printf_o                                0x00000000   Number         0  printfstubs.o ABSOLUTE
    _printf_p                                0x00000000   Number         0  printfstubs.o ABSOLUTE
    _printf_percent                          0x00000000   Number         0  printfstubs.o ABSOLUTE
    _printf_pre_padding                      0x00000000   Number         0  printfstubs.o ABSOLUTE
    _printf_return_value                     0x00000000   Number         0  printfstubs.o ABSOLUTE
    _printf_s                                0x00000000   Number         0  printfstubs.o ABSOLUTE
    _printf_sizespec                         0x00000000   Number         0  printfstubs.o ABSOLUTE
    _printf_str                              0x00000000   Number         0  printfstubs.o ABSOLUTE
    _printf_truncate_signed                  0x00000000   Number         0  printfstubs.o ABSOLUTE
    _printf_truncate_unsigned                0x00000000   Number         0  printfstubs.o ABSOLUTE
    _printf_u                                0x00000000   Number         0  printfstubs.o ABSOLUTE
    _printf_wc                               0x00000000   Number         0  printfstubs.o ABSOLUTE
    _printf_wctomb                           0x00000000   Number         0  printfstubs.o ABSOLUTE
    _printf_widthprec                        0x00000000   Number         0  printfstubs.o ABSOLUTE
    _printf_x                                0x00000000   Number         0  printfstubs.o ABSOLUTE
    __cpp_initialize__aeabi_                  - Undefined Weak Reference
    __cxa_finalize                            - Undefined Weak Reference
    __decompress                              - Undefined Weak Reference
    _clock_init                               - Undefined Weak Reference
    _microlib_exit                            - Undefined Weak Reference
    __Vectors_Size                           0x000000c0   Number         0  startup_py32f002xx.o ABSOLUTE
    __Vectors                                0x08000000   Data           4  startup_py32f002xx.o(RESET)
    __Vectors_End                            0x080000c0   Data           0  startup_py32f002xx.o(RESET)
    __main                                   0x080000c1   Thumb Code     0  entry.o(.ARM.Collect$$$$00000000)
    _main_stk                                0x080000c1   Thumb Code     0  entry2.o(.ARM.Collect$$$$00000001)
    _main_scatterload                        0x080000c5   Thumb Code     0  entry5.o(.ARM.Collect$$$$00000004)
    __main_after_scatterload                 0x080000c9   Thumb Code     0  entry5.o(.ARM.Collect$$$$00000004)
    _main_clock                              0x080000c9   Thumb Code     0  entry7b.o(.ARM.Collect$$$$00000008)
    _main_cpp_init                           0x080000c9   Thumb Code     0  entry8b.o(.ARM.Collect$$$$0000000A)
    _main_init                               0x080000c9   Thumb Code     0  entry9a.o(.ARM.Collect$$$$0000000B)
    __rt_final_cpp                           0x080000d1   Thumb Code     0  entry10a.o(.ARM.Collect$$$$0000000D)
    __rt_final_exit                          0x080000d1   Thumb Code     0  entry11a.o(.ARM.Collect$$$$0000000F)
    Reset_Handler                            0x080000d5   Thumb Code     8  startup_py32f002xx.o(.text)
    ADC_COMP_IRQHandler                      0x080000e7   Thumb Code     0  startup_py32f002xx.o(.text)
    EXTI2_3_IRQHandler                       0x080000e7   Thumb Code     0  startup_py32f002xx.o(.text)
    EXTI4_15_IRQHandler                      0x080000e7   Thumb Code     0  startup_py32f002xx.o(.text)
    FLASH_IRQHandler                         0x080000e7   Thumb Code     0  startup_py32f002xx.o(.text)
    LPTIM1_IRQHandler                        0x080000e7   Thumb Code     0  startup_py32f002xx.o(.text)
    RCC_IRQHandler                           0x080000e7   Thumb Code     0  startup_py32f002xx.o(.text)
    SPI1_IRQHandler                          0x080000e7   Thumb Code     0  startup_py32f002xx.o(.text)
    TIM16_IRQHandler                         0x080000e7   Thumb Code     0  startup_py32f002xx.o(.text)
    TIM1_BRK_UP_TRG_COM_IRQHandler           0x080000e7   Thumb Code     0  startup_py32f002xx.o(.text)
    TIM1_CC_IRQHandler                       0x080000e7   Thumb Code     0  startup_py32f002xx.o(.text)
    USART1_IRQHandler                        0x080000e7   Thumb Code     0  startup_py32f002xx.o(.text)
    __aeabi_memset                           0x080000f1   Thumb Code    14  memseta.o(.text)
    __aeabi_memset4                          0x080000f1   Thumb Code     0  memseta.o(.text)
    __aeabi_memset8                          0x080000f1   Thumb Code     0  memseta.o(.text)
    __aeabi_memclr                           0x080000ff   Thumb Code     4  memseta.o(.text)
    __aeabi_memclr4                          0x080000ff   Thumb Code     0  memseta.o(.text)
    __aeabi_memclr8                          0x080000ff   Thumb Code     0  memseta.o(.text)
    _memset$wrapper                          0x08000103   Thumb Code    18  memseta.o(.text)
    __aeabi_fmul                             0x08000115   Thumb Code   122  fmul.o(.text)
    __aeabi_fdiv                             0x0800018f   Thumb Code   124  fdiv.o(.text)
    __aeabi_ui2f                             0x0800020b   Thumb Code    14  ffltui.o(.text)
    __aeabi_f2iz                             0x08000219   Thumb Code    50  ffixi.o(.text)
    __aeabi_f2d                              0x0800024b   Thumb Code    40  f2d.o(.text)
    __aeabi_uidiv                            0x08000273   Thumb Code     0  uidiv_div0.o(.text)
    __aeabi_uidivmod                         0x08000273   Thumb Code    62  uidiv_div0.o(.text)
    __aeabi_uldivmod                         0x080002b1   Thumb Code    96  uldiv.o(.text)
    __I$use$fp                               0x08000311   Thumb Code     0  iusefp.o(.text)
    _float_round                             0x08000311   Thumb Code    16  fepilogue.o(.text)
    _float_epilogue                          0x08000321   Thumb Code   114  fepilogue.o(.text)
    __aeabi_dadd                             0x08000395   Thumb Code   328  dadd.o(.text)
    __aeabi_dsub                             0x080004dd   Thumb Code    12  dadd.o(.text)
    __aeabi_drsub                            0x080004e9   Thumb Code    12  dadd.o(.text)
    __aeabi_dmul                             0x080004f9   Thumb Code   202  dmul.o(.text)
    __aeabi_ddiv                             0x080005c9   Thumb Code   234  ddiv.o(.text)
    __aeabi_d2ulz                            0x080006b9   Thumb Code    54  dfixul.o(.text)
    __aeabi_cdrcmple                         0x080006f9   Thumb Code    38  cdrcmple.o(.text)
    __scatterload                            0x08000721   Thumb Code    38  init.o(.text)
    __scatterload_rt2                        0x08000721   Thumb Code     0  init.o(.text)
    __aeabi_llsl                             0x08000751   Thumb Code    32  llshl.o(.text)
    _ll_shift_l                              0x08000751   Thumb Code     0  llshl.o(.text)
    __aeabi_llsr                             0x08000771   Thumb Code    34  llushr.o(.text)
    _ll_ushift_r                             0x08000771   Thumb Code     0  llushr.o(.text)
    __aeabi_lasr                             0x08000793   Thumb Code    38  llsshr.o(.text)
    _ll_sshift_r                             0x08000793   Thumb Code     0  llsshr.o(.text)
    _double_round                            0x080007b9   Thumb Code    26  depilogue.o(.text)
    _double_epilogue                         0x080007d3   Thumb Code   164  depilogue.o(.text)
    main                                     0x08000879   Thumb Code    36  system_py32f0xx.o(.text.$Sub$$main)
    APP_ErrorHandler                         0x08000999   Thumb Code    28  main.o(.text.APP_ErrorHandler)
    EXTI0_1_IRQHandler                       0x080009b9   Thumb Code    24  py32f0xx_it.o(.text.EXTI0_1_IRQHandler)
    HAL_ADC_Calibration_Start                0x080009d9   Thumb Code   118  py32f0xx_hal_adc.o(.text.HAL_ADC_Calibration_Start)
    HAL_ADC_ConfigChannel                    0x08000a51   Thumb Code   232  py32f0xx_hal_adc.o(.text.HAL_ADC_ConfigChannel)
    HAL_ADC_GetValue                         0x08000b51   Thumb Code     6  py32f0xx_hal_adc.o(.text.HAL_ADC_GetValue)
    HAL_ADC_Init                             0x08000b59   Thumb Code   284  py32f0xx_hal_adc.o(.text.HAL_ADC_Init)
    HAL_ADC_MspInit                          0x08000c7d   Thumb Code    76  py32f0xx_hal_msp.o(.text.HAL_ADC_MspInit)
    HAL_ADC_PollForConversion                0x08000cd1   Thumb Code   176  py32f0xx_hal_adc.o(.text.HAL_ADC_PollForConversion)
    HAL_ADC_Start                            0x08000d81   Thumb Code    80  py32f0xx_hal_adc.o(.text.HAL_ADC_Start)
    HAL_ADC_Stop                             0x08000dd5   Thumb Code    66  py32f0xx_hal_adc.o(.text.HAL_ADC_Stop)
    HAL_Delay                                0x08000e19   Thumb Code    32  py32f0xx_hal.o(.text.HAL_Delay)
    HAL_GPIO_Init                            0x08000e3d   Thumb Code   336  py32f0xx_hal_gpio.o(.text.HAL_GPIO_Init)
    HAL_GPIO_TogglePin                       0x08000f9d   Thumb Code    16  py32f0xx_hal_gpio.o(.text.HAL_GPIO_TogglePin)
    HAL_GPIO_WritePin                        0x08000fad   Thumb Code    14  py32f0xx_hal_gpio.o(.text.HAL_GPIO_WritePin)
    HAL_GetTick                              0x08000fbd   Thumb Code     8  py32f0xx_hal.o(.text.HAL_GetTick)
    HAL_I2C_AbortCpltCallback                0x08000fc9   Thumb Code     2  py32f0xx_hal_i2c.o(.text.HAL_I2C_AbortCpltCallback)
    HAL_I2C_AddrCallback                     0x08000fcb   Thumb Code     2  py32f0xx_hal_i2c.o(.text.HAL_I2C_AddrCallback)
    HAL_I2C_ErrorCallback                    0x08000fcd   Thumb Code     2  py32f0xx_hal_i2c.o(.text.HAL_I2C_ErrorCallback)
    HAL_I2C_IRQHandler                       0x08000fd1   Thumb Code   720  py32f0xx_hal_i2c.o(.text.HAL_I2C_IRQHandler)
    HAL_I2C_Init                             0x080012b1   Thumb Code   288  py32f0xx_hal_i2c.o(.text.HAL_I2C_Init)
    HAL_I2C_ListenCpltCallback               0x080013ed   Thumb Code     2  py32f0xx_hal_i2c.o(.text.HAL_I2C_ListenCpltCallback)
    HAL_I2C_MasterRxCpltCallback             0x080013ef   Thumb Code     2  py32f0xx_hal_i2c.o(.text.HAL_I2C_MasterRxCpltCallback)
    HAL_I2C_MasterTxCpltCallback             0x080013f1   Thumb Code     2  py32f0xx_hal_i2c.o(.text.HAL_I2C_MasterTxCpltCallback)
    HAL_I2C_MemRxCpltCallback                0x080013f3   Thumb Code     2  py32f0xx_hal_i2c.o(.text.HAL_I2C_MemRxCpltCallback)
    HAL_I2C_MemTxCpltCallback                0x080013f5   Thumb Code     2  py32f0xx_hal_i2c.o(.text.HAL_I2C_MemTxCpltCallback)
    HAL_I2C_Mem_Write                        0x080013f9   Thumb Code   448  py32f0xx_hal_i2c.o(.text.HAL_I2C_Mem_Write)
    HAL_I2C_MspInit                          0x080015c5   Thumb Code    96  py32f0xx_hal_msp.o(.text.HAL_I2C_MspInit)
    HAL_I2C_SlaveRxCpltCallback              0x0800162d   Thumb Code     2  py32f0xx_hal_i2c.o(.text.HAL_I2C_SlaveRxCpltCallback)
    HAL_I2C_SlaveTxCpltCallback              0x0800162f   Thumb Code     2  py32f0xx_hal_i2c.o(.text.HAL_I2C_SlaveTxCpltCallback)
    HAL_IncTick                              0x08001631   Thumb Code    16  py32f0xx_hal.o(.text.HAL_IncTick)
    HAL_Init                                 0x08001645   Thumb Code    24  py32f0xx_hal.o(.text.HAL_Init)
    HAL_InitTick                             0x0800165d   Thumb Code    64  py32f0xx_hal.o(.text.HAL_InitTick)
    HAL_MspInit                              0x080016a1   Thumb Code    40  py32f0xx_hal_msp.o(.text.HAL_MspInit)
    HAL_NVIC_DisableIRQ                      0x080016cd   Thumb Code    16  py32f0xx_hal_cortex.o(.text.HAL_NVIC_DisableIRQ)
    HAL_NVIC_EnableIRQ                       0x080016e1   Thumb Code    16  py32f0xx_hal_cortex.o(.text.HAL_NVIC_EnableIRQ)
    HAL_NVIC_SetPriority                     0x080016f5   Thumb Code    48  py32f0xx_hal_cortex.o(.text.HAL_NVIC_SetPriority)
    HAL_RCC_ClockConfig                      0x0800172d   Thumb Code   312  py32f0xx_hal_rcc.o(.text.HAL_RCC_ClockConfig)
    HAL_RCC_GetPCLK1Freq                     0x08001871   Thumb Code    28  py32f0xx_hal_rcc.o(.text.HAL_RCC_GetPCLK1Freq)
    HAL_RCC_GetSysClockFreq                  0x08001899   Thumb Code    68  py32f0xx_hal_rcc.o(.text.HAL_RCC_GetSysClockFreq)
    HAL_RCC_OscConfig                        0x080018f9   Thumb Code   576  py32f0xx_hal_rcc.o(.text.HAL_RCC_OscConfig)
    HAL_SYSTICK_Config                       0x08001b4d   Thumb Code    40  py32f0xx_hal_cortex.o(.text.HAL_SYSTICK_Config)
    HardFault_Handler                        0x08001b81   Thumb Code     2  py32f0xx_it.o(.text.HardFault_Handler)
    I2C1_IRQHandler                          0x08001b85   Thumb Code    12  py32f0xx_it.o(.text.I2C1_IRQHandler)
    NMI_Handler                              0x080024b5   Thumb Code     2  py32f0xx_it.o(.text.NMI_Handler)
    PendSV_Handler                           0x080024b7   Thumb Code     2  py32f0xx_it.o(.text.PendSV_Handler)
    SVC_Handler                              0x080024b9   Thumb Code     2  py32f0xx_it.o(.text.SVC_Handler)
    SysTick_Handler                          0x080024bb   Thumb Code     8  py32f0xx_it.o(.text.SysTick_Handler)
    SystemClock_Config                       0x080024c5   Thumb Code    84  main.o(.text.SystemClock_Config)
    SystemCoreClockUpdate                    0x08002519   Thumb Code    68  system_py32f0xx.o(.text.SystemCoreClockUpdate)
    SystemInit                               0x08002571   Thumb Code    36  system_py32f0xx.o(.text.SystemInit)
    $Super$$main                             0x080025a9   Thumb Code   648  main.o(.text.main)
    ssd1306_DrawPixel                        0x080028c1   Thumb Code    60  ssd1306.o(.text.ssd1306_DrawPixel)
    ssd1306_Fill                             0x08002901   Thumb Code    24  ssd1306.o(.text.ssd1306_Fill)
    ssd1306_Init                             0x0800291d   Thumb Code   976  ssd1306.o(.text.ssd1306_Init)
    ssd1306_SetCursor                        0x08002cf1   Thumb Code    12  ssd1306.o(.text.ssd1306_SetCursor)
    ssd1306_UpdateScreen                     0x08002cfd   Thumb Code   140  ssd1306.o(.text.ssd1306_UpdateScreen)
    ssd1306_WriteChar                        0x08002d8d   Thumb Code   152  ssd1306.o(.text.ssd1306_WriteChar)
    ssd1306_WriteString                      0x08002e2d   Thumb Code    60  ssd1306.o(.text.ssd1306_WriteString)
    __0sprintf                               0x08002e69   Thumb Code    36  printfa.o(i.__0sprintf)
    __1sprintf                               0x08002e69   Thumb Code     0  printfa.o(i.__0sprintf)
    __2sprintf                               0x08002e69   Thumb Code     0  printfa.o(i.__0sprintf)
    __c89sprintf                             0x08002e69   Thumb Code     0  printfa.o(i.__0sprintf)
    sprintf                                  0x08002e69   Thumb Code     0  printfa.o(i.__0sprintf)
    __ARM_clz                                0x08002e91   Thumb Code    46  depilogue.o(i.__ARM_clz)
    __scatterload_copy                       0x08002ebf   Thumb Code    14  handlers.o(i.__scatterload_copy)
    __scatterload_null                       0x08002ecd   Thumb Code     2  handlers.o(i.__scatterload_null)
    __scatterload_zeroinit                   0x08002ecf   Thumb Code    14  handlers.o(i.__scatterload_zeroinit)
    AHBPrescTable                            0x08003794   Data          64  system_py32f0xx.o(.rodata.AHBPrescTable)
    APBPrescTable                            0x080037d4   Data          32  system_py32f0xx.o(.rodata.APBPrescTable)
    HSIFreqTable                             0x08003f60   Data          32  system_py32f0xx.o(.rodata.HSIFreqTable)
    Region$$Table$$Base                      0x08003f80   Number         0  anon$$obj.o(Region$$Table)
    Region$$Table$$Limit                     0x08003fa0   Number         0  anon$$obj.o(Region$$Table)
    VECT_SRAM_TAB                            0x20000000   Data         192  system_py32f0xx.o(.ARM.__at_0x20000000)
    Font_7x10                                0x200000c0   Data           8  fonts.o(.data.Font_7x10)
    SystemCoreClock                          0x200000c8   Data           4  system_py32f0xx.o(.data.SystemCoreClock)
    uwTickFreq                               0x200000cc   Data           4  py32f0xx_hal.o(.data.uwTickFreq)
    uwTickPrio                               0x200000d0   Data           4  py32f0xx_hal.o(.data.uwTickPrio)
    bar_graph_str                            0x200004e0   Data          17  main.o(.bss.bar_graph_str)
    g_rpm_pulse_count                        0x200004f4   Data           4  main.o(.bss.g_rpm_pulse_count)
    hadc1                                    0x200004f8   Data          56  main.o(.bss.hadc1)
    hi2c1                                    0x20000530   Data          64  main.o(.bss.hi2c1)
    pressure_str                             0x20000570   Data          20  main.o(.bss.pressure_str)
    rpm_str                                  0x20000584   Data          20  main.o(.bss.rpm_str)
    uwTick                                   0x20000598   Data           4  py32f0xx_hal.o(.bss.uwTick)
    __initial_sp                             0x200009a0   Data           0  startup_py32f002xx.o(STACK)



==============================================================================

Memory Map of the image

  Image Entry point : 0x080000c1

  Load Region LR_IROM1 (Base: 0x08000000, Size: 0x00004078, Max: 0x00005000, ABSOLUTE)

    Execution Region ER_IROM1 (Exec base: 0x08000000, Load base: 0x08000000, Size: 0x00003fa0, Max: 0x00005000, ABSOLUTE)

    Exec Addr    Load Addr    Size         Type   Attr      Idx    E Section Name        Object

    0x08000000   0x08000000   0x000000c0   Data   RO           22    RESET               startup_py32f002xx.o
    0x080000c0   0x080000c0   0x00000000   Code   RO          600  * .ARM.Collect$$$$00000000  mc_p.l(entry.o)
    0x080000c0   0x080000c0   0x00000004   Code   RO          880    .ARM.Collect$$$$00000001  mc_p.l(entry2.o)
    0x080000c4   0x080000c4   0x00000004   Code   RO          883    .ARM.Collect$$$$00000004  mc_p.l(entry5.o)
    0x080000c8   0x080000c8   0x00000000   Code   RO          885    .ARM.Collect$$$$00000008  mc_p.l(entry7b.o)
    0x080000c8   0x080000c8   0x00000000   Code   RO          887    .ARM.Collect$$$$0000000A  mc_p.l(entry8b.o)
    0x080000c8   0x080000c8   0x00000008   Code   RO          888    .ARM.Collect$$$$0000000B  mc_p.l(entry9a.o)
    0x080000d0   0x080000d0   0x00000000   Code   RO          890    .ARM.Collect$$$$0000000D  mc_p.l(entry10a.o)
    0x080000d0   0x080000d0   0x00000000   Code   RO          892    .ARM.Collect$$$$0000000F  mc_p.l(entry11a.o)
    0x080000d0   0x080000d0   0x00000004   Code   RO          881    .ARM.Collect$$$$00002712  mc_p.l(entry2.o)
    0x080000d4   0x080000d4   0x0000001c   Code   RO           23    .text               startup_py32f002xx.o
    0x080000f0   0x080000f0   0x00000024   Code   RO          607    .text               mc_p.l(memseta.o)
    0x08000114   0x08000114   0x0000007a   Code   RO          870    .text               mf_p.l(fmul.o)
    0x0800018e   0x0800018e   0x0000007c   Code   RO          872    .text               mf_p.l(fdiv.o)
    0x0800020a   0x0800020a   0x0000000e   Code   RO          874    .text               mf_p.l(ffltui.o)
    0x08000218   0x08000218   0x00000032   Code   RO          876    .text               mf_p.l(ffixi.o)
    0x0800024a   0x0800024a   0x00000028   Code   RO          878    .text               mf_p.l(f2d.o)
    0x08000272   0x08000272   0x0000003e   Code   RO          897    .text               mc_p.l(uidiv_div0.o)
    0x080002b0   0x080002b0   0x00000060   Code   RO          903    .text               mc_p.l(uldiv.o)
    0x08000310   0x08000310   0x00000000   Code   RO          905    .text               mc_p.l(iusefp.o)
    0x08000310   0x08000310   0x00000082   Code   RO          906    .text               mf_p.l(fepilogue.o)
    0x08000392   0x08000392   0x00000002   PAD
    0x08000394   0x08000394   0x00000164   Code   RO          908    .text               mf_p.l(dadd.o)
    0x080004f8   0x080004f8   0x000000d0   Code   RO          910    .text               mf_p.l(dmul.o)
    0x080005c8   0x080005c8   0x000000f0   Code   RO          912    .text               mf_p.l(ddiv.o)
    0x080006b8   0x080006b8   0x00000040   Code   RO          914    .text               mf_p.l(dfixul.o)
    0x080006f8   0x080006f8   0x00000028   Code   RO          916    .text               mf_p.l(cdrcmple.o)
    0x08000720   0x08000720   0x00000030   Code   RO          918    .text               mc_p.l(init.o)
    0x08000750   0x08000750   0x00000020   Code   RO          920    .text               mc_p.l(llshl.o)
    0x08000770   0x08000770   0x00000022   Code   RO          922    .text               mc_p.l(llushr.o)
    0x08000792   0x08000792   0x00000026   Code   RO          924    .text               mc_p.l(llsshr.o)
    0x080007b8   0x080007b8   0x000000be   Code   RO          926    .text               mf_p.l(depilogue.o)
    0x08000876   0x08000876   0x00000002   PAD
    0x08000878   0x08000878   0x0000002c   Code   RO            6    .text.$Sub$$main    system_py32f0xx.o
    0x080008a4   0x080008a4   0x0000004e   Code   RO          547    .text.ADC_ConversionStop  py32f0xx_hal_adc.o
    0x080008f2   0x080008f2   0x00000050   Code   RO          549    .text.ADC_Disable   py32f0xx_hal_adc.o
    0x08000942   0x08000942   0x00000002   PAD
    0x08000944   0x08000944   0x00000054   Code   RO          555    .text.ADC_Enable    py32f0xx_hal_adc.o
    0x08000998   0x08000998   0x00000020   Code   RO           34    .text.APP_ErrorHandler  main.o
    0x080009b8   0x080009b8   0x00000020   Code   RO           81    .text.EXTI0_1_IRQHandler  py32f0xx_it.o
    0x080009d8   0x080009d8   0x00000076   Code   RO          591    .text.HAL_ADC_Calibration_Start  py32f0xx_hal_adc.o
    0x08000a4e   0x08000a4e   0x00000002   PAD
    0x08000a50   0x08000a50   0x00000100   Code   RO          579    .text.HAL_ADC_ConfigChannel  py32f0xx_hal_adc.o
    0x08000b50   0x08000b50   0x00000006   Code   RO          567    .text.HAL_ADC_GetValue  py32f0xx_hal_adc.o
    0x08000b56   0x08000b56   0x00000002   PAD
    0x08000b58   0x08000b58   0x00000124   Code   RO          541    .text.HAL_ADC_Init  py32f0xx_hal_adc.o
    0x08000c7c   0x08000c7c   0x00000054   Code   RO           57    .text.HAL_ADC_MspInit  py32f0xx_hal_msp.o
    0x08000cd0   0x08000cd0   0x000000b0   Code   RO          559    .text.HAL_ADC_PollForConversion  py32f0xx_hal_adc.o
    0x08000d80   0x08000d80   0x00000054   Code   RO          553    .text.HAL_ADC_Start  py32f0xx_hal_adc.o
    0x08000dd4   0x08000dd4   0x00000042   Code   RO          557    .text.HAL_ADC_Stop  py32f0xx_hal_adc.o
    0x08000e16   0x08000e16   0x00000002   PAD
    0x08000e18   0x08000e18   0x00000024   Code   RO          187    .text.HAL_Delay     py32f0xx_hal.o
    0x08000e3c   0x08000e3c   0x00000160   Code   RO          252    .text.HAL_GPIO_Init  py32f0xx_hal_gpio.o
    0x08000f9c   0x08000f9c   0x00000010   Code   RO          260    .text.HAL_GPIO_TogglePin  py32f0xx_hal_gpio.o
    0x08000fac   0x08000fac   0x0000000e   Code   RO          258    .text.HAL_GPIO_WritePin  py32f0xx_hal_gpio.o
    0x08000fba   0x08000fba   0x00000002   PAD
    0x08000fbc   0x08000fbc   0x0000000c   Code   RO          179    .text.HAL_GetTick   py32f0xx_hal.o
    0x08000fc8   0x08000fc8   0x00000002   Code   RO          522    .text.HAL_I2C_AbortCpltCallback  py32f0xx_hal_i2c.o
    0x08000fca   0x08000fca   0x00000002   Code   RO          512    .text.HAL_I2C_AddrCallback  py32f0xx_hal_i2c.o
    0x08000fcc   0x08000fcc   0x00000002   Code   RO          520    .text.HAL_I2C_ErrorCallback  py32f0xx_hal_i2c.o
    0x08000fce   0x08000fce   0x00000002   PAD
    0x08000fd0   0x08000fd0   0x000002e0   Code   RO          502    .text.HAL_I2C_IRQHandler  py32f0xx_hal_i2c.o
    0x080012b0   0x080012b0   0x0000013c   Code   RO          418    .text.HAL_I2C_Init  py32f0xx_hal_i2c.o
    0x080013ec   0x080013ec   0x00000002   Code   RO          514    .text.HAL_I2C_ListenCpltCallback  py32f0xx_hal_i2c.o
    0x080013ee   0x080013ee   0x00000002   Code   RO          506    .text.HAL_I2C_MasterRxCpltCallback  py32f0xx_hal_i2c.o
    0x080013f0   0x080013f0   0x00000002   Code   RO          504    .text.HAL_I2C_MasterTxCpltCallback  py32f0xx_hal_i2c.o
    0x080013f2   0x080013f2   0x00000002   Code   RO          518    .text.HAL_I2C_MemRxCpltCallback  py32f0xx_hal_i2c.o
    0x080013f4   0x080013f4   0x00000002   Code   RO          516    .text.HAL_I2C_MemTxCpltCallback  py32f0xx_hal_i2c.o
    0x080013f6   0x080013f6   0x00000002   PAD
    0x080013f8   0x080013f8   0x000001cc   Code   RO          450    .text.HAL_I2C_Mem_Write  py32f0xx_hal_i2c.o
    0x080015c4   0x080015c4   0x00000068   Code   RO           53    .text.HAL_I2C_MspInit  py32f0xx_hal_msp.o
    0x0800162c   0x0800162c   0x00000002   Code   RO          510    .text.HAL_I2C_SlaveRxCpltCallback  py32f0xx_hal_i2c.o
    0x0800162e   0x0800162e   0x00000002   Code   RO          508    .text.HAL_I2C_SlaveTxCpltCallback  py32f0xx_hal_i2c.o
    0x08001630   0x08001630   0x00000014   Code   RO          177    .text.HAL_IncTick   py32f0xx_hal.o
    0x08001644   0x08001644   0x00000018   Code   RO          167    .text.HAL_Init      py32f0xx_hal.o
    0x0800165c   0x0800165c   0x00000044   Code   RO          169    .text.HAL_InitTick  py32f0xx_hal.o
    0x080016a0   0x080016a0   0x0000002c   Code   RO           51    .text.HAL_MspInit   py32f0xx_hal_msp.o
    0x080016cc   0x080016cc   0x00000014   Code   RO          390    .text.HAL_NVIC_DisableIRQ  py32f0xx_hal_cortex.o
    0x080016e0   0x080016e0   0x00000014   Code   RO          388    .text.HAL_NVIC_EnableIRQ  py32f0xx_hal_cortex.o
    0x080016f4   0x080016f4   0x00000038   Code   RO          386    .text.HAL_NVIC_SetPriority  py32f0xx_hal_cortex.o
    0x0800172c   0x0800172c   0x00000144   Code   RO          226    .text.HAL_RCC_ClockConfig  py32f0xx_hal_rcc.o
    0x08001870   0x08001870   0x00000028   Code   RO          232    .text.HAL_RCC_GetPCLK1Freq  py32f0xx_hal_rcc.o
    0x08001898   0x08001898   0x00000060   Code   RO          224    .text.HAL_RCC_GetSysClockFreq  py32f0xx_hal_rcc.o
    0x080018f8   0x080018f8   0x00000254   Code   RO          222    .text.HAL_RCC_OscConfig  py32f0xx_hal_rcc.o
    0x08001b4c   0x08001b4c   0x00000034   Code   RO          394    .text.HAL_SYSTICK_Config  py32f0xx_hal_cortex.o
    0x08001b80   0x08001b80   0x00000002   Code   RO           71    .text.HardFault_Handler  py32f0xx_it.o
    0x08001b82   0x08001b82   0x00000002   PAD
    0x08001b84   0x08001b84   0x00000010   Code   RO           79    .text.I2C1_IRQHandler  py32f0xx_it.o
    0x08001b94   0x08001b94   0x000000c0   Code   RO          474    .text.I2C_ITError   py32f0xx_hal_i2c.o
    0x08001c54   0x08001c54   0x000000e8   Code   RO          488    .text.I2C_MasterReceive_BTF  py32f0xx_hal_i2c.o
    0x08001d3c   0x08001d3c   0x0000008e   Code   RO          486    .text.I2C_MasterReceive_RXNE  py32f0xx_hal_i2c.o
    0x08001dca   0x08001dca   0x00000002   PAD
    0x08001dcc   0x08001dcc   0x00000084   Code   RO          484    .text.I2C_MasterTransmit_BTF  py32f0xx_hal_i2c.o
    0x08001e50   0x08001e50   0x00000108   Code   RO          482    .text.I2C_MasterTransmit_TXE  py32f0xx_hal_i2c.o
    0x08001f58   0x08001f58   0x0000012c   Code   RO          480    .text.I2C_Master_ADDR  py32f0xx_hal_i2c.o
    0x08002084   0x08002084   0x00000024   Code   RO          478    .text.I2C_Master_SB  py32f0xx_hal_i2c.o
    0x080020a8   0x080020a8   0x00000048   Code   RO          496    .text.I2C_SlaveReceive_RXNE  py32f0xx_hal_i2c.o
    0x080020f0   0x080020f0   0x00000044   Code   RO          494    .text.I2C_SlaveTransmit_TXE  py32f0xx_hal_i2c.o
    0x08002134   0x08002134   0x0000003c   Code   RO          490    .text.I2C_Slave_ADDR  py32f0xx_hal_i2c.o
    0x08002170   0x08002170   0x00000084   Code   RO          500    .text.I2C_Slave_AF  py32f0xx_hal_i2c.o
    0x080021f4   0x080021f4   0x000000d4   Code   RO          492    .text.I2C_Slave_STOPF  py32f0xx_hal_i2c.o
    0x080022c8   0x080022c8   0x00000068   Code   RO          432    .text.I2C_WaitOnBTFFlagUntilTimeout  py32f0xx_hal_i2c.o
    0x08002330   0x08002330   0x0000009a   Code   RO          428    .text.I2C_WaitOnFlagUntilTimeout  py32f0xx_hal_i2c.o
    0x080023ca   0x080023ca   0x00000002   PAD
    0x080023cc   0x080023cc   0x0000007c   Code   RO          530    .text.I2C_WaitOnMasterAddressFlagUntilTimeout  py32f0xx_hal_i2c.o
    0x08002448   0x08002448   0x0000006c   Code   RO          430    .text.I2C_WaitOnTXEFlagUntilTimeout  py32f0xx_hal_i2c.o
    0x080024b4   0x080024b4   0x00000002   Code   RO           69    .text.NMI_Handler   py32f0xx_it.o
    0x080024b6   0x080024b6   0x00000002   Code   RO           75    .text.PendSV_Handler  py32f0xx_it.o
    0x080024b8   0x080024b8   0x00000002   Code   RO           73    .text.SVC_Handler   py32f0xx_it.o
    0x080024ba   0x080024ba   0x00000008   Code   RO           77    .text.SysTick_Handler  py32f0xx_it.o
    0x080024c2   0x080024c2   0x00000002   PAD
    0x080024c4   0x080024c4   0x00000054   Code   RO           32    .text.SystemClock_Config  main.o
    0x08002518   0x08002518   0x00000058   Code   RO            2    .text.SystemCoreClockUpdate  system_py32f0xx.o
    0x08002570   0x08002570   0x00000038   Code   RO            4    .text.SystemInit    system_py32f0xx.o
    0x080025a8   0x080025a8   0x00000318   Code   RO           30    .text.main          main.o
    0x080028c0   0x080028c0   0x00000040   Code   RO          107    .text.ssd1306_DrawPixel  ssd1306.o
    0x08002900   0x08002900   0x0000001c   Code   RO          103    .text.ssd1306_Fill  ssd1306.o
    0x0800291c   0x0800291c   0x000003d4   Code   RO          101    .text.ssd1306_Init  ssd1306.o
    0x08002cf0   0x08002cf0   0x0000000c   Code   RO          115    .text.ssd1306_SetCursor  ssd1306.o
    0x08002cfc   0x08002cfc   0x00000090   Code   RO          105    .text.ssd1306_UpdateScreen  ssd1306.o
    0x08002d8c   0x08002d8c   0x000000a0   Code   RO          109    .text.ssd1306_WriteChar  ssd1306.o
    0x08002e2c   0x08002e2c   0x0000003c   Code   RO          111    .text.ssd1306_WriteString  ssd1306.o
    0x08002e68   0x08002e68   0x00000028   Code   RO          844    i.__0sprintf        mc_p.l(printfa.o)
    0x08002e90   0x08002e90   0x0000002e   Code   RO          928    i.__ARM_clz         mf_p.l(depilogue.o)
    0x08002ebe   0x08002ebe   0x0000000e   Code   RO          932    i.__scatterload_copy  mc_p.l(handlers.o)
    0x08002ecc   0x08002ecc   0x00000002   Code   RO          933    i.__scatterload_null  mc_p.l(handlers.o)
    0x08002ece   0x08002ece   0x0000000e   Code   RO          934    i.__scatterload_zeroinit  mc_p.l(handlers.o)
    0x08002edc   0x08002edc   0x00000174   Code   RO          849    i._fp_digits        mc_p.l(printfa.o)
    0x08003050   0x08003050   0x000006ec   Code   RO          850    i._printf_core      mc_p.l(printfa.o)
    0x0800373c   0x0800373c   0x00000020   Code   RO          851    i._printf_post_padding  mc_p.l(printfa.o)
    0x0800375c   0x0800375c   0x0000002c   Code   RO          852    i._printf_pre_padding  mc_p.l(printfa.o)
    0x08003788   0x08003788   0x0000000a   Code   RO          854    i._sputc            mc_p.l(printfa.o)
    0x08003792   0x08003792   0x00000002   PAD
    0x08003794   0x08003794   0x00000040   Data   RO            9    .rodata.AHBPrescTable  system_py32f0xx.o
    0x080037d4   0x080037d4   0x00000020   Data   RO           10    .rodata.APBPrescTable  system_py32f0xx.o
    0x080037f4   0x080037f4   0x0000076c   Data   RO           90    .rodata.Font7x10    fonts.o
    0x08003f60   0x08003f60   0x00000020   Data   RO           11    .rodata.HSIFreqTable  system_py32f0xx.o
    0x08003f80   0x08003f80   0x00000020   Data   RO          931    Region$$Table       anon$$obj.o


    Execution Region RW_IRAM1 (Exec base: 0x20000000, Load base: 0x08003fa0, Size: 0x000009a0, Max: 0x00000c00, ABSOLUTE)

    Exec Addr    Load Addr    Size         Type   Attr      Idx    E Section Name        Object

    0x20000000   0x08003fa0   0x000000c0   Data   RW           12    .ARM.__at_0x20000000  system_py32f0xx.o
    0x200000c0   0x08004060   0x00000008   Data   RW           91    .data.Font_7x10     fonts.o
    0x200000c8   0x08004068   0x00000004   Data   RW            8    .data.SystemCoreClock  system_py32f0xx.o
    0x200000cc   0x0800406c   0x00000004   Data   RW          210    .data.uwTickFreq    py32f0xx_hal.o
    0x200000d0   0x08004070   0x00000004   Data   RW          209    .data.uwTickPrio    py32f0xx_hal.o
    0x200000d4   0x08004074   0x00000004   PAD
    0x200000d8        -       0x00000002   Zero   RW          117    .bss.SSD1306.0      ssd1306.o
    0x200000da        -       0x00000002   Zero   RW          118    .bss.SSD1306.1      ssd1306.o
    0x200000dc        -       0x00000001   Zero   RW          119    .bss.SSD1306.2      ssd1306.o
    0x200000dd   0x08004074   0x00000003   PAD
    0x200000e0        -       0x00000400   Zero   RW          120    .bss.SSD1306_Buffer  ssd1306.o
    0x200004e0        -       0x00000011   Zero   RW           41    .bss.bar_graph_str  main.o
    0x200004f1   0x08004074   0x00000003   PAD
    0x200004f4        -       0x00000004   Zero   RW           36    .bss.g_rpm_pulse_count  main.o
    0x200004f8        -       0x00000038   Zero   RW           40    .bss.hadc1          main.o
    0x20000530        -       0x00000040   Zero   RW           37    .bss.hi2c1          main.o
    0x20000570        -       0x00000014   Zero   RW           39    .bss.pressure_str   main.o
    0x20000584        -       0x00000014   Zero   RW           38    .bss.rpm_str        main.o
    0x20000598        -       0x00000004   Zero   RW          211    .bss.uwTick         py32f0xx_hal.o
    0x2000059c   0x08004074   0x00000004   PAD
    0x200005a0        -       0x00000400   Zero   RW           20    STACK               startup_py32f002xx.o


==============================================================================

Image component sizes


      Code (inc. data)   RO Data    RW Data    ZI Data      Debug   Object Name

         0          0       1900          8          0        898   fonts.o
       908        148          0          0        181       7824   main.o
       160         16          0          8          4       4963   py32f0xx_hal.o
      1240         40          0          0          0      10909   py32f0xx_hal_adc.o
       148         28          0          0          0       5175   py32f0xx_hal_cortex.o
       382         16          0          0          0       4433   py32f0xx_hal_gpio.o
      3864         88          0          0          0      31236   py32f0xx_hal_i2c.o
       232         20          0          0          0       5820   py32f0xx_hal_msp.o
      1056         72          0          0          0       7320   py32f0xx_hal_rcc.o
        64         12          0          0          0       2229   py32f0xx_it.o
      1448         24          0          0       1029       8823   ssd1306.o
        28          8        192          0       1024        672   startup_py32f002xx.o
       188         48        128        196          0       2387   system_py32f0xx.o

    ----------------------------------------------------------------------
      9740        520       2252        212       2252      92689   Object Totals
         0          0         32          0          0          0   (incl. Generated)
        22          0          0          0         14          0   (incl. Padding)

    ----------------------------------------------------------------------

      Code (inc. data)   RO Data    RW Data    ZI Data      Debug   Library Member Name

         0          0          0          0          0          0   entry.o
         0          0          0          0          0          0   entry10a.o
         0          0          0          0          0          0   entry11a.o
         8          4          0          0          0          0   entry2.o
         4          0          0          0          0          0   entry5.o
         0          0          0          0          0          0   entry7b.o
         0          0          0          0          0          0   entry8b.o
         8          4          0          0          0          0   entry9a.o
        30          0          0          0          0          0   handlers.o
        48         10          0          0          0         68   init.o
         0          0          0          0          0          0   iusefp.o
        32          0          0          0          0         68   llshl.o
        38          0          0          0          0         68   llsshr.o
        34          0          0          0          0         68   llushr.o
        36          0          0          0          0        100   memseta.o
      2270         94          0          0          0        472   printfa.o
        62          0          0          0          0         72   uidiv_div0.o
        96          0          0          0          0         84   uldiv.o
        40          2          0          0          0         68   cdrcmple.o
       356          4          0          0          0        140   dadd.o
       240          6          0          0          0         84   ddiv.o
       236          0          0          0          0        216   depilogue.o
        64         10          0          0          0         68   dfixul.o
       208          6          0          0          0         88   dmul.o
        40          0          0          0          0         60   f2d.o
       124          0          0          0          0         72   fdiv.o
       130          0          0          0          0        144   fepilogue.o
        50          0          0          0          0         60   ffixi.o
        14          0          0          0          0         68   ffltui.o
       122          0          0          0          0         72   fmul.o

    ----------------------------------------------------------------------
      4296        140          0          0          0       2140   Library Totals
         6          0          0          0          0          0   (incl. Padding)

    ----------------------------------------------------------------------

      Code (inc. data)   RO Data    RW Data    ZI Data      Debug   Library Name

      2666        112          0          0          0       1000   mc_p.l
      1624         28          0          0          0       1140   mf_p.l

    ----------------------------------------------------------------------
      4296        140          0          0          0       2140   Library Totals

    ----------------------------------------------------------------------

==============================================================================


      Code (inc. data)   RO Data    RW Data    ZI Data      Debug   

     14036        660       2252        212       2252      93717   Grand Totals
     14036        660       2252        212       2252      93717   ELF Image Totals
     14036        660       2252        212          0          0   ROM Totals

==============================================================================

    Total RO  Size (Code + RO Data)                16288 (  15.91kB)
    Total RW  Size (RW Data + ZI Data)              2464 (   2.41kB)
    Total ROM Size (Code + RO Data + RW Data)      16500 (  16.11kB)

==============================================================================

