Component: Arm Compiler for Embedded 6.21 Tool: armlink [5ec1fa00]

==============================================================================

Section Cross References

    system_py32f0xx.o(.text.SystemCoreClockUpdate) refers to system_py32f0xx.o(.rodata.HSIFreqTable) for HSIFreqTable
    system_py32f0xx.o(.text.SystemCoreClockUpdate) refers to system_py32f0xx.o(.data.SystemCoreClock) for SystemCoreClock
    system_py32f0xx.o(.text.SystemCoreClockUpdate) refers to system_py32f0xx.o(.rodata.AHBPrescTable) for AHBPrescTable
    system_py32f0xx.o(.ARM.exidx.text.SystemCoreClockUpdate) refers to system_py32f0xx.o(.text.SystemCoreClockUpdate) for [Anonymous Symbol]
    system_py32f0xx.o(.ARM.exidx.text.SystemInit) refers to system_py32f0xx.o(.text.SystemInit) for [Anonymous Symbol]
    system_py32f0xx.o(.text.$Sub$$main) refers to main.o(.text.main) for $Super$$main
    system_py32f0xx.o(.text.$Sub$$main) refers to system_py32f0xx.o(.ARM.__at_0x20000000) for VECT_SRAM_TAB
    system_py32f0xx.o(.ARM.exidx.text.$Sub$$main) refers to system_py32f0xx.o(.text.$Sub$$main) for [Anonymous Symbol]
    startup_py32f002xx.o(RESET) refers to startup_py32f002xx.o(STACK) for __initial_sp
    startup_py32f002xx.o(RESET) refers to startup_py32f002xx.o(.text) for Reset_Handler
    startup_py32f002xx.o(RESET) refers to py32f0xx_it.o(.text.NMI_Handler) for NMI_Handler
    startup_py32f002xx.o(RESET) refers to py32f0xx_it.o(.text.HardFault_Handler) for HardFault_Handler
    startup_py32f002xx.o(RESET) refers to py32f0xx_it.o(.text.SVC_Handler) for SVC_Handler
    startup_py32f002xx.o(RESET) refers to py32f0xx_it.o(.text.PendSV_Handler) for PendSV_Handler
    startup_py32f002xx.o(RESET) refers to py32f0xx_it.o(.text.SysTick_Handler) for SysTick_Handler
    startup_py32f002xx.o(RESET) refers to py32f0xx_it.o(.text.I2C1_IRQHandler) for I2C1_IRQHandler
    startup_py32f002xx.o(.text) refers to system_py32f0xx.o(.text.SystemInit) for SystemInit
    startup_py32f002xx.o(.text) refers to entry.o(.ARM.Collect$$$$00000000) for __main
    main.o(.text.main) refers to py32f0xx_hal.o(.text.HAL_Init) for HAL_Init
    main.o(.text.main) refers to main.o(.text.SystemClock_Config) for SystemClock_Config
    main.o(.text.main) refers to py32f0xx_hal_gpio.o(.text.HAL_GPIO_WritePin) for HAL_GPIO_WritePin
    main.o(.text.main) refers to py32f0xx_hal_gpio.o(.text.HAL_GPIO_Init) for HAL_GPIO_Init
    main.o(.text.main) refers to py32f0xx_hal_i2c.o(.text.HAL_I2C_Init) for HAL_I2C_Init
    main.o(.text.main) refers to py32f0xx_hal_gpio.o(.text.HAL_GPIO_TogglePin) for HAL_GPIO_TogglePin
    main.o(.text.main) refers to py32f0xx_hal.o(.text.HAL_Delay) for HAL_Delay
    main.o(.text.main) refers to py32f0xx_hal_adc.o(.text.HAL_ADC_Init) for HAL_ADC_Init
    main.o(.text.main) refers to py32f0xx_hal_adc.o(.text.HAL_ADC_Calibration_Start) for HAL_ADC_Calibration_Start
    main.o(.text.main) refers to py32f0xx_hal_adc.o(.text.HAL_ADC_ConfigChannel) for HAL_ADC_ConfigChannel
    main.o(.text.main) refers to ssd1306.o(.text.ssd1306_Init) for ssd1306_Init
    main.o(.text.main) refers to ssd1306.o(.text.ssd1306_Fill) for ssd1306_Fill
    main.o(.text.main) refers to ssd1306.o(.text.ssd1306_SetCursor) for ssd1306_SetCursor
    main.o(.text.main) refers to ssd1306.o(.text.ssd1306_WriteString) for ssd1306_WriteString
    main.o(.text.main) refers to ssd1306.o(.text.ssd1306_UpdateScreen) for ssd1306_UpdateScreen
    main.o(.text.main) refers to py32f0xx_hal_adc.o(.text.HAL_ADC_Start) for HAL_ADC_Start
    main.o(.text.main) refers to py32f0xx_hal_adc.o(.text.HAL_ADC_PollForConversion) for HAL_ADC_PollForConversion
    main.o(.text.main) refers to py32f0xx_hal_adc.o(.text.HAL_ADC_GetValue) for HAL_ADC_GetValue
    main.o(.text.main) refers to py32f0xx_hal_adc.o(.text.HAL_ADC_Stop) for HAL_ADC_Stop
    main.o(.text.main) refers to ffltui.o(.text) for __aeabi_ui2f
    main.o(.text.main) refers to fdiv.o(.text) for __aeabi_fdiv
    main.o(.text.main) refers to fmul.o(.text) for __aeabi_fmul
    main.o(.text.main) refers to f2d.o(.text) for __aeabi_f2d
    main.o(.text.main) refers to printfa.o(i.__0sprintf) for __2sprintf
    main.o(.text.main) refers to ffixi.o(.text) for __aeabi_f2iz
    main.o(.text.main) refers to memseta.o(.text) for __aeabi_memset4
    main.o(.text.main) refers to main.o(.bss.hi2c1) for hi2c1
    main.o(.text.main) refers to main.o(.bss.hadc1) for hadc1
    main.o(.text.main) refers to main.o(.bss.pressure_str) for pressure_str
    main.o(.text.main) refers to main.o(.bss.bar_graph_str) for bar_graph_str
    main.o(.text.main) refers to fonts.o(.data.Font_7x10) for Font_7x10
    main.o(.ARM.exidx.text.main) refers to main.o(.text.main) for [Anonymous Symbol]
    main.o(.text.SystemClock_Config) refers to py32f0xx_hal_rcc.o(.text.HAL_RCC_OscConfig) for HAL_RCC_OscConfig
    main.o(.text.SystemClock_Config) refers to py32f0xx_hal_gpio.o(.text.HAL_GPIO_WritePin) for HAL_GPIO_WritePin
[...]
    Removing py32f0xx_hal.o(.text.HAL_ResumeTick), (16 bytes).
    Removing py32f0xx_hal.o(.ARM.exidx.text.HAL_ResumeTick), (8 bytes).
    Removing py32f0xx_hal.o(.text.HAL_GetHalVersion), (8 bytes).
    Removing py32f0xx_hal.o(.ARM.exidx.text.HAL_GetHalVersion), (8 bytes).
    Removing py32f0xx_hal.o(.text.HAL_GetREVID), (12 bytes).
    Removing py32f0xx_hal.o(.ARM.exidx.text.HAL_GetREVID), (8 bytes).
    Removing py32f0xx_hal.o(.text.HAL_GetDEVID), (20 bytes).
    Removing py32f0xx_hal.o(.ARM.exidx.text.HAL_GetDEVID), (8 bytes).
    Removing py32f0xx_hal.o(.text.HAL_GetUIDw0), (12 bytes).
    Removing py32f0xx_hal.o(.ARM.exidx.text.HAL_GetUIDw0), (8 bytes).
    Removing py32f0xx_hal.o(.text.HAL_GetUIDw1), (12 bytes).
    Removing py32f0xx_hal.o(.ARM.exidx.text.HAL_GetUIDw1), (8 bytes).
    Removing py32f0xx_hal.o(.text.HAL_GetUIDw2), (12 bytes).
    Removing py32f0xx_hal.o(.ARM.exidx.text.HAL_GetUIDw2), (8 bytes).
    Removing py32f0xx_hal.o(.text.HAL_DBGMCU_EnableDBGMCUStopMode), (16 bytes).
    Removing py32f0xx_hal.o(.ARM.exidx.text.HAL_DBGMCU_EnableDBGMCUStopMode), (8 bytes).
    Removing py32f0xx_hal.o(.text.HAL_DBGMCU_DisableDBGMCUStopMode), (16 bytes).
    Removing py32f0xx_hal.o(.ARM.exidx.text.HAL_DBGMCU_DisableDBGMCUStopMode), (8 bytes).
    Removing py32f0xx_hal_rcc.o(.text), (0 bytes).
    Removing py32f0xx_hal_rcc.o(.text.HAL_RCC_DeInit), (168 bytes).
    Removing py32f0xx_hal_rcc.o(.ARM.exidx.text.HAL_RCC_DeInit), (8 bytes).
    Removing py32f0xx_hal_rcc.o(.ARM.exidx.text.HAL_RCC_OscConfig), (8 bytes).
    Removing py32f0xx_hal_rcc.o(.text.HAL_RCC_GetSysClockFreq), (84 bytes).
    Removing py32f0xx_hal_rcc.o(.ARM.exidx.text.HAL_RCC_GetSysClockFreq), (8 bytes).
    Removing py32f0xx_hal_rcc.o(.ARM.exidx.text.HAL_RCC_ClockConfig), (8 bytes).
    Removing py32f0xx_hal_rcc.o(.text.HAL_RCC_MCOConfig), (228 bytes).
    Removing py32f0xx_hal_rcc.o(.ARM.exidx.text.HAL_RCC_MCOConfig), (8 bytes).
    Removing py32f0xx_hal_rcc.o(.text.HAL_RCC_GetHCLKFreq), (12 bytes).
    Removing py32f0xx_hal_rcc.o(.ARM.exidx.text.HAL_RCC_GetHCLKFreq), (8 bytes).
    Removing py32f0xx_hal_rcc.o(.ARM.exidx.text.HAL_RCC_GetPCLK1Freq), (8 bytes).
    Removing py32f0xx_hal_rcc.o(.text.HAL_RCC_GetOscConfig), (80 bytes).
    Removing py32f0xx_hal_rcc.o(.ARM.exidx.text.HAL_RCC_GetOscConfig), (8 bytes).
    Removing py32f0xx_hal_rcc.o(.text.HAL_RCC_GetClockConfig), (52 bytes).
    Removing py32f0xx_hal_rcc.o(.ARM.exidx.text.HAL_RCC_GetClockConfig), (8 bytes).
    Removing py32f0xx_hal_rcc.o(.text.HAL_RCC_EnableCSS), (20 bytes).
    Removing py32f0xx_hal_rcc.o(.ARM.exidx.text.HAL_RCC_EnableCSS), (8 bytes).
    Removing py32f0xx_hal_rcc.o(.text.HAL_RCC_NMI_IRQHandler), (28 bytes).
    Removing py32f0xx_hal_rcc.o(.ARM.exidx.text.HAL_RCC_NMI_IRQHandler), (8 bytes).
    Removing py32f0xx_hal_rcc.o(.text.HAL_RCC_CSSCallback), (2 bytes).
    Removing py32f0xx_hal_rcc.o(.ARM.exidx.text.HAL_RCC_CSSCallback), (8 bytes).
    Removing py32f0xx_hal_gpio.o(.text), (0 bytes).
    Removing py32f0xx_hal_gpio.o(.ARM.exidx.text.HAL_GPIO_Init), (8 bytes).
    Removing py32f0xx_hal_gpio.o(.text.HAL_GPIO_DeInit), (236 bytes).
    Removing py32f0xx_hal_gpio.o(.ARM.exidx.text.HAL_GPIO_DeInit), (8 bytes).
    Removing py32f0xx_hal_gpio.o(.text.HAL_GPIO_ReadPin), (10 bytes).
    Removing py32f0xx_hal_gpio.o(.ARM.exidx.text.HAL_GPIO_ReadPin), (8 bytes).
    Removing py32f0xx_hal_gpio.o(.ARM.exidx.text.HAL_GPIO_WritePin), (8 bytes).
    Removing py32f0xx_hal_gpio.o(.ARM.exidx.text.HAL_GPIO_TogglePin), (8 bytes).
    Removing py32f0xx_hal_gpio.o(.text.HAL_GPIO_LockPin), (44 bytes).
    Removing py32f0xx_hal_gpio.o(.ARM.exidx.text.HAL_GPIO_LockPin), (8 bytes).
    Removing py32f0xx_hal_gpio.o(.text.HAL_GPIO_EXTI_Callback), (2 bytes).
    Removing py32f0xx_hal_gpio.o(.ARM.exidx.text.HAL_GPIO_EXTI_Callback), (8 bytes).
    Removing py32f0xx_hal_gpio.o(.text.HAL_GPIO_EXTI_IRQHandler), (24 bytes).
    Removing py32f0xx_hal_gpio.o(.ARM.exidx.text.HAL_GPIO_EXTI_IRQHandler), (8 bytes).
    Removing py32f0xx_hal_pwr.o(.text), (0 bytes).
    Removing py32f0xx_hal_pwr.o(.text.HAL_PWR_DeInit), (24 bytes).
    Removing py32f0xx_hal_pwr.o(.ARM.exidx.text.HAL_PWR_DeInit), (8 bytes).
    Removing py32f0xx_hal_pwr.o(.text.HAL_PWR_EnableBkUpAccess), (20 bytes).
    Removing py32f0xx_hal_pwr.o(.ARM.exidx.text.HAL_PWR_EnableBkUpAccess), (8 bytes).
    Removing py32f0xx_hal_pwr.o(.text.HAL_PWR_DisableBkUpAccess), (20 bytes).
    Removing py32f0xx_hal_pwr.o(.ARM.exidx.text.HAL_PWR_DisableBkUpAccess), (8 bytes).
    Removing py32f0xx_hal_pwr.o(.text.HAL_PWR_ConfigStopMode), (40 bytes).
    Removing py32f0xx_hal_pwr.o(.ARM.exidx.text.HAL_PWR_ConfigStopMode), (8 bytes).
    Removing py32f0xx_hal_pwr.o(.text.HAL_PWR_ConfigBIAS), (40 bytes).
    Removing py32f0xx_hal_pwr.o(.ARM.exidx.text.HAL_PWR_ConfigBIAS), (8 bytes).
    Removing py32f0xx_hal_pwr.o(.text.HAL_PWR_EnterSLEEPMode), (32 bytes).
    Removing py32f0xx_hal_pwr.o(.ARM.exidx.text.HAL_PWR_EnterSLEEPMode), (8 bytes).
    Removing py32f0xx_hal_pwr.o(.text.HAL_PWR_EnterSTOPMode), (64 bytes).
    Removing py32f0xx_hal_pwr.o(.ARM.exidx.text.HAL_PWR_EnterSTOPMode), (8 bytes).
    Removing py32f0xx_hal_pwr.o(.text.HAL_PWR_EnableSleepOnExit), (16 bytes).
    Removing py32f0xx_hal_pwr.o(.ARM.exidx.text.HAL_PWR_EnableSleepOnExit), (8 bytes).
    Removing py32f0xx_hal_pwr.o(.text.HAL_PWR_DisableSleepOnExit), (16 bytes).
    Removing py32f0xx_hal_pwr.o(.ARM.exidx.text.HAL_PWR_DisableSleepOnExit), (8 bytes).
    Removing py32f0xx_hal_pwr.o(.text.HAL_PWR_EnableSEVOnPend), (16 bytes).
    Removing py32f0xx_hal_pwr.o(.ARM.exidx.text.HAL_PWR_EnableSEVOnPend), (8 bytes).
    Removing py32f0xx_hal_pwr.o(.text.HAL_PWR_DisableSEVOnPend), (16 bytes).
    Removing py32f0xx_hal_pwr.o(.ARM.exidx.text.HAL_PWR_DisableSEVOnPend), (8 bytes).
    Removing py32f0xx_hal_uart.o(.text), (0 bytes).
    Removing py32f0xx_hal_uart.o(.text.HAL_UART_Init), (138 bytes).
    Removing py32f0xx_hal_uart.o(.ARM.exidx.text.HAL_UART_Init), (8 bytes).
    Removing py32f0xx_hal_uart.o(.text.HAL_UART_MspInit), (2 bytes).
    Removing py32f0xx_hal_uart.o(.ARM.exidx.text.HAL_UART_MspInit), (8 bytes).
    Removing py32f0xx_hal_uart.o(.text.UART_SetConfig), (200 bytes).
    Removing py32f0xx_hal_uart.o(.ARM.exidx.text.UART_SetConfig), (8 bytes).
    Removing py32f0xx_hal_uart.o(.text.HAL_HalfDuplex_Init), (96 bytes).
    Removing py32f0xx_hal_uart.o(.ARM.exidx.text.HAL_HalfDuplex_Init), (8 bytes).
    Removing py32f0xx_hal_uart.o(.text.HAL_MultiProcessor_Init), (132 bytes).
    Removing py32f0xx_hal_uart.o(.ARM.exidx.text.HAL_MultiProcessor_Init), (8 bytes).
    Removing py32f0xx_hal_uart.o(.text.HAL_UART_DeInit), (50 bytes).
    Removing py32f0xx_hal_uart.o(.ARM.exidx.text.HAL_UART_DeInit), (8 bytes).
    Removing py32f0xx_hal_uart.o(.text.HAL_UART_MspDeInit), (2 bytes).
    Removing py32f0xx_hal_uart.o(.ARM.exidx.text.HAL_UART_MspDeInit), (8 bytes).
    Removing py32f0xx_hal_uart.o(.text.HAL_UART_Transmit), (316 bytes).
    Removing py32f0xx_hal_uart.o(.ARM.exidx.text.HAL_UART_Transmit), (8 bytes).
    Removing py32f0xx_hal_uart.o(.text.HAL_UART_Receive), (272 bytes).
    Removing py32f0xx_hal_uart.o(.ARM.exidx.text.HAL_UART_Receive), (8 bytes).
    Removing py32f0xx_hal_uart.o(.text.HAL_UART_Transmit_IT), (66 bytes).
    Removing py32f0xx_hal_uart.o(.ARM.exidx.text.HAL_UART_Transmit_IT), (8 bytes).
    Removing py32f0xx_hal_uart.o(.text.HAL_UART_Receive_IT), (96 bytes).
    Removing py32f0xx_hal_uart.o(.ARM.exidx.text.HAL_UART_Receive_IT), (8 bytes).
    Removing py32f0xx_hal_uart.o(.text.HAL_UART_Abort), (44 bytes).
    Removing py32f0xx_hal_uart.o(.ARM.exidx.text.HAL_UART_Abort), (8 bytes).
    Removing py32f0xx_hal_uart.o(.text.HAL_UART_AbortTransmit), (24 bytes).
    Removing py32f0xx_hal_uart.o(.ARM.exidx.text.HAL_UART_AbortTransmit), (8 bytes).
    Removing py32f0xx_hal_uart.o(.text.HAL_UART_AbortReceive), (34 bytes).
    Removing py32f0xx_hal_uart.o(.ARM.exidx.text.HAL_UART_AbortReceive), (8 bytes).
    Removing py32f0xx_hal_uart.o(.text.HAL_UART_Abort_IT), (50 bytes).
    Removing py32f0xx_hal_uart.o(.ARM.exidx.text.HAL_UART_Abort_IT), (8 bytes).
    Removing py32f0xx_hal_uart.o(.text.HAL_UART_AbortCpltCallback), (2 bytes).
    Removing py32f0xx_hal_uart.o(.ARM.exidx.text.HAL_UART_AbortCpltCallback), (8 bytes).
    Removing py32f0xx_hal_uart.o(.text.HAL_UART_AbortTransmit_IT), (30 bytes).
    Removing py32f0xx_hal_uart.o(.ARM.exidx.text.HAL_UART_AbortTransmit_IT), (8 bytes).
    Removing py32f0xx_hal_uart.o(.text.HAL_UART_AbortTransmitCpltCallback), (2 bytes).
    Removing py32f0xx_hal_uart.o(.ARM.exidx.text.HAL_UART_AbortTransmitCpltCallback), (8 bytes).
    Removing py32f0xx_hal_uart.o(.text.HAL_UART_AbortReceive_IT), (40 bytes).
    Removing py32f0xx_hal_uart.o(.ARM.exidx.text.HAL_UART_AbortReceive_IT), (8 bytes).
    Removing py32f0xx_hal_uart.o(.text.HAL_UART_AbortReceiveCpltCallback), (2 bytes).
    Removing py32f0xx_hal_uart.o(.ARM.exidx.text.HAL_UART_AbortReceiveCpltCallback), (8 bytes).
    Removing py32f0xx_hal_uart.o(.text.HAL_UART_IRQHandler), (644 bytes).
    Removing py32f0xx_hal_uart.o(.ARM.exidx.text.HAL_UART_IRQHandler), (8 bytes).
    Removing py32f0xx_hal_uart.o(.text.HAL_UART_ErrorCallback), (2 bytes).
    Removing py32f0xx_hal_uart.o(.ARM.exidx.text.HAL_UART_ErrorCallback), (8 bytes).
    Removing py32f0xx_hal_uart.o(.text.HAL_UART_IdleFrameDetectCpltCallback), (2 bytes).
    Removing py32f0xx_hal_uart.o(.ARM.exidx.text.HAL_UART_IdleFrameDetectCpltCallback), (8 bytes).
    Removing py32f0xx_hal_uart.o(.text.HAL_UART_TxCpltCallback), (2 bytes).
    Removing py32f0xx_hal_uart.o(.ARM.exidx.text.HAL_UART_TxCpltCallback), (8 bytes).
    Removing py32f0xx_hal_uart.o(.text.HAL_UART_TxHalfCpltCallback), (2 bytes).
    Removing py32f0xx_hal_uart.o(.ARM.exidx.text.HAL_UART_TxHalfCpltCallback), (8 bytes).
    Removing py32f0xx_hal_uart.o(.text.HAL_UART_RxCpltCallback), (2 bytes).
    Removing py32f0xx_hal_uart.o(.ARM.exidx.text.HAL_UART_RxCpltCallback), (8 bytes).
    Removing py32f0xx_hal_uart.o(.text.HAL_UART_RxHalfCpltCallback), (2 bytes).
    Removing py32f0xx_hal_uart.o(.ARM.exidx.text.HAL_UART_RxHalfCpltCallback), (8 bytes).
    Removing py32f0xx_hal_uart.o(.text.HAL_UART_SendBreak), (40 bytes).
    Removing py32f0xx_hal_uart.o(.ARM.exidx.text.HAL_UART_SendBreak), (8 bytes).
    Removing py32f0xx_hal_uart.o(.text.HAL_MultiProcessor_EnterMuteMode), (40 bytes).
    Removing py32f0xx_hal_uart.o(.ARM.exidx.text.HAL_MultiProcessor_EnterMuteMode), (8 bytes).
    Removing py32f0xx_hal_uart.o(.text.HAL_MultiProcessor_ExitMuteMode), (40 bytes).
    Removing py32f0xx_hal_uart.o(.ARM.exidx.text.HAL_MultiProcessor_ExitMuteMode), (8 bytes).
    Removing py32f0xx_hal_uart.o(.text.HAL_HalfDuplex_EnableTransmitter), (44 bytes).
    Removing py32f0xx_hal_uart.o(.ARM.exidx.text.HAL_HalfDuplex_EnableTransmitter), (8 bytes).
    Removing py32f0xx_hal_uart.o(.text.HAL_HalfDuplex_EnableReceiver), (44 bytes).
    Removing py32f0xx_hal_uart.o(.ARM.exidx.text.HAL_HalfDuplex_EnableReceiver), (8 bytes).
    Removing py32f0xx_hal_uart.o(.text.HAL_UART_GetState), (14 bytes).
    Removing py32f0xx_hal_uart.o(.ARM.exidx.text.HAL_UART_GetState), (8 bytes).
    Removing py32f0xx_hal_uart.o(.text.HAL_UART_GetError), (4 bytes).
    Removing py32f0xx_hal_uart.o(.ARM.exidx.text.HAL_UART_GetError), (8 bytes).
    Removing py32f0xx_hal_cortex.o(.text), (0 bytes).
    Removing py32f0xx_hal_cortex.o(.ARM.exidx.text.HAL_NVIC_SetPriority), (8 bytes).
    Removing py32f0xx_hal_cortex.o(.ARM.exidx.text.HAL_NVIC_EnableIRQ), (8 bytes).
    Removing py32f0xx_hal_cortex.o(.text.HAL_NVIC_DisableIRQ), (20 bytes).
    Removing py32f0xx_hal_cortex.o(.ARM.exidx.text.HAL_NVIC_DisableIRQ), (8 bytes).
    Removing py32f0xx_hal_cortex.o(.text.HAL_NVIC_SystemReset), (28 bytes).
    Removing py32f0xx_hal_cortex.o(.ARM.exidx.text.HAL_NVIC_SystemReset), (8 bytes).
    Removing py32f0xx_hal_cortex.o(.ARM.exidx.text.HAL_SYSTICK_Config), (8 bytes).
    Removing py32f0xx_hal_cortex.o(.text.HAL_NVIC_GetPriority), (48 bytes).
    Removing py32f0xx_hal_cortex.o(.ARM.exidx.text.HAL_NVIC_GetPriority), (8 bytes).
    Removing py32f0xx_hal_cortex.o(.text.HAL_NVIC_SetPendingIRQ), (20 bytes).
    Removing py32f0xx_hal_cortex.o(.ARM.exidx.text.HAL_NVIC_SetPendingIRQ), (8 bytes).
    Removing py32f0xx_hal_cortex.o(.text.HAL_NVIC_GetPendingIRQ), (20 bytes).
    Removing py32f0xx_hal_cortex.o(.ARM.exidx.text.HAL_NVIC_GetPendingIRQ), (8 bytes).
    Removing py32f0xx_hal_cortex.o(.text.HAL_NVIC_ClearPendingIRQ), (20 bytes).
    Removing py32f0xx_hal_cortex.o(.ARM.exidx.text.HAL_NVIC_ClearPendingIRQ), (8 bytes).
    Removing py32f0xx_hal_cortex.o(.text.HAL_SYSTICK_CLKSourceConfig), (28 bytes).
    Removing py32f0xx_hal_cortex.o(.ARM.exidx.text.HAL_SYSTICK_CLKSourceConfig), (8 bytes).
    Removing py32f0xx_hal_cortex.o(.text.HAL_SYSTICK_IRQHandler), (8 bytes).
    Removing py32f0xx_hal_cortex.o(.ARM.exidx.text.HAL_SYSTICK_IRQHandler), (8 bytes).
    Removing py32f0xx_hal_cortex.o(.text.HAL_SYSTICK_Callback), (2 bytes).
    Removing py32f0xx_hal_cortex.o(.ARM.exidx.text.HAL_SYSTICK_Callback), (8 bytes).
    Removing py32f0xx_hal_i2c.o(.text), (0 bytes).
    Removing py32f0xx_hal_i2c.o(.ARM.exidx.text.HAL_I2C_Init), (8 bytes).
    Removing py32f0xx_hal_i2c.o(.text.HAL_I2C_MspInit), (2 bytes).
    Removing py32f0xx_hal_i2c.o(.ARM.exidx.text.HAL_I2C_MspInit), (8 bytes).
    Removing py32f0xx_hal_i2c.o(.text.HAL_I2C_DeInit), (50 bytes).
    Removing py32f0xx_hal_i2c.o(.ARM.exidx.text.HAL_I2C_DeInit), (8 bytes).
    Removing py32f0xx_hal_i2c.o(.text.HAL_I2C_MspDeInit), (2 bytes).
    Removing py32f0xx_hal_i2c.o(.ARM.exidx.text.HAL_I2C_MspDeInit), (8 bytes).
    Removing py32f0xx_hal_i2c.o(.text.HAL_I2C_Master_Transmit), (684 bytes).
    Removing py32f0xx_hal_i2c.o(.ARM.exidx.text.HAL_I2C_Master_Transmit), (8 bytes).
    Removing py32f0xx_hal_i2c.o(.ARM.exidx.text.I2C_WaitOnBTFFlagUntilTimeout), (8 bytes).
    Removing py32f0xx_hal_i2c.o(.text.HAL_I2C_Master_Receive), (1152 bytes).
    Removing py32f0xx_hal_i2c.o(.ARM.exidx.text.HAL_I2C_Master_Receive), (8 bytes).
    Removing py32f0xx_hal_i2c.o(.text.HAL_I2C_Slave_Transmit), (512 bytes).
    Removing py32f0xx_hal_i2c.o(.ARM.exidx.text.HAL_I2C_Slave_Transmit), (8 bytes).
    Removing py32f0xx_hal_i2c.o(.text.HAL_I2C_Slave_Receive), (524 bytes).
    Removing py32f0xx_hal_i2c.o(.ARM.exidx.text.HAL_I2C_Slave_Receive), (8 bytes).
    Removing py32f0xx_hal_i2c.o(.text.HAL_I2C_Master_Transmit_IT), (188 bytes).
    Removing py32f0xx_hal_i2c.o(.ARM.exidx.text.HAL_I2C_Master_Transmit_IT), (8 bytes).
    Removing py32f0xx_hal_i2c.o(.text.HAL_I2C_Master_Receive_IT), (196 bytes).
    Removing py32f0xx_hal_i2c.o(.ARM.exidx.text.HAL_I2C_Master_Receive_IT), (8 bytes).
    Removing py32f0xx_hal_i2c.o(.text.HAL_I2C_Slave_Transmit_IT), (116 bytes).
    Removing py32f0xx_hal_i2c.o(.ARM.exidx.text.HAL_I2C_Slave_Transmit_IT), (8 bytes).
    Removing py32f0xx_hal_i2c.o(.text.HAL_I2C_Slave_Receive_IT), (116 bytes).
    Removing py32f0xx_hal_i2c.o(.ARM.exidx.text.HAL_I2C_Slave_Receive_IT), (8 bytes).
    Removing py32f0xx_hal_i2c.o(.ARM.exidx.text.HAL_I2C_Mem_Write), (8 bytes).
    Removing py32f0xx_hal_i2c.o(.text.HAL_I2C_Mem_Read), (1552 bytes).
    Removing py32f0xx_hal_i2c.o(.ARM.exidx.text.HAL_I2C_Mem_Read), (8 bytes).
    Removing py32f0xx_hal_i2c.o(.text.HAL_I2C_Mem_Write_IT), (204 bytes).
    Removing py32f0xx_hal_i2c.o(.ARM.exidx.text.HAL_I2C_Mem_Write_IT), (8 bytes).
    Removing py32f0xx_hal_i2c.o(.text.HAL_I2C_Mem_Read_IT), (216 bytes).
    Removing py32f0xx_hal_i2c.o(.ARM.exidx.text.HAL_I2C_Mem_Read_IT), (8 bytes).
    Removing py32f0xx_hal_i2c.o(.text.HAL_I2C_IsDeviceReady), (500 bytes).
    Removing py32f0xx_hal_i2c.o(.ARM.exidx.text.HAL_I2C_IsDeviceReady), (8 bytes).
    Removing py32f0xx_hal_i2c.o(.text.HAL_I2C_Master_Seq_Transmit_IT), (236 bytes).
    Removing py32f0xx_hal_i2c.o(.ARM.exidx.text.HAL_I2C_Master_Seq_Transmit_IT), (8 bytes).
    Removing py32f0xx_hal_i2c.o(.text.HAL_I2C_Master_Seq_Receive_IT), (288 bytes).
    Removing py32f0xx_hal_i2c.o(.ARM.exidx.text.HAL_I2C_Master_Seq_Receive_IT), (8 bytes).
    Removing py32f0xx_hal_i2c.o(.text.HAL_I2C_Slave_Seq_Transmit_IT), (120 bytes).
    Removing py32f0xx_hal_i2c.o(.ARM.exidx.text.HAL_I2C_Slave_Seq_Transmit_IT), (8 bytes).
    Removing py32f0xx_hal_i2c.o(.text.HAL_I2C_Slave_Seq_Receive_IT), (120 bytes).
    Removing py32f0xx_hal_i2c.o(.ARM.exidx.text.HAL_I2C_Slave_Seq_Receive_IT), (8 bytes).
    Removing py32f0xx_hal_i2c.o(.text.HAL_I2C_EnableListen_IT), (60 bytes).
    Removing py32f0xx_hal_i2c.o(.ARM.exidx.text.HAL_I2C_EnableListen_IT), (8 bytes).
    Removing py32f0xx_hal_i2c.o(.text.HAL_I2C_DisableListen_IT), (64 bytes).
    Removing py32f0xx_hal_i2c.o(.ARM.exidx.text.HAL_I2C_DisableListen_IT), (8 bytes).
    Removing py32f0xx_hal_i2c.o(.text.HAL_I2C_Master_Abort_IT), (76 bytes).
    Removing py32f0xx_hal_i2c.o(.ARM.exidx.text.HAL_I2C_Master_Abort_IT), (8 bytes).
    Removing py32f0xx_hal_i2c.o(.ARM.exidx.text.I2C_ITError), (8 bytes).
    Removing py32f0xx_hal_i2c.o(.text.HAL_I2C_EV_IRQHandler), (682 bytes).
    Removing py32f0xx_hal_i2c.o(.ARM.exidx.text.HAL_I2C_EV_IRQHandler), (8 bytes).
    Removing py32f0xx_hal_i2c.o(.ARM.exidx.text.I2C_Master_ADDR), (8 bytes).
    Removing py32f0xx_hal_i2c.o(.ARM.exidx.text.I2C_MasterTransmit_TXE), (8 bytes).
    Removing py32f0xx_hal_i2c.o(.ARM.exidx.text.I2C_MasterTransmit_BTF), (8 bytes).
    Removing py32f0xx_hal_i2c.o(.ARM.exidx.text.I2C_MasterReceive_RXNE), (8 bytes).
    Removing py32f0xx_hal_i2c.o(.ARM.exidx.text.I2C_MasterReceive_BTF), (8 bytes).
    Removing py32f0xx_hal_i2c.o(.ARM.exidx.text.I2C_Slave_STOPF), (8 bytes).
    Removing py32f0xx_hal_i2c.o(.text.HAL_I2C_ER_IRQHandler), (368 bytes).
    Removing py32f0xx_hal_i2c.o(.ARM.exidx.text.HAL_I2C_ER_IRQHandler), (8 bytes).
    Removing py32f0xx_hal_i2c.o(.ARM.exidx.text.HAL_I2C_IRQHandler), (8 bytes).
    Removing py32f0xx_hal_i2c.o(.ARM.exidx.text.HAL_I2C_MasterTxCpltCallback), (8 bytes).
    Removing py32f0xx_hal_i2c.o(.ARM.exidx.text.HAL_I2C_MasterRxCpltCallback), (8 bytes).
    Removing py32f0xx_hal_i2c.o(.ARM.exidx.text.HAL_I2C_SlaveTxCpltCallback), (8 bytes).
    Removing py32f0xx_hal_i2c.o(.ARM.exidx.text.HAL_I2C_SlaveRxCpltCallback), (8 bytes).
    Removing py32f0xx_hal_i2c.o(.ARM.exidx.text.HAL_I2C_AddrCallback), (8 bytes).
    Removing py32f0xx_hal_i2c.o(.ARM.exidx.text.HAL_I2C_ListenCpltCallback), (8 bytes).
    Removing py32f0xx_hal_i2c.o(.ARM.exidx.text.HAL_I2C_MemTxCpltCallback), (8 bytes).
    Removing py32f0xx_hal_i2c.o(.ARM.exidx.text.HAL_I2C_MemRxCpltCallback), (8 bytes).
    Removing py32f0xx_hal_i2c.o(.ARM.exidx.text.HAL_I2C_ErrorCallback), (8 bytes).
    Removing py32f0xx_hal_i2c.o(.ARM.exidx.text.HAL_I2C_AbortCpltCallback), (8 bytes).
    Removing py32f0xx_hal_i2c.o(.text.HAL_I2C_GetState), (6 bytes).
    Removing py32f0xx_hal_i2c.o(.ARM.exidx.text.HAL_I2C_GetState), (8 bytes).
    Removing py32f0xx_hal_i2c.o(.text.HAL_I2C_GetMode), (6 bytes).
    Removing py32f0xx_hal_i2c.o(.ARM.exidx.text.HAL_I2C_GetMode), (8 bytes).
    Removing py32f0xx_hal_i2c.o(.text.HAL_I2C_GetError), (4 bytes).
    Removing py32f0xx_hal_i2c.o(.ARM.exidx.text.HAL_I2C_GetError), (8 bytes).
    Removing py32f0xx_hal_i2c.o(.text.I2C_WaitOnMasterAddressFlagUntilTimeout), (152 bytes).
    Removing py32f0xx_hal_i2c.o(.ARM.exidx.text.I2C_WaitOnMasterAddressFlagUntilTimeout), (8 bytes).
    Removing py32f0xx_hal_irda.o(.text), (0 bytes).
    Removing py32f0xx_hal_adc.o(.text), (0 bytes).
    Removing py32f0xx_hal_adc.o(.ARM.exidx.text.HAL_ADC_Init), (8 bytes).
    Removing py32f0xx_hal_adc.o(.text.HAL_ADC_MspInit), (2 bytes).
    Removing py32f0xx_hal_adc.o(.ARM.exidx.text.HAL_ADC_MspInit), (8 bytes).
    Removing py32f0xx_hal_adc.o(.text.HAL_ADC_DeInit), (336 bytes).
    Removing py32f0xx_hal_adc.o(.ARM.exidx.text.HAL_ADC_DeInit), (8 bytes).
    Removing py32f0xx_hal_adc.o(.text.HAL_ADC_MspDeInit), (2 bytes).
    Removing py32f0xx_hal_adc.o(.ARM.exidx.text.HAL_ADC_MspDeInit), (8 bytes).
    Removing py32f0xx_hal_adc.o(.ARM.exidx.text.HAL_ADC_Start), (8 bytes).
    Removing py32f0xx_hal_adc.o(.ARM.exidx.text.HAL_ADC_Stop), (8 bytes).
    Removing py32f0xx_hal_adc.o(.ARM.exidx.text.HAL_ADC_PollForConversion), (8 bytes).
    Removing py32f0xx_hal_adc.o(.text.HAL_ADC_PollForEvent), (136 bytes).
    Removing py32f0xx_hal_adc.o(.ARM.exidx.text.HAL_ADC_PollForEvent), (8 bytes).
    Removing py32f0xx_hal_adc.o(.text.HAL_ADC_Start_IT), (196 bytes).
    Removing py32f0xx_hal_adc.o(.ARM.exidx.text.HAL_ADC_Start_IT), (8 bytes).
    Removing py32f0xx_hal_adc.o(.text.HAL_ADC_Stop_IT), (234 bytes).
    Removing py32f0xx_hal_adc.o(.ARM.exidx.text.HAL_ADC_Stop_IT), (8 bytes).
    Removing py32f0xx_hal_adc.o(.ARM.exidx.text.HAL_ADC_GetValue), (8 bytes).
    Removing py32f0xx_hal_adc.o(.text.HAL_ADC_IRQHandler), (208 bytes).
    Removing py32f0xx_hal_adc.o(.ARM.exidx.text.HAL_ADC_IRQHandler), (8 bytes).
    Removing py32f0xx_hal_adc.o(.text.HAL_ADC_ConvCpltCallback), (2 bytes).
    Removing py32f0xx_hal_adc.o(.ARM.exidx.text.HAL_ADC_ConvCpltCallback), (8 bytes).
    Removing py32f0xx_hal_adc.o(.text.HAL_ADC_LevelOutOfWindowCallback), (2 bytes).
    Removing py32f0xx_hal_adc.o(.ARM.exidx.text.HAL_ADC_LevelOutOfWindowCallback), (8 bytes).
    Removing py32f0xx_hal_adc.o(.text.HAL_ADC_ErrorCallback), (2 bytes).
    Removing py32f0xx_hal_adc.o(.ARM.exidx.text.HAL_ADC_ErrorCallback), (8 bytes).
    Removing py32f0xx_hal_adc.o(.text.HAL_ADC_ConvHalfCpltCallback), (2 bytes).
    Removing py32f0xx_hal_adc.o(.ARM.exidx.text.HAL_ADC_ConvHalfCpltCallback), (8 bytes).
    Removing py32f0xx_hal_adc.o(.ARM.exidx.text.HAL_ADC_ConfigChannel), (8 bytes).
    Removing py32f0xx_hal_adc.o(.text.HAL_ADC_AnalogWDGConfig), (136 bytes).
    Removing py32f0xx_hal_adc.o(.ARM.exidx.text.HAL_ADC_AnalogWDGConfig), (8 bytes).
    Removing py32f0xx_hal_adc.o(.text.HAL_ADC_GetState), (4 bytes).
    Removing py32f0xx_hal_adc.o(.ARM.exidx.text.HAL_ADC_GetState), (8 bytes).
    Removing py32f0xx_hal_adc.o(.text.HAL_ADC_GetError), (4 bytes).
    Removing py32f0xx_hal_adc.o(.ARM.exidx.text.HAL_ADC_GetError), (8 bytes).
    Removing py32f0xx_hal_adc.o(.text.HAL_ADC_SetCalibration), (70 bytes).
    Removing py32f0xx_hal_adc.o(.ARM.exidx.text.HAL_ADC_SetCalibration), (8 bytes).
    Removing py32f0xx_hal_adc.o(.text.HAL_ADC_GetCalibStatus), (32 bytes).
    Removing py32f0xx_hal_adc.o(.ARM.exidx.text.HAL_ADC_GetCalibStatus), (8 bytes).
    Removing py32f0xx_hal_adc.o(.ARM.exidx.text.HAL_ADC_Calibration_Start), (8 bytes).

378 unused section(s) (total 24619 bytes) removed from the image.

==============================================================================

Image Symbol Table

    Local Symbols

    Symbol Name                              Value     Ov Type        Size  Object(Section)

    ../clib/division.s                       0x00000000   Number         0  aeabi_sdivfast.o ABSOLUTE
    ../clib/division.s                       0x00000000   Number         0  aeabi_sdivfast_div0.o ABSOLUTE
    ../clib/microlib/division.c              0x00000000   Number         0  uidiv.o ABSOLUTE
    ../clib/microlib/division.c              0x00000000   Number         0  uidiv_div0.o ABSOLUTE
    ../clib/microlib/division.c              0x00000000   Number         0  idiv_div0.o ABSOLUTE
    ../clib/microlib/division.c              0x00000000   Number         0  idiv0.o ABSOLUTE
    ../clib/microlib/division.c              0x00000000   Number         0  uldiv.o ABSOLUTE
    ../clib/microlib/init/entry.s            0x00000000   Number         0  entry.o ABSOLUTE
    ../clib/microlib/init/entry.s            0x00000000   Number         0  entry2.o ABSOLUTE
    ../clib/microlib/init/entry.s            0x00000000   Number         0  entry5.o ABSOLUTE
    ../clib/microlib/init/entry.s            0x00000000   Number         0  entry7a.o ABSOLUTE
    ../clib/microlib/init/entry.s            0x00000000   Number         0  entry7b.o ABSOLUTE
    ../clib/microlib/init/entry.s            0x00000000   Number         0  entry8a.o ABSOLUTE
    ../clib/microlib/init/entry.s            0x00000000   Number         0  entry8b.o ABSOLUTE
    ../clib/microlib/init/entry.s            0x00000000   Number         0  entry9a.o ABSOLUTE
    ../clib/microlib/init/entry.s            0x00000000   Number         0  entry9b.o ABSOLUTE
    ../clib/microlib/init/entry.s            0x00000000   Number         0  entry10a.o ABSOLUTE
    ../clib/microlib/init/entry.s            0x00000000   Number         0  entry10b.o ABSOLUTE
    ../clib/microlib/init/entry.s            0x00000000   Number         0  entry11a.o ABSOLUTE
    ../clib/microlib/init/entry.s            0x00000000   Number         0  entry11b.o ABSOLUTE
    ../clib/microlib/longlong.c              0x00000000   Number         0  llshl.o ABSOLUTE
    ../clib/microlib/longlong.c              0x00000000   Number         0  llushr.o ABSOLUTE
    ../clib/microlib/longlong.c              0x00000000   Number         0  llsshr.o ABSOLUTE
    ../clib/microlib/printf/printf.c         0x00000000   Number         0  printfb.o ABSOLUTE
    ../clib/microlib/printf/printf.c         0x00000000   Number         0  printf0.o ABSOLUTE
    ../clib/microlib/printf/printf.c         0x00000000   Number         0  printf1.o ABSOLUTE
    ../clib/microlib/printf/printf.c         0x00000000   Number         0  printf2.o ABSOLUTE
    ../clib/microlib/printf/printf.c         0x00000000   Number         0  printf3.o ABSOLUTE
    ../clib/microlib/printf/printf.c         0x00000000   Number         0  printf4.o ABSOLUTE
    ../clib/microlib/printf/printf.c         0x00000000   Number         0  printf5.o ABSOLUTE
    ../clib/microlib/printf/printf.c         0x00000000   Number         0  printf6.o ABSOLUTE
    ../clib/microlib/printf/printf.c         0x00000000   Number         0  printf7.o ABSOLUTE
    ../clib/microlib/printf/printf.c         0x00000000   Number         0  printf8.o ABSOLUTE
    ../clib/microlib/printf/printf.c         0x00000000   Number         0  printfa.o ABSOLUTE
    ../clib/microlib/printf/stubs.s          0x00000000   Number         0  printfstubs.o ABSOLUTE
    ../clib/microlib/stdio/streams.c         0x00000000   Number         0  stdout.o ABSOLUTE
    ../clib/microlib/string/memset.c         0x00000000   Number         0  memseta.o ABSOLUTE
    ../clib/microlib/stubs.s                 0x00000000   Number         0  iusefp.o ABSOLUTE
    ../fplib/microlib/f2d.c                  0x00000000   Number         0  f2d.o ABSOLUTE
    ../fplib/microlib/fpadd.c                0x00000000   Number         0  dadd.o ABSOLUTE
    ../fplib/microlib/fpdiv.c                0x00000000   Number         0  fdiv.o ABSOLUTE
    ../fplib/microlib/fpdiv.c                0x00000000   Number         0  ddiv.o ABSOLUTE
    ../fplib/microlib/fpepilogue.c           0x00000000   Number         0  fepilogue.o ABSOLUTE
    ../fplib/microlib/fpepilogue.c           0x00000000   Number         0  depilogue.o ABSOLUTE
    ../fplib/microlib/fpfix.c                0x00000000   Number         0  ffixi.o ABSOLUTE
    ../fplib/microlib/fpfix.c                0x00000000   Number         0  dfixul.o ABSOLUTE
    ../fplib/microlib/fpflt.c                0x00000000   Number         0  ffltui.o ABSOLUTE
    ../fplib/microlib/fpmul.c                0x00000000   Number         0  fmul.o ABSOLUTE
    ../fplib/microlib/fpmul.c                0x00000000   Number         0  dmul.o ABSOLUTE
    cdrcmple.s                               0x00000000   Number         0  cdrcmple.o ABSOLUTE
    dc.s                                     0x00000000   Number         0  dc.o ABSOLUTE
    fonts.c                                  0x00000000   Number         0  fonts.o ABSOLUTE
    handlers.s                               0x00000000   Number         0  handlers.o ABSOLUTE
    init.s                                   0x00000000   Number         0  init.o ABSOLUTE
    main.c                                   0x00000000   Number         0  main.o ABSOLUTE
    py32f002xx_Start_Kit.c                   0x00000000   Number         0  py32f002xx_start_kit.o ABSOLUTE
    py32f0xx_hal.c                           0x00000000   Number         0  py32f0xx_hal.o ABSOLUTE
    py32f0xx_hal_adc.c                       0x00000000   Number         0  py32f0xx_hal_adc.o ABSOLUTE
    py32f0xx_hal_cortex.c                    0x00000000   Number         0  py32f0xx_hal_cortex.o ABSOLUTE
    py32f0xx_hal_gpio.c                      0x00000000   Number         0  py32f0xx_hal_gpio.o ABSOLUTE
    py32f0xx_hal_i2c.c                       0x00000000   Number         0  py32f0xx_hal_i2c.o ABSOLUTE
    py32f0xx_hal_irda.c                      0x00000000   Number         0  py32f0xx_hal_irda.o ABSOLUTE
    py32f0xx_hal_msp.c                       0x00000000   Number         0  py32f0xx_hal_msp.o ABSOLUTE
    py32f0xx_hal_pwr.c                       0x00000000   Number         0  py32f0xx_hal_pwr.o ABSOLUTE
    py32f0xx_hal_rcc.c                       0x00000000   Number         0  py32f0xx_hal_rcc.o ABSOLUTE
    py32f0xx_hal_uart.c                      0x00000000   Number         0  py32f0xx_hal_uart.o ABSOLUTE
    py32f0xx_it.c                            0x00000000   Number         0  py32f0xx_it.o ABSOLUTE
    ssd1306.c                                0x00000000   Number         0  ssd1306.o ABSOLUTE
    startup_py32f002xx.s                     0x00000000   Number         0  startup_py32f002xx.o ABSOLUTE
    system_py32f0xx.c                        0x00000000   Number         0  system_py32f0xx.o ABSOLUTE
    RESET                                    0x08000000   Section      192  startup_py32f002xx.o(RESET)
    .ARM.Collect$$$$00000000                 0x080000c0   Section        0  entry.o(.ARM.Collect$$$$00000000)
    .ARM.Collect$$$$00000001                 0x080000c0   Section        4  entry2.o(.ARM.Collect$$$$00000001)
    .ARM.Collect$$$$00000004                 0x080000c4   Section        4  entry5.o(.ARM.Collect$$$$00000004)
    .ARM.Collect$$$$00000008                 0x080000c8   Section        0  entry7b.o(.ARM.Collect$$$$00000008)
    .ARM.Collect$$$$0000000A                 0x080000c8   Section        0  entry8b.o(.ARM.Collect$$$$0000000A)
    .ARM.Collect$$$$0000000B                 0x080000c8   Section        8  entry9a.o(.ARM.Collect$$$$0000000B)
    __lit__00000000                          0x080000d0   Data           4  entry2.o(.ARM.Collect$$$$00002712)
    .ARM.Collect$$$$0000000D                 0x080000d0   Section        0  entry10a.o(.ARM.Collect$$$$0000000D)
    .ARM.Collect$$$$0000000F                 0x080000d0   Section        0  entry11a.o(.ARM.Collect$$$$0000000F)
    .ARM.Collect$$$$00002712                 0x080000d0   Section        4  entry2.o(.ARM.Collect$$$$00002712)
    .text                                    0x080000d4   Section       28  startup_py32f002xx.o(.text)
    .text                                    0x080000f0   Section        0  memseta.o(.text)
    .text                                    0x08000114   Section        0  fmul.o(.text)
    .text                                    0x0800018e   Section        0  fdiv.o(.text)
    .text                                    0x0800020a   Section        0  ffltui.o(.text)
    .text                                    0x08000218   Section        0  ffixi.o(.text)
    .text                                    0x0800024a   Section        0  f2d.o(.text)
    .text                                    0x08000272   Section        0  uidiv_div0.o(.text)
    .text                                    0x080002b0   Section        0  uldiv.o(.text)
    .text                                    0x08000310   Section        0  iusefp.o(.text)
    .text                                    0x08000310   Section        0  fepilogue.o(.text)
    .text                                    0x08000394   Section        0  dadd.o(.text)
    .text                                    0x080004f8   Section        0  dmul.o(.text)
    .text                                    0x080005c8   Section        0  ddiv.o(.text)
    .text                                    0x080006b8   Section        0  dfixul.o(.text)
    .text                                    0x080006f8   Section       40  cdrcmple.o(.text)
    .text                                    0x08000720   Section       48  init.o(.text)
    .text                                    0x08000750   Section        0  llshl.o(.text)
    .text                                    0x08000770   Section        0  llushr.o(.text)
    .text                                    0x08000792   Section        0  llsshr.o(.text)
    .text                                    0x080007b8   Section        0  depilogue.o(.text)
    [Anonymous Symbol]                       0x08000878   Section        0  system_py32f0xx.o(.text.$Sub$$main)
    __arm_cp.2_0                             0x0800089c   Number         4  system_py32f0xx.o(.text.$Sub$$main)
    __arm_cp.2_1                             0x080008a0   Number         4  system_py32f0xx.o(.text.$Sub$$main)
    [Anonymous Symbol]                       0x080008a4   Section        0  py32f0xx_hal_adc.o(.text.HAL_ADC_Calibration_Start)
    [Anonymous Symbol]                       0x0800091c   Section        0  py32f0xx_hal_adc.o(.text.HAL_ADC_ConfigChannel)
    __arm_cp.16_0                            0x08000a10   Number         4  py32f0xx_hal_adc.o(.text.HAL_ADC_ConfigChannel)
    __arm_cp.16_1                            0x08000a14   Number         4  py32f0xx_hal_adc.o(.text.HAL_ADC_ConfigChannel)
    __arm_cp.16_4                            0x08000a18   Number         4  py32f0xx_hal_adc.o(.text.HAL_ADC_ConfigChannel)
    __arm_cp.16_5                            0x08000a1c   Number         4  py32f0xx_hal_adc.o(.text.HAL_ADC_ConfigChannel)
    [Anonymous Symbol]                       0x08000a20   Section        0  py32f0xx_hal_adc.o(.text.HAL_ADC_GetValue)
    [Anonymous Symbol]                       0x08000a28   Section        0  py32f0xx_hal_adc.o(.text.HAL_ADC_Init)
    __arm_cp.0_0                             0x08000b48   Number         4  py32f0xx_hal_adc.o(.text.HAL_ADC_Init)
    __arm_cp.0_1                             0x08000b4c   Number         4  py32f0xx_hal_adc.o(.text.HAL_ADC_Init)
    [Anonymous Symbol]                       0x08000b50   Section        0  py32f0xx_hal_msp.o(.text.HAL_ADC_MspInit)
    __arm_cp.2_0                             0x08000ba8   Number         4  py32f0xx_hal_msp.o(.text.HAL_ADC_MspInit)
    __arm_cp.2_1                             0x08000bac   Number         4  py32f0xx_hal_msp.o(.text.HAL_ADC_MspInit)
    [Anonymous Symbol]                       0x08000bb0   Section        0  py32f0xx_hal_adc.o(.text.HAL_ADC_PollForConversion)
    [Anonymous Symbol]                       0x08000c68   Section        0  py32f0xx_hal_adc.o(.text.HAL_ADC_Start)
    __arm_cp.4_0                             0x08000d08   Number         4  py32f0xx_hal_adc.o(.text.HAL_ADC_Start)
    __arm_cp.4_1                             0x08000d0c   Number         4  py32f0xx_hal_adc.o(.text.HAL_ADC_Start)
    __arm_cp.4_2                             0x08000d10   Number         4  py32f0xx_hal_adc.o(.text.HAL_ADC_Start)
    __arm_cp.4_3                             0x08000d14   Number         4  py32f0xx_hal_adc.o(.text.HAL_ADC_Start)
    [Anonymous Symbol]                       0x08000d18   Section        0  py32f0xx_hal_adc.o(.text.HAL_ADC_Stop)
    [Anonymous Symbol]                       0x08000dfc   Section        0  py32f0xx_hal.o(.text.HAL_Delay)
    __arm_cp.10_0                            0x08000e1c   Number         4  py32f0xx_hal.o(.text.HAL_Delay)
    [Anonymous Symbol]                       0x08000e20   Section        0  py32f0xx_hal_gpio.o(.text.HAL_GPIO_Init)
    __arm_cp.0_0                             0x08000f80   Number         4  py32f0xx_hal_gpio.o(.text.HAL_GPIO_Init)
    __arm_cp.0_1                             0x08000f84   Number         4  py32f0xx_hal_gpio.o(.text.HAL_GPIO_Init)
    __arm_cp.0_2                             0x08000f88   Number         4  py32f0xx_hal_gpio.o(.text.HAL_GPIO_Init)
    __arm_cp.0_3                             0x08000f8c   Number         4  py32f0xx_hal_gpio.o(.text.HAL_GPIO_Init)
    [Anonymous Symbol]                       0x08000f90   Section        0  py32f0xx_hal_gpio.o(.text.HAL_GPIO_TogglePin)
    [Anonymous Symbol]                       0x08000fa2   Section        0  py32f0xx_hal_gpio.o(.text.HAL_GPIO_WritePin)
    [Anonymous Symbol]                       0x08000fb4   Section        0  py32f0xx_hal.o(.text.HAL_GetTick)
    __arm_cp.6_0                             0x08000fbc   Number         4  py32f0xx_hal.o(.text.HAL_GetTick)
    [Anonymous Symbol]                       0x08000fc0   Section        0  py32f0xx_hal_i2c.o(.text.HAL_I2C_AbortCpltCallback)
    [Anonymous Symbol]                       0x08000fc2   Section        0  py32f0xx_hal_i2c.o(.text.HAL_I2C_AddrCallback)
    [Anonymous Symbol]                       0x08000fc4   Section        0  py32f0xx_hal_i2c.o(.text.HAL_I2C_ErrorCallback)
    [Anonymous Symbol]                       0x08000fc8   Section        0  py32f0xx_hal_i2c.o(.text.HAL_I2C_IRQHandler)
    __arm_cp.34_0                            0x080013a4   Number         4  py32f0xx_hal_i2c.o(.text.HAL_I2C_IRQHandler)
    __arm_cp.34_1                            0x080013a8   Number         4  py32f0xx_hal_i2c.o(.text.HAL_I2C_IRQHandler)
    __arm_cp.34_2                            0x080013ac   Number         4  py32f0xx_hal_i2c.o(.text.HAL_I2C_IRQHandler)
    __arm_cp.34_3                            0x080013b0   Number         4  py32f0xx_hal_i2c.o(.text.HAL_I2C_IRQHandler)
    __arm_cp.34_4                            0x080013b4   Number         4  py32f0xx_hal_i2c.o(.text.HAL_I2C_IRQHandler)
    [Anonymous Symbol]                       0x080013b8   Section        0  py32f0xx_hal_i2c.o(.text.HAL_I2C_Init)
    __arm_cp.0_0                             0x080014fc   Number         4  py32f0xx_hal_i2c.o(.text.HAL_I2C_Init)
    __arm_cp.0_1                             0x08001500   Number         4  py32f0xx_hal_i2c.o(.text.HAL_I2C_Init)
    __arm_cp.0_2                             0x08001504   Number         4  py32f0xx_hal_i2c.o(.text.HAL_I2C_Init)
    __arm_cp.0_3                             0x08001508   Number         4  py32f0xx_hal_i2c.o(.text.HAL_I2C_Init)
    __arm_cp.0_4                             0x0800150c   Number         4  py32f0xx_hal_i2c.o(.text.HAL_I2C_Init)
    __arm_cp.0_5                             0x08001510   Number         4  py32f0xx_hal_i2c.o(.text.HAL_I2C_Init)
    __arm_cp.0_6                             0x08001514   Number         4  py32f0xx_hal_i2c.o(.text.HAL_I2C_Init)
    [Anonymous Symbol]                       0x08001518   Section        0  py32f0xx_hal_i2c.o(.text.HAL_I2C_ListenCpltCallback)
    [Anonymous Symbol]                       0x0800151a   Section        0  py32f0xx_hal_i2c.o(.text.HAL_I2C_MasterRxCpltCallback)
    [Anonymous Symbol]                       0x0800151c   Section        0  py32f0xx_hal_i2c.o(.text.HAL_I2C_MasterTxCpltCallback)
    [Anonymous Symbol]                       0x0800151e   Section        0  py32f0xx_hal_i2c.o(.text.HAL_I2C_MemRxCpltCallback)
    [Anonymous Symbol]                       0x08001520   Section        0  py32f0xx_hal_i2c.o(.text.HAL_I2C_MemTxCpltCallback)
    [Anonymous Symbol]                       0x08001524   Section        0  py32f0xx_hal_i2c.o(.text.HAL_I2C_Mem_Write)
    __arm_cp.13_0                            0x08001838   Number         4  py32f0xx_hal_i2c.o(.text.HAL_I2C_Mem_Write)
    __arm_cp.13_1                            0x0800183c   Number         4  py32f0xx_hal_i2c.o(.text.HAL_I2C_Mem_Write)
    [Anonymous Symbol]                       0x08001840   Section        0  py32f0xx_hal_msp.o(.text.HAL_I2C_MspInit)
    __arm_cp.1_0                             0x080018bc   Number         4  py32f0xx_hal_msp.o(.text.HAL_I2C_MspInit)
    [Anonymous Symbol]                       0x080018c0   Section        0  py32f0xx_hal_i2c.o(.text.HAL_I2C_SlaveRxCpltCallback)
    [Anonymous Symbol]                       0x080018c2   Section        0  py32f0xx_hal_i2c.o(.text.HAL_I2C_SlaveTxCpltCallback)
    [Anonymous Symbol]                       0x080018c4   Section        0  py32f0xx_hal.o(.text.HAL_IncTick)
    __arm_cp.5_1                             0x080018d4   Number         4  py32f0xx_hal.o(.text.HAL_IncTick)
    [Anonymous Symbol]                       0x080018d8   Section        0  py32f0xx_hal.o(.text.HAL_Init)
    [Anonymous Symbol]                       0x080018f0   Section        0  py32f0xx_hal.o(.text.HAL_InitTick)
    __arm_cp.1_0                             0x08001930   Number         4  py32f0xx_hal.o(.text.HAL_InitTick)
    [Anonymous Symbol]                       0x08001934   Section        0  py32f0xx_hal_msp.o(.text.HAL_MspInit)
    __arm_cp.0_0                             0x0800195c   Number         4  py32f0xx_hal_msp.o(.text.HAL_MspInit)
    [Anonymous Symbol]                       0x08001960   Section        0  py32f0xx_hal_cortex.o(.text.HAL_NVIC_EnableIRQ)
    __arm_cp.1_0                             0x08001970   Number         4  py32f0xx_hal_cortex.o(.text.HAL_NVIC_EnableIRQ)
    [Anonymous Symbol]                       0x08001974   Section        0  py32f0xx_hal_cortex.o(.text.HAL_NVIC_SetPriority)
    __arm_cp.0_0                             0x080019a4   Number         4  py32f0xx_hal_cortex.o(.text.HAL_NVIC_SetPriority)
    __arm_cp.0_1                             0x080019a8   Number         4  py32f0xx_hal_cortex.o(.text.HAL_NVIC_SetPriority)
    [Anonymous Symbol]                       0x080019ac   Section        0  py32f0xx_hal_rcc.o(.text.HAL_RCC_ClockConfig)
    __arm_cp.3_0                             0x08001b34   Number         4  py32f0xx_hal_rcc.o(.text.HAL_RCC_ClockConfig)
    __arm_cp.3_1                             0x08001b38   Number         4  py32f0xx_hal_rcc.o(.text.HAL_RCC_ClockConfig)
    __arm_cp.3_7                             0x08001b3c   Number         4  py32f0xx_hal_rcc.o(.text.HAL_RCC_ClockConfig)
    [Anonymous Symbol]                       0x08001b40   Section        0  py32f0xx_hal_rcc.o(.text.HAL_RCC_GetPCLK1Freq)
    __arm_cp.6_0                             0x08001b5c   Number         4  py32f0xx_hal_rcc.o(.text.HAL_RCC_GetPCLK1Freq)
    __arm_cp.6_1                             0x08001b60   Number         4  py32f0xx_hal_rcc.o(.text.HAL_RCC_GetPCLK1Freq)
    __arm_cp.6_2                             0x08001b64   Number         4  py32f0xx_hal_rcc.o(.text.HAL_RCC_GetPCLK1Freq)
    [Anonymous Symbol]                       0x08001b68   Section        0  py32f0xx_hal_rcc.o(.text.HAL_RCC_OscConfig)
    __arm_cp.1_0                             0x08001db8   Number         4  py32f0xx_hal_rcc.o(.text.HAL_RCC_OscConfig)
    __arm_cp.1_2                             0x08001dbc   Number         4  py32f0xx_hal_rcc.o(.text.HAL_RCC_OscConfig)
    __arm_cp.1_3                             0x08001dc0   Number         4  py32f0xx_hal_rcc.o(.text.HAL_RCC_OscConfig)
    __arm_cp.1_4                             0x08001dc4   Number         4  py32f0xx_hal_rcc.o(.text.HAL_RCC_OscConfig)
    __arm_cp.1_5                             0x08001dc8   Number         4  py32f0xx_hal_rcc.o(.text.HAL_RCC_OscConfig)
    __arm_cp.1_6                             0x08001dcc   Number         4  py32f0xx_hal_rcc.o(.text.HAL_RCC_OscConfig)
    [Anonymous Symbol]                       0x08001dd0   Section        0  py32f0xx_hal_cortex.o(.text.HAL_SYSTICK_Config)
    __arm_cp.4_0                             0x08001df8   Number         4  py32f0xx_hal_cortex.o(.text.HAL_SYSTICK_Config)
    __arm_cp.4_1                             0x08001dfc   Number         4  py32f0xx_hal_cortex.o(.text.HAL_SYSTICK_Config)
    __arm_cp.4_2                             0x08001e00   Number         4  py32f0xx_hal_cortex.o(.text.HAL_SYSTICK_Config)
    [Anonymous Symbol]                       0x08001e04   Section        0  py32f0xx_it.o(.text.HardFault_Handler)
    [Anonymous Symbol]                       0x08001e08   Section        0  py32f0xx_it.o(.text.I2C1_IRQHandler)
    __arm_cp.5_0                             0x08001e14   Number         4  py32f0xx_it.o(.text.I2C1_IRQHandler)
    I2C_ITError                              0x08001e19   Thumb Code   192  py32f0xx_hal_i2c.o(.text.I2C_ITError)
    [Anonymous Symbol]                       0x08001e18   Section        0  py32f0xx_hal_i2c.o(.text.I2C_ITError)
    __arm_cp.25_0                            0x08001ed8   Number         4  py32f0xx_hal_i2c.o(.text.I2C_ITError)
    I2C_MasterReceive_BTF                    0x08001edd   Thumb Code   240  py32f0xx_hal_i2c.o(.text.I2C_MasterReceive_BTF)
    [Anonymous Symbol]                       0x08001edc   Section        0  py32f0xx_hal_i2c.o(.text.I2C_MasterReceive_BTF)
    __arm_cp.31_0                            0x08001fcc   Number         4  py32f0xx_hal_i2c.o(.text.I2C_MasterReceive_BTF)
    I2C_MasterReceive_RXNE                   0x08001fd1   Thumb Code   142  py32f0xx_hal_i2c.o(.text.I2C_MasterReceive_RXNE)
    [Anonymous Symbol]                       0x08001fd0   Section        0  py32f0xx_hal_i2c.o(.text.I2C_MasterReceive_RXNE)
    I2C_MasterTransmit_BTF                   0x08002061   Thumb Code   132  py32f0xx_hal_i2c.o(.text.I2C_MasterTransmit_BTF)
    [Anonymous Symbol]                       0x08002060   Section        0  py32f0xx_hal_i2c.o(.text.I2C_MasterTransmit_BTF)
    __arm_cp.29_0                            0x080020e4   Number         4  py32f0xx_hal_i2c.o(.text.I2C_MasterTransmit_BTF)
    I2C_MasterTransmit_TXE                   0x080020e9   Thumb Code   264  py32f0xx_hal_i2c.o(.text.I2C_MasterTransmit_TXE)
    [Anonymous Symbol]                       0x080020e8   Section        0  py32f0xx_hal_i2c.o(.text.I2C_MasterTransmit_TXE)
    __arm_cp.28_0                            0x080021f0   Number         4  py32f0xx_hal_i2c.o(.text.I2C_MasterTransmit_TXE)
    __arm_cp.28_1                            0x080021f4   Number         4  py32f0xx_hal_i2c.o(.text.I2C_MasterTransmit_TXE)
    I2C_Master_ADDR                          0x080021f9   Thumb Code   300  py32f0xx_hal_i2c.o(.text.I2C_Master_ADDR)
    [Anonymous Symbol]                       0x080021f8   Section        0  py32f0xx_hal_i2c.o(.text.I2C_Master_ADDR)
    __arm_cp.27_0                            0x08002324   Number         4  py32f0xx_hal_i2c.o(.text.I2C_Master_ADDR)
    I2C_Slave_STOPF                          0x08002329   Thumb Code   216  py32f0xx_hal_i2c.o(.text.I2C_Slave_STOPF)
    [Anonymous Symbol]                       0x08002328   Section        0  py32f0xx_hal_i2c.o(.text.I2C_Slave_STOPF)
    __arm_cp.32_0                            0x08002400   Number         4  py32f0xx_hal_i2c.o(.text.I2C_Slave_STOPF)
    I2C_WaitOnBTFFlagUntilTimeout            0x08002405   Thumb Code   104  py32f0xx_hal_i2c.o(.text.I2C_WaitOnBTFFlagUntilTimeout)
    [Anonymous Symbol]                       0x08002404   Section        0  py32f0xx_hal_i2c.o(.text.I2C_WaitOnBTFFlagUntilTimeout)
    __arm_cp.5_0                             0x0800246c   Number         4  py32f0xx_hal_i2c.o(.text.I2C_WaitOnBTFFlagUntilTimeout)
    [Anonymous Symbol]                       0x08002470   Section        0  py32f0xx_it.o(.text.NMI_Handler)
    [Anonymous Symbol]                       0x08002472   Section        0  py32f0xx_it.o(.text.PendSV_Handler)
    [Anonymous Symbol]                       0x08002474   Section        0  py32f0xx_it.o(.text.SVC_Handler)
    [Anonymous Symbol]                       0x08002476   Section        0  py32f0xx_it.o(.text.SysTick_Handler)
    [Anonymous Symbol]                       0x08002480   Section        0  main.o(.text.SystemClock_Config)
    [Anonymous Symbol]                       0x08002514   Section        0  system_py32f0xx.o(.text.SystemCoreClockUpdate)
    __arm_cp.0_0                             0x08002560   Number         4  system_py32f0xx.o(.text.SystemCoreClockUpdate)
    __arm_cp.0_1                             0x08002564   Number         4  system_py32f0xx.o(.text.SystemCoreClockUpdate)
    __arm_cp.0_2                             0x08002568   Number         4  system_py32f0xx.o(.text.SystemCoreClockUpdate)
    __arm_cp.0_3                             0x0800256c   Number         4  system_py32f0xx.o(.text.SystemCoreClockUpdate)
    __arm_cp.0_4                             0x08002570   Number         4  system_py32f0xx.o(.text.SystemCoreClockUpdate)
    [Anonymous Symbol]                       0x08002574   Section        0  system_py32f0xx.o(.text.SystemInit)
    __arm_cp.1_0                             0x08002598   Number         4  system_py32f0xx.o(.text.SystemInit)
    __arm_cp.1_1                             0x0800259c   Number         4  system_py32f0xx.o(.text.SystemInit)
    __arm_cp.1_2                             0x080025a0   Number         4  system_py32f0xx.o(.text.SystemInit)
    __arm_cp.1_3                             0x080025a4   Number         4  system_py32f0xx.o(.text.SystemInit)
    __arm_cp.1_4                             0x080025a8   Number         4  system_py32f0xx.o(.text.SystemInit)
    [Anonymous Symbol]                       0x080025ac   Section        0  main.o(.text.main)
    __arm_cp.0_0                             0x080027f8   Number         4  main.o(.text.main)
    __arm_cp.0_1                             0x080027fc   Number         4  main.o(.text.main)
    __arm_cp.0_2                             0x08002800   Number         4  main.o(.text.main)
    __arm_cp.0_3                             0x08002804   Number         4  main.o(.text.main)
    __arm_cp.0_4                             0x08002808   Number         4  main.o(.text.main)
    __arm_cp.0_5                             0x0800280c   Number         4  main.o(.text.main)
    __arm_cp.0_6                             0x08002810   Number         4  main.o(.text.main)
    __arm_cp.0_7                             0x08002814   Number         4  main.o(.text.main)
    __arm_cp.0_8                             0x08002818   Number         4  main.o(.text.main)
    __arm_cp.0_9                             0x0800281c   Number         4  main.o(.text.main)
    __arm_cp.0_11                            0x08002830   Number         4  main.o(.text.main)
    __arm_cp.0_12                            0x08002834   Number         4  main.o(.text.main)
    __arm_cp.0_13                            0x08002838   Number         4  main.o(.text.main)
    [Anonymous Symbol]                       0x08002854   Section        0  ssd1306.o(.text.ssd1306_Fill)
    [Anonymous Symbol]                       0x0800286c   Section        0  ssd1306.o(.text.ssd1306_Init)
    __arm_cp.0_0                             0x08002c3c   Number         4  ssd1306.o(.text.ssd1306_Init)
    [Anonymous Symbol]                       0x08002c40   Section        0  ssd1306.o(.text.ssd1306_SetCursor)
    [Anonymous Symbol]                       0x08002c4c   Section        0  ssd1306.o(.text.ssd1306_UpdateScreen)
    [Anonymous Symbol]                       0x08002cd8   Section        0  ssd1306.o(.text.ssd1306_WriteChar)
    __arm_cp.4_0                             0x08002ddc   Number         4  ssd1306.o(.text.ssd1306_WriteChar)
    __arm_cp.4_1                             0x08002de0   Number         4  ssd1306.o(.text.ssd1306_WriteChar)
    __arm_cp.4_2                             0x08002de4   Number         4  ssd1306.o(.text.ssd1306_WriteChar)
    __arm_cp.4_3                             0x08002de8   Number         4  ssd1306.o(.text.ssd1306_WriteChar)
    [Anonymous Symbol]                       0x08002dec   Section        0  ssd1306.o(.text.ssd1306_WriteString)
    i.__0sprintf                             0x08002e2c   Section        0  printfa.o(i.__0sprintf)
    i.__ARM_clz                              0x08002e54   Section        0  depilogue.o(i.__ARM_clz)
    i.__scatterload_copy                     0x08002e82   Section       14  handlers.o(i.__scatterload_copy)
    i.__scatterload_null                     0x08002e90   Section        2  handlers.o(i.__scatterload_null)
    i.__scatterload_zeroinit                 0x08002e92   Section       14  handlers.o(i.__scatterload_zeroinit)
    _fp_digits                               0x08002ea1   Thumb Code   344  printfa.o(i._fp_digits)
    i._fp_digits                             0x08002ea0   Section        0  printfa.o(i._fp_digits)
    _printf_core                             0x08003015   Thumb Code  1754  printfa.o(i._printf_core)
    i._printf_core                           0x08003014   Section        0  printfa.o(i._printf_core)
    _printf_post_padding                     0x08003701   Thumb Code    32  printfa.o(i._printf_post_padding)
    i._printf_post_padding                   0x08003700   Section        0  printfa.o(i._printf_post_padding)
    _printf_pre_padding                      0x08003721   Thumb Code    44  printfa.o(i._printf_pre_padding)
    i._printf_pre_padding                    0x08003720   Section        0  printfa.o(i._printf_pre_padding)
    _sputc                                   0x0800374d   Thumb Code    10  printfa.o(i._sputc)
    i._sputc                                 0x0800374c   Section        0  printfa.o(i._sputc)
    [Anonymous Symbol]                       0x08003758   Section        0  py32f0xx_hal_rcc.o(.rodata..L__const.HAL_RCC_GetSysClockFreq.hsiValue)
    Font7x10                                 0x080037cc   Data        1900  fonts.o(.rodata.Font7x10)
    [Anonymous Symbol]                       0x080037cc   Section        0  fonts.o(.rodata.Font7x10)
    SSD1306.0                                0x200000d8   Data           2  ssd1306.o(.bss.SSD1306.0)
    [Anonymous Symbol]                       0x200000d8   Section        0  ssd1306.o(.bss.SSD1306.0)
    SSD1306.1                                0x200000da   Data           2  ssd1306.o(.bss.SSD1306.1)
    [Anonymous Symbol]                       0x200000da   Section        0  ssd1306.o(.bss.SSD1306.1)
    SSD1306.2                                0x200000dc   Data           1  ssd1306.o(.bss.SSD1306.2)
    [Anonymous Symbol]                       0x200000dc   Section        0  ssd1306.o(.bss.SSD1306.2)
    SSD1306_Buffer                           0x200000e0   Data        1024  ssd1306.o(.bss.SSD1306_Buffer)
    [Anonymous Symbol]                       0x200000e0   Section        0  ssd1306.o(.bss.SSD1306_Buffer)
    STACK                                    0x20000588   Section     1024  startup_py32f002xx.o(STACK)

    Global Symbols

    Symbol Name                              Value     Ov Type        Size  Object(Section)

    BuildAttributes$$THM_ISAv3M$S$PE$A:L22$X:L11$S22$IEEE1$IW$~IW$USESV6$~STKCKD$USESV7$~SHL$OTIME$ROPI$EBA8$MICROLIB$REQ8$PRES8$EABIv2 0x00000000   Number         0  anon$$obj.o ABSOLUTE
    _printf_a                                0x00000000   Number         0  printfstubs.o ABSOLUTE
    _printf_c                                0x00000000   Number         0  printfstubs.o ABSOLUTE
    _printf_charcount                        0x00000000   Number         0  printfstubs.o ABSOLUTE
    _printf_d                                0x00000000   Number         0  printfstubs.o ABSOLUTE
    _printf_e                                0x00000000   Number         0  printfstubs.o ABSOLUTE
    _printf_f                                0x00000000   Number         0  printfstubs.o ABSOLUTE
    _printf_flags                            0x00000000   Number         0  printfstubs.o ABSOLUTE
    _printf_fp_dec                           0x00000000   Number         0  printfstubs.o ABSOLUTE
    _printf_fp_hex                           0x00000000   Number         0  printfstubs.o ABSOLUTE
    _printf_g                                0x00000000   Number         0  printfstubs.o ABSOLUTE
    _printf_i                                0x00000000   Number         0  printfstubs.o ABSOLUTE
    _printf_int_dec                          0x00000000   Number         0  printfstubs.o ABSOLUTE
    _printf_l                                0x00000000   Number         0  printfstubs.o ABSOLUTE
    _printf_lc                               0x00000000   Number         0  printfstubs.o ABSOLUTE
    _printf_ll                               0x00000000   Number         0  printfstubs.o ABSOLUTE
    _printf_lld                              0x00000000   Number         0  printfstubs.o ABSOLUTE
    _printf_lli                              0x00000000   Number         0  printfstubs.o ABSOLUTE
    _printf_llo                              0x00000000   Number         0  printfstubs.o ABSOLUTE
    _printf_llu                              0x00000000   Number         0  printfstubs.o ABSOLUTE
    _printf_llx                              0x00000000   Number         0  printfstubs.o ABSOLUTE
    _printf_longlong_dec                     0x00000000   Number         0  printfstubs.o ABSOLUTE
    _printf_longlong_hex                     0x00000000   Number         0  printfstubs.o ABSOLUTE
    _printf_longlong_oct                     0x00000000   Number         0  printfstubs.o ABSOLUTE
    _printf_ls                               0x00000000   Number         0  printfstubs.o ABSOLUTE
    _printf_mbtowc                           0x00000000   Number         0  printfstubs.o ABSOLUTE
    _printf_n                                0x00000000   Number         0  printfstubs.o ABSOLUTE
    _printf_o                                0x00000000   Number         0  printfstubs.o ABSOLUTE
    _printf_p                                0x00000000   Number         0  printfstubs.o ABSOLUTE
    _printf_percent                          0x00000000   Number         0  printfstubs.o ABSOLUTE
    _printf_pre_padding                      0x00000000   Number         0  printfstubs.o ABSOLUTE
    _printf_return_value                     0x00000000   Number         0  printfstubs.o ABSOLUTE
    _printf_s                                0x00000000   Number         0  printfstubs.o ABSOLUTE
    _printf_sizespec                         0x00000000   Number         0  printfstubs.o ABSOLUTE
    _printf_str                              0x00000000   Number         0  printfstubs.o ABSOLUTE
    _printf_truncate_signed                  0x00000000   Number         0  printfstubs.o ABSOLUTE
    _printf_truncate_unsigned                0x00000000   Number         0  printfstubs.o ABSOLUTE
    _printf_u                                0x00000000   Number         0  printfstubs.o ABSOLUTE
    _printf_wc                               0x00000000   Number         0  printfstubs.o ABSOLUTE
    _printf_wctomb                           0x00000000   Number         0  printfstubs.o ABSOLUTE
    _printf_widthprec                        0x00000000   Number         0  printfstubs.o ABSOLUTE
    _printf_x                                0x00000000   Number         0  printfstubs.o ABSOLUTE
    __cpp_initialize__aeabi_                  - Undefined Weak Reference
    __cxa_finalize                            - Undefined Weak Reference
    __decompress                              - Undefined Weak Reference
    _clock_init                               - Undefined Weak Reference
    _microlib_exit                            - Undefined Weak Reference
    __Vectors_Size                           0x000000c0   Number         0  startup_py32f002xx.o ABSOLUTE
    __Vectors                                0x08000000   Data           4  startup_py32f002xx.o(RESET)
    __Vectors_End                            0x080000c0   Data           0  startup_py32f002xx.o(RESET)
    __main                                   0x080000c1   Thumb Code     0  entry.o(.ARM.Collect$$$$00000000)
    _main_stk                                0x080000c1   Thumb Code     0  entry2.o(.ARM.Collect$$$$00000001)
    _main_scatterload                        0x080000c5   Thumb Code     0  entry5.o(.ARM.Collect$$$$00000004)
    __main_after_scatterload                 0x080000c9   Thumb Code     0  entry5.o(.ARM.Collect$$$$00000004)
    _main_clock                              0x080000c9   Thumb Code     0  entry7b.o(.ARM.Collect$$$$00000008)
    _main_cpp_init                           0x080000c9   Thumb Code     0  entry8b.o(.ARM.Collect$$$$0000000A)
    _main_init                               0x080000c9   Thumb Code     0  entry9a.o(.ARM.Collect$$$$0000000B)
    __rt_final_cpp                           0x080000d1   Thumb Code     0  entry10a.o(.ARM.Collect$$$$0000000D)
    __rt_final_exit                          0x080000d1   Thumb Code     0  entry11a.o(.ARM.Collect$$$$0000000F)
    Reset_Handler                            0x080000d5   Thumb Code     8  startup_py32f002xx.o(.text)
    ADC_COMP_IRQHandler                      0x080000e7   Thumb Code     0  startup_py32f002xx.o(.text)
    EXTI0_1_IRQHandler                       0x080000e7   Thumb Code     0  startup_py32f002xx.o(.text)
    EXTI2_3_IRQHandler                       0x080000e7   Thumb Code     0  startup_py32f002xx.o(.text)
    EXTI4_15_IRQHandler                      0x080000e7   Thumb Code     0  startup_py32f002xx.o(.text)
    FLASH_IRQHandler                         0x080000e7   Thumb Code     0  startup_py32f002xx.o(.text)
    LPTIM1_IRQHandler                        0x080000e7   Thumb Code     0  startup_py32f002xx.o(.text)
    RCC_IRQHandler                           0x080000e7   Thumb Code     0  startup_py32f002xx.o(.text)
    SPI1_IRQHandler                          0x080000e7   Thumb Code     0  startup_py32f002xx.o(.text)
    TIM16_IRQHandler                         0x080000e7   Thumb Code     0  startup_py32f002xx.o(.text)
    TIM1_BRK_UP_TRG_COM_IRQHandler           0x080000e7   Thumb Code     0  startup_py32f002xx.o(.text)
    TIM1_CC_IRQHandler                       0x080000e7   Thumb Code     0  startup_py32f002xx.o(.text)
    USART1_IRQHandler                        0x080000e7   Thumb Code     0  startup_py32f002xx.o(.text)
    __aeabi_memset                           0x080000f1   Thumb Code    14  memseta.o(.text)
    __aeabi_memset4                          0x080000f1   Thumb Code     0  memseta.o(.text)
    __aeabi_memset8                          0x080000f1   Thumb Code     0  memseta.o(.text)
    __aeabi_memclr                           0x080000ff   Thumb Code     4  memseta.o(.text)
    __aeabi_memclr4                          0x080000ff   Thumb Code     0  memseta.o(.text)
    __aeabi_memclr8                          0x080000ff   Thumb Code     0  memseta.o(.text)
    _memset$wrapper                          0x08000103   Thumb Code    18  memseta.o(.text)
    __aeabi_fmul                             0x08000115   Thumb Code   122  fmul.o(.text)
    __aeabi_fdiv                             0x0800018f   Thumb Code   124  fdiv.o(.text)
    __aeabi_ui2f                             0x0800020b   Thumb Code    14  ffltui.o(.text)
    __aeabi_f2iz                             0x08000219   Thumb Code    50  ffixi.o(.text)
    __aeabi_f2d                              0x0800024b   Thumb Code    40  f2d.o(.text)
    __aeabi_uidiv                            0x08000273   Thumb Code     0  uidiv_div0.o(.text)
    __aeabi_uidivmod                         0x08000273   Thumb Code    62  uidiv_div0.o(.text)
    __aeabi_uldivmod                         0x080002b1   Thumb Code    96  uldiv.o(.text)
    __I$use$fp                               0x08000311   Thumb Code     0  iusefp.o(.text)
    _float_round                             0x08000311   Thumb Code    16  fepilogue.o(.text)
    _float_epilogue                          0x08000321   Thumb Code   114  fepilogue.o(.text)
    __aeabi_dadd                             0x08000395   Thumb Code   328  dadd.o(.text)
    __aeabi_dsub                             0x080004dd   Thumb Code    12  dadd.o(.text)
    __aeabi_drsub                            0x080004e9   Thumb Code    12  dadd.o(.text)
    __aeabi_dmul                             0x080004f9   Thumb Code   202  dmul.o(.text)
    __aeabi_ddiv                             0x080005c9   Thumb Code   234  ddiv.o(.text)
    __aeabi_d2ulz                            0x080006b9   Thumb Code    54  dfixul.o(.text)
    __aeabi_cdrcmple                         0x080006f9   Thumb Code    38  cdrcmple.o(.text)
    __scatterload                            0x08000721   Thumb Code    38  init.o(.text)
    __scatterload_rt2                        0x08000721   Thumb Code     0  init.o(.text)
    __aeabi_llsl                             0x08000751   Thumb Code    32  llshl.o(.text)
    _ll_shift_l                              0x08000751   Thumb Code     0  llshl.o(.text)
    __aeabi_llsr                             0x08000771   Thumb Code    34  llushr.o(.text)
    _ll_ushift_r                             0x08000771   Thumb Code     0  llushr.o(.text)
    __aeabi_lasr                             0x08000793   Thumb Code    38  llsshr.o(.text)
    _ll_sshift_r                             0x08000793   Thumb Code     0  llsshr.o(.text)
    _double_round                            0x080007b9   Thumb Code    26  depilogue.o(.text)
    _double_epilogue                         0x080007d3   Thumb Code   164  depilogue.o(.text)
    main                                     0x08000879   Thumb Code    36  system_py32f0xx.o(.text.$Sub$$main)
    HAL_ADC_Calibration_Start                0x080008a5   Thumb Code   118  py32f0xx_hal_adc.o(.text.HAL_ADC_Calibration_Start)
    HAL_ADC_ConfigChannel                    0x0800091d   Thumb Code   244  py32f0xx_hal_adc.o(.text.HAL_ADC_ConfigChannel)
    HAL_ADC_GetValue                         0x08000a21   Thumb Code     6  py32f0xx_hal_adc.o(.text.HAL_ADC_GetValue)
    HAL_ADC_Init                             0x08000a29   Thumb Code   288  py32f0xx_hal_adc.o(.text.HAL_ADC_Init)
    HAL_ADC_MspInit                          0x08000b51   Thumb Code    88  py32f0xx_hal_msp.o(.text.HAL_ADC_MspInit)
    HAL_ADC_PollForConversion                0x08000bb1   Thumb Code   182  py32f0xx_hal_adc.o(.text.HAL_ADC_PollForConversion)
    HAL_ADC_Start                            0x08000c69   Thumb Code   160  py32f0xx_hal_adc.o(.text.HAL_ADC_Start)
    HAL_ADC_Stop                             0x08000d19   Thumb Code   226  py32f0xx_hal_adc.o(.text.HAL_ADC_Stop)
    HAL_Delay                                0x08000dfd   Thumb Code    32  py32f0xx_hal.o(.text.HAL_Delay)
    HAL_GPIO_Init                            0x08000e21   Thumb Code   352  py32f0xx_hal_gpio.o(.text.HAL_GPIO_Init)
    HAL_GPIO_TogglePin                       0x08000f91   Thumb Code    18  py32f0xx_hal_gpio.o(.text.HAL_GPIO_TogglePin)
    HAL_GPIO_WritePin                        0x08000fa3   Thumb Code    16  py32f0xx_hal_gpio.o(.text.HAL_GPIO_WritePin)
    HAL_GetTick                              0x08000fb5   Thumb Code     8  py32f0xx_hal.o(.text.HAL_GetTick)
    HAL_I2C_AbortCpltCallback                0x08000fc1   Thumb Code     2  py32f0xx_hal_i2c.o(.text.HAL_I2C_AbortCpltCallback)
    HAL_I2C_AddrCallback                     0x08000fc3   Thumb Code     2  py32f0xx_hal_i2c.o(.text.HAL_I2C_AddrCallback)
    HAL_I2C_ErrorCallback                    0x08000fc5   Thumb Code     2  py32f0xx_hal_i2c.o(.text.HAL_I2C_ErrorCallback)
    HAL_I2C_IRQHandler                       0x08000fc9   Thumb Code   988  py32f0xx_hal_i2c.o(.text.HAL_I2C_IRQHandler)
    HAL_I2C_Init                             0x080013b9   Thumb Code   324  py32f0xx_hal_i2c.o(.text.HAL_I2C_Init)
    HAL_I2C_ListenCpltCallback               0x08001519   Thumb Code     2  py32f0xx_hal_i2c.o(.text.HAL_I2C_ListenCpltCallback)
    HAL_I2C_MasterRxCpltCallback             0x0800151b   Thumb Code     2  py32f0xx_hal_i2c.o(.text.HAL_I2C_MasterRxCpltCallback)
    HAL_I2C_MasterTxCpltCallback             0x0800151d   Thumb Code     2  py32f0xx_hal_i2c.o(.text.HAL_I2C_MasterTxCpltCallback)
    HAL_I2C_MemRxCpltCallback                0x0800151f   Thumb Code     2  py32f0xx_hal_i2c.o(.text.HAL_I2C_MemRxCpltCallback)
    HAL_I2C_MemTxCpltCallback                0x08001521   Thumb Code     2  py32f0xx_hal_i2c.o(.text.HAL_I2C_MemTxCpltCallback)
    HAL_I2C_Mem_Write                        0x08001525   Thumb Code   788  py32f0xx_hal_i2c.o(.text.HAL_I2C_Mem_Write)
    HAL_I2C_MspInit                          0x08001841   Thumb Code   124  py32f0xx_hal_msp.o(.text.HAL_I2C_MspInit)
    HAL_I2C_SlaveRxCpltCallback              0x080018c1   Thumb Code     2  py32f0xx_hal_i2c.o(.text.HAL_I2C_SlaveRxCpltCallback)
    HAL_I2C_SlaveTxCpltCallback              0x080018c3   Thumb Code     2  py32f0xx_hal_i2c.o(.text.HAL_I2C_SlaveTxCpltCallback)
    HAL_IncTick                              0x080018c5   Thumb Code    16  py32f0xx_hal.o(.text.HAL_IncTick)
    HAL_Init                                 0x080018d9   Thumb Code    24  py32f0xx_hal.o(.text.HAL_Init)
    HAL_InitTick                             0x080018f1   Thumb Code    64  py32f0xx_hal.o(.text.HAL_InitTick)
    HAL_MspInit                              0x08001935   Thumb Code    40  py32f0xx_hal_msp.o(.text.HAL_MspInit)
    HAL_NVIC_EnableIRQ                       0x08001961   Thumb Code    16  py32f0xx_hal_cortex.o(.text.HAL_NVIC_EnableIRQ)
    HAL_NVIC_SetPriority                     0x08001975   Thumb Code    48  py32f0xx_hal_cortex.o(.text.HAL_NVIC_SetPriority)
    HAL_RCC_ClockConfig                      0x080019ad   Thumb Code   392  py32f0xx_hal_rcc.o(.text.HAL_RCC_ClockConfig)
    HAL_RCC_GetPCLK1Freq                     0x08001b41   Thumb Code    28  py32f0xx_hal_rcc.o(.text.HAL_RCC_GetPCLK1Freq)
    HAL_RCC_OscConfig                        0x08001b69   Thumb Code   592  py32f0xx_hal_rcc.o(.text.HAL_RCC_OscConfig)
    HAL_SYSTICK_Config                       0x08001dd1   Thumb Code    40  py32f0xx_hal_cortex.o(.text.HAL_SYSTICK_Config)
    HardFault_Handler                        0x08001e05   Thumb Code     2  py32f0xx_it.o(.text.HardFault_Handler)
    I2C1_IRQHandler                          0x08001e09   Thumb Code    12  py32f0xx_it.o(.text.I2C1_IRQHandler)
    NMI_Handler                              0x08002471   Thumb Code     2  py32f0xx_it.o(.text.NMI_Handler)
    PendSV_Handler                           0x08002473   Thumb Code     2  py32f0xx_it.o(.text.PendSV_Handler)
    SVC_Handler                              0x08002475   Thumb Code     2  py32f0xx_it.o(.text.SVC_Handler)
    SysTick_Handler                          0x08002477   Thumb Code     8  py32f0xx_it.o(.text.SysTick_Handler)
    SystemClock_Config                       0x08002481   Thumb Code   148  main.o(.text.SystemClock_Config)
    SystemCoreClockUpdate                    0x08002515   Thumb Code    76  system_py32f0xx.o(.text.SystemCoreClockUpdate)
    SystemInit                               0x08002575   Thumb Code    36  system_py32f0xx.o(.text.SystemInit)
    $Super$$main                             0x080025ad   Thumb Code   588  main.o(.text.main)
    ssd1306_Fill                             0x08002855   Thumb Code    24  ssd1306.o(.text.ssd1306_Fill)
    ssd1306_Init                             0x0800286d   Thumb Code   976  ssd1306.o(.text.ssd1306_Init)
    ssd1306_SetCursor                        0x08002c41   Thumb Code    12  ssd1306.o(.text.ssd1306_SetCursor)
    ssd1306_UpdateScreen                     0x08002c4d   Thumb Code   140  ssd1306.o(.text.ssd1306_UpdateScreen)
    ssd1306_WriteChar                        0x08002cd9   Thumb Code   260  ssd1306.o(.text.ssd1306_WriteChar)
    ssd1306_WriteString                      0x08002ded   Thumb Code    62  ssd1306.o(.text.ssd1306_WriteString)
    __0sprintf                               0x08002e2d   Thumb Code    36  printfa.o(i.__0sprintf)
    __1sprintf                               0x08002e2d   Thumb Code     0  printfa.o(i.__0sprintf)
    __2sprintf                               0x08002e2d   Thumb Code     0  printfa.o(i.__0sprintf)
    __c89sprintf                             0x08002e2d   Thumb Code     0  printfa.o(i.__0sprintf)
    sprintf                                  0x08002e2d   Thumb Code     0  printfa.o(i.__0sprintf)
    __ARM_clz                                0x08002e55   Thumb Code    46  depilogue.o(i.__ARM_clz)
    __scatterload_copy                       0x08002e83   Thumb Code    14  handlers.o(i.__scatterload_copy)
    __scatterload_null                       0x08002e91   Thumb Code     2  handlers.o(i.__scatterload_null)
    __scatterload_zeroinit                   0x08002e93   Thumb Code    14  handlers.o(i.__scatterload_zeroinit)
    AHBPrescTable                            0x0800376c   Data          64  system_py32f0xx.o(.rodata.AHBPrescTable)
    APBPrescTable                            0x080037ac   Data          32  system_py32f0xx.o(.rodata.APBPrescTable)
    HSIFreqTable                             0x08003f38   Data          32  system_py32f0xx.o(.rodata.HSIFreqTable)
    Region$$Table$$Base                      0x08003f58   Number         0  anon$$obj.o(Region$$Table)
    Region$$Table$$Limit                     0x08003f78   Number         0  anon$$obj.o(Region$$Table)
    VECT_SRAM_TAB                            0x20000000   Data         192  system_py32f0xx.o(.ARM.__at_0x20000000)
    Font_7x10                                0x200000c0   Data           8  fonts.o(.data.Font_7x10)
    SystemCoreClock                          0x200000c8   Data           4  system_py32f0xx.o(.data.SystemCoreClock)
    uwTickFreq                               0x200000cc   Data           4  py32f0xx_hal.o(.data.uwTickFreq)
    uwTickPrio                               0x200000d0   Data           4  py32f0xx_hal.o(.data.uwTickPrio)
    bar_graph_str                            0x200004e0   Data          17  main.o(.bss.bar_graph_str)
    hadc1                                    0x200004f4   Data          56  main.o(.bss.hadc1)
    hi2c1                                    0x2000052c   Data          64  main.o(.bss.hi2c1)
    pressure_str                             0x2000056c   Data          20  main.o(.bss.pressure_str)
    uwTick                                   0x20000580   Data           4  py32f0xx_hal.o(.bss.uwTick)
    __initial_sp                             0x20000988   Data           0  startup_py32f002xx.o(STACK)



==============================================================================

Memory Map of the image

  Image Entry point : 0x080000c1

  Load Region LR_IROM1 (Base: 0x08000000, Size: 0x00004050, Max: 0x00005000, ABSOLUTE)

    Execution Region ER_IROM1 (Exec base: 0x08000000, Load base: 0x08000000, Size: 0x00003f78, Max: 0x00005000, ABSOLUTE)

    Exec Addr    Load Addr    Size         Type   Attr      Idx    E Section Name        Object

    0x08000000   0x08000000   0x000000c0   Data   RO           22    RESET               startup_py32f002xx.o
    0x080000c0   0x080000c0   0x00000000   Code   RO          569  * .ARM.Collect$$$$00000000  mc_p.l(entry.o)
    0x080000c0   0x080000c0   0x00000004   Code   RO          851    .ARM.Collect$$$$00000001  mc_p.l(entry2.o)
    0x080000c4   0x080000c4   0x00000004   Code   RO          854    .ARM.Collect$$$$00000004  mc_p.l(entry5.o)
    0x080000c8   0x080000c8   0x00000000   Code   RO          856    .ARM.Collect$$$$00000008  mc_p.l(entry7b.o)
    0x080000c8   0x080000c8   0x00000000   Code   RO          858    .ARM.Collect$$$$0000000A  mc_p.l(entry8b.o)
    0x080000c8   0x080000c8   0x00000008   Code   RO          859    .ARM.Collect$$$$0000000B  mc_p.l(entry9a.o)
    0x080000d0   0x080000d0   0x00000000   Code   RO          861    .ARM.Collect$$$$0000000D  mc_p.l(entry10a.o)
    0x080000d0   0x080000d0   0x00000000   Code   RO          863    .ARM.Collect$$$$0000000F  mc_p.l(entry11a.o)
    0x080000d0   0x080000d0   0x00000004   Code   RO          852    .ARM.Collect$$$$00002712  mc_p.l(entry2.o)
    0x080000d4   0x080000d4   0x0000001c   Code   RO           23    .text               startup_py32f002xx.o
    0x080000f0   0x080000f0   0x00000024   Code   RO          578    .text               mc_p.l(memseta.o)
    0x08000114   0x08000114   0x0000007a   Code   RO          841    .text               mf_p.l(fmul.o)
    0x0800018e   0x0800018e   0x0000007c   Code   RO          843    .text               mf_p.l(fdiv.o)
    0x0800020a   0x0800020a   0x0000000e   Code   RO          845    .text               mf_p.l(ffltui.o)
    0x08000218   0x08000218   0x00000032   Code   RO          847    .text               mf_p.l(ffixi.o)
    0x0800024a   0x0800024a   0x00000028   Code   RO          849    .text               mf_p.l(f2d.o)
    0x08000272   0x08000272   0x0000003e   Code   RO          870    .text               mc_p.l(uidiv_div0.o)
    0x080002b0   0x080002b0   0x00000060   Code   RO          876    .text               mc_p.l(uldiv.o)
    0x08000310   0x08000310   0x00000000   Code   RO          878    .text               mc_p.l(iusefp.o)
    0x08000310   0x08000310   0x00000082   Code   RO          879    .text               mf_p.l(fepilogue.o)
    0x08000392   0x08000392   0x00000002   PAD
    0x08000394   0x08000394   0x00000164   Code   RO          881    .text               mf_p.l(dadd.o)
    0x080004f8   0x080004f8   0x000000d0   Code   RO          883    .text               mf_p.l(dmul.o)
    0x080005c8   0x080005c8   0x000000f0   Code   RO          885    .text               mf_p.l(ddiv.o)
    0x080006b8   0x080006b8   0x00000040   Code   RO          887    .text               mf_p.l(dfixul.o)
    0x080006f8   0x080006f8   0x00000028   Code   RO          889    .text               mf_p.l(cdrcmple.o)
    0x08000720   0x08000720   0x00000030   Code   RO          891    .text               mc_p.l(init.o)
    0x08000750   0x08000750   0x00000020   Code   RO          893    .text               mc_p.l(llshl.o)
    0x08000770   0x08000770   0x00000022   Code   RO          895    .text               mc_p.l(llushr.o)
    0x08000792   0x08000792   0x00000026   Code   RO          897    .text               mc_p.l(llsshr.o)
    0x080007b8   0x080007b8   0x000000be   Code   RO          899    .text               mf_p.l(depilogue.o)
    0x08000876   0x08000876   0x00000002   PAD
    0x08000878   0x08000878   0x0000002c   Code   RO            6    .text.$Sub$$main    system_py32f0xx.o
    0x080008a4   0x080008a4   0x00000076   Code   RO          560    .text.HAL_ADC_Calibration_Start  py32f0xx_hal_adc.o
    0x0800091a   0x0800091a   0x00000002   PAD
    0x0800091c   0x0800091c   0x00000104   Code   RO          548    .text.HAL_ADC_ConfigChannel  py32f0xx_hal_adc.o
    0x08000a20   0x08000a20   0x00000006   Code   RO          536    .text.HAL_ADC_GetValue  py32f0xx_hal_adc.o
    0x08000a26   0x08000a26   0x00000002   PAD
    0x08000a28   0x08000a28   0x00000128   Code   RO          516    .text.HAL_ADC_Init  py32f0xx_hal_adc.o
    0x08000b50   0x08000b50   0x00000060   Code   RO           53    .text.HAL_ADC_MspInit  py32f0xx_hal_msp.o
    0x08000bb0   0x08000bb0   0x000000b6   Code   RO          528    .text.HAL_ADC_PollForConversion  py32f0xx_hal_adc.o
    0x08000c66   0x08000c66   0x00000002   PAD
    0x08000c68   0x08000c68   0x000000b0   Code   RO          524    .text.HAL_ADC_Start  py32f0xx_hal_adc.o
    0x08000d18   0x08000d18   0x000000e2   Code   RO          526    .text.HAL_ADC_Stop  py32f0xx_hal_adc.o
    0x08000dfa   0x08000dfa   0x00000002   PAD
    0x08000dfc   0x08000dfc   0x00000024   Code   RO          181    .text.HAL_Delay     py32f0xx_hal.o
    0x08000e20   0x08000e20   0x00000170   Code   RO          247    .text.HAL_GPIO_Init  py32f0xx_hal_gpio.o
    0x08000f90   0x08000f90   0x00000012   Code   RO          255    .text.HAL_GPIO_TogglePin  py32f0xx_hal_gpio.o
    0x08000fa2   0x08000fa2   0x00000010   Code   RO          253    .text.HAL_GPIO_WritePin  py32f0xx_hal_gpio.o
    0x08000fb2   0x08000fb2   0x00000002   PAD
    0x08000fb4   0x08000fb4   0x0000000c   Code   RO          173    .text.HAL_GetTick   py32f0xx_hal.o
    0x08000fc0   0x08000fc0   0x00000002   Code   RO          497    .text.HAL_I2C_AbortCpltCallback  py32f0xx_hal_i2c.o
    0x08000fc2   0x08000fc2   0x00000002   Code   RO          487    .text.HAL_I2C_AddrCallback  py32f0xx_hal_i2c.o
    0x08000fc4   0x08000fc4   0x00000002   Code   RO          495    .text.HAL_I2C_ErrorCallback  py32f0xx_hal_i2c.o
    0x08000fc6   0x08000fc6   0x00000002   PAD
    0x08000fc8   0x08000fc8   0x000003f0   Code   RO          477    .text.HAL_I2C_IRQHandler  py32f0xx_hal_i2c.o
    0x080013b8   0x080013b8   0x00000160   Code   RO          409    .text.HAL_I2C_Init  py32f0xx_hal_i2c.o
    0x08001518   0x08001518   0x00000002   Code   RO          489    .text.HAL_I2C_ListenCpltCallback  py32f0xx_hal_i2c.o
    0x0800151a   0x0800151a   0x00000002   Code   RO          481    .text.HAL_I2C_MasterRxCpltCallback  py32f0xx_hal_i2c.o
    0x0800151c   0x0800151c   0x00000002   Code   RO          479    .text.HAL_I2C_MasterTxCpltCallback  py32f0xx_hal_i2c.o
    0x0800151e   0x0800151e   0x00000002   Code   RO          493    .text.HAL_I2C_MemRxCpltCallback  py32f0xx_hal_i2c.o
    0x08001520   0x08001520   0x00000002   Code   RO          491    .text.HAL_I2C_MemTxCpltCallback  py32f0xx_hal_i2c.o
    0x08001522   0x08001522   0x00000002   PAD
    0x08001524   0x08001524   0x0000031c   Code   RO          435    .text.HAL_I2C_Mem_Write  py32f0xx_hal_i2c.o
    0x08001840   0x08001840   0x00000080   Code   RO           51    .text.HAL_I2C_MspInit  py32f0xx_hal_msp.o
    0x080018c0   0x080018c0   0x00000002   Code   RO          485    .text.HAL_I2C_SlaveRxCpltCallback  py32f0xx_hal_i2c.o
    0x080018c2   0x080018c2   0x00000002   Code   RO          483    .text.HAL_I2C_SlaveTxCpltCallback  py32f0xx_hal_i2c.o
    0x080018c4   0x080018c4   0x00000014   Code   RO          171    .text.HAL_IncTick   py32f0xx_hal.o
    0x080018d8   0x080018d8   0x00000018   Code   RO          161    .text.HAL_Init      py32f0xx_hal.o
    0x080018f0   0x080018f0   0x00000044   Code   RO          163    .text.HAL_InitTick  py32f0xx_hal.o
    0x08001934   0x08001934   0x0000002c   Code   RO           49    .text.HAL_MspInit   py32f0xx_hal_msp.o
    0x08001960   0x08001960   0x00000014   Code   RO          379    .text.HAL_NVIC_EnableIRQ  py32f0xx_hal_cortex.o
    0x08001974   0x08001974   0x00000038   Code   RO          377    .text.HAL_NVIC_SetPriority  py32f0xx_hal_cortex.o
    0x080019ac   0x080019ac   0x00000194   Code   RO          220    .text.HAL_RCC_ClockConfig  py32f0xx_hal_rcc.o
    0x08001b40   0x08001b40   0x00000028   Code   RO          226    .text.HAL_RCC_GetPCLK1Freq  py32f0xx_hal_rcc.o
    0x08001b68   0x08001b68   0x00000268   Code   RO          216    .text.HAL_RCC_OscConfig  py32f0xx_hal_rcc.o
    0x08001dd0   0x08001dd0   0x00000034   Code   RO          385    .text.HAL_SYSTICK_Config  py32f0xx_hal_cortex.o
    0x08001e04   0x08001e04   0x00000002   Code   RO           67    .text.HardFault_Handler  py32f0xx_it.o
    0x08001e06   0x08001e06   0x00000002   PAD
    0x08001e08   0x08001e08   0x00000010   Code   RO           75    .text.I2C1_IRQHandler  py32f0xx_it.o
    0x08001e18   0x08001e18   0x000000c4   Code   RO          459    .text.I2C_ITError   py32f0xx_hal_i2c.o
    0x08001edc   0x08001edc   0x000000f4   Code   RO          471    .text.I2C_MasterReceive_BTF  py32f0xx_hal_i2c.o
    0x08001fd0   0x08001fd0   0x0000008e   Code   RO          469    .text.I2C_MasterReceive_RXNE  py32f0xx_hal_i2c.o
    0x0800205e   0x0800205e   0x00000002   PAD
    0x08002060   0x08002060   0x00000088   Code   RO          467    .text.I2C_MasterTransmit_BTF  py32f0xx_hal_i2c.o
    0x080020e8   0x080020e8   0x00000110   Code   RO          465    .text.I2C_MasterTransmit_TXE  py32f0xx_hal_i2c.o
    0x080021f8   0x080021f8   0x00000130   Code   RO          463    .text.I2C_Master_ADDR  py32f0xx_hal_i2c.o
    0x08002328   0x08002328   0x000000dc   Code   RO          473    .text.I2C_Slave_STOPF  py32f0xx_hal_i2c.o
    0x08002404   0x08002404   0x0000006c   Code   RO          419    .text.I2C_WaitOnBTFFlagUntilTimeout  py32f0xx_hal_i2c.o
    0x08002470   0x08002470   0x00000002   Code   RO           65    .text.NMI_Handler   py32f0xx_it.o
    0x08002472   0x08002472   0x00000002   Code   RO           71    .text.PendSV_Handler  py32f0xx_it.o
    0x08002474   0x08002474   0x00000002   Code   RO           69    .text.SVC_Handler   py32f0xx_it.o
    0x08002476   0x08002476   0x00000008   Code   RO           73    .text.SysTick_Handler  py32f0xx_it.o
    0x0800247e   0x0800247e   0x00000002   PAD
    0x08002480   0x08002480   0x00000094   Code   RO           32    .text.SystemClock_Config  main.o
    0x08002514   0x08002514   0x00000060   Code   RO            2    .text.SystemCoreClockUpdate  system_py32f0xx.o
    0x08002574   0x08002574   0x00000038   Code   RO            4    .text.SystemInit    system_py32f0xx.o
    0x080025ac   0x080025ac   0x000002a8   Code   RO           30    .text.main          main.o
    0x08002854   0x08002854   0x00000018   Code   RO           97    .text.ssd1306_Fill  ssd1306.o
    0x0800286c   0x0800286c   0x000003d4   Code   RO           95    .text.ssd1306_Init  ssd1306.o
    0x08002c40   0x08002c40   0x0000000c   Code   RO          109    .text.ssd1306_SetCursor  ssd1306.o
    0x08002c4c   0x08002c4c   0x0000008c   Code   RO           99    .text.ssd1306_UpdateScreen  ssd1306.o
    0x08002cd8   0x08002cd8   0x00000114   Code   RO          103    .text.ssd1306_WriteChar  ssd1306.o
    0x08002dec   0x08002dec   0x0000003e   Code   RO          105    .text.ssd1306_WriteString  ssd1306.o
    0x08002e2a   0x08002e2a   0x00000002   PAD
    0x08002e2c   0x08002e2c   0x00000028   Code   RO          815    i.__0sprintf        mc_p.l(printfa.o)
    0x08002e54   0x08002e54   0x0000002e   Code   RO          901    i.__ARM_clz         mf_p.l(depilogue.o)
    0x08002e82   0x08002e82   0x0000000e   Code   RO          905    i.__scatterload_copy  mc_p.l(handlers.o)
    0x08002e90   0x08002e90   0x00000002   Code   RO          906    i.__scatterload_null  mc_p.l(handlers.o)
    0x08002e92   0x08002e92   0x0000000e   Code   RO          907    i.__scatterload_zeroinit  mc_p.l(handlers.o)
    0x08002ea0   0x08002ea0   0x00000174   Code   RO          820    i._fp_digits        mc_p.l(printfa.o)
    0x08003014   0x08003014   0x000006ec   Code   RO          821    i._printf_core      mc_p.l(printfa.o)
    0x08003700   0x08003700   0x00000020   Code   RO          822    i._printf_post_padding  mc_p.l(printfa.o)
    0x08003720   0x08003720   0x0000002c   Code   RO          823    i._printf_pre_padding  mc_p.l(printfa.o)
    0x0800374c   0x0800374c   0x0000000a   Code   RO          825    i._sputc            mc_p.l(printfa.o)
    0x08003756   0x08003756   0x00000002   PAD
    0x08003758   0x08003758   0x00000014   Data   RO          238    .rodata..L__const.HAL_RCC_GetSysClockFreq.hsiValue  py32f0xx_hal_rcc.o
    0x0800376c   0x0800376c   0x00000040   Data   RO            9    .rodata.AHBPrescTable  system_py32f0xx.o
    0x080037ac   0x080037ac   0x00000020   Data   RO           10    .rodata.APBPrescTable  system_py32f0xx.o
    0x080037cc   0x080037cc   0x0000076c   Data   RO           84    .rodata.Font7x10    fonts.o
    0x08003f38   0x08003f38   0x00000020   Data   RO           11    .rodata.HSIFreqTable  system_py32f0xx.o
    0x08003f58   0x08003f58   0x00000020   Data   RO          904    Region$$Table       anon$$obj.o


    Execution Region RW_IRAM1 (Exec base: 0x20000000, Load base: 0x08003f78, Size: 0x00000988, Max: 0x00000c00, ABSOLUTE)

    Exec Addr    Load Addr    Size         Type   Attr      Idx    E Section Name        Object

    0x20000000   0x08003f78   0x000000c0   Data   RW           12    .ARM.__at_0x20000000  system_py32f0xx.o
    0x200000c0   0x08004038   0x00000008   Data   RW           85    .data.Font_7x10     fonts.o
    0x200000c8   0x08004040   0x00000004   Data   RW            8    .data.SystemCoreClock  system_py32f0xx.o
    0x200000cc   0x08004044   0x00000004   Data   RW          204    .data.uwTickFreq    py32f0xx_hal.o
    0x200000d0   0x08004048   0x00000004   Data   RW          203    .data.uwTickPrio    py32f0xx_hal.o
    0x200000d4   0x0800404c   0x00000004   PAD
    0x200000d8        -       0x00000002   Zero   RW          111    .bss.SSD1306.0      ssd1306.o
    0x200000da        -       0x00000002   Zero   RW          112    .bss.SSD1306.1      ssd1306.o
    0x200000dc        -       0x00000001   Zero   RW          113    .bss.SSD1306.2      ssd1306.o
    0x200000dd   0x0800404c   0x00000003   PAD
    0x200000e0        -       0x00000400   Zero   RW          114    .bss.SSD1306_Buffer  ssd1306.o
    0x200004e0        -       0x00000011   Zero   RW           39    .bss.bar_graph_str  main.o
    0x200004f1   0x0800404c   0x00000003   PAD
    0x200004f4        -       0x00000038   Zero   RW           37    .bss.hadc1          main.o
    0x2000052c        -       0x00000040   Zero   RW           36    .bss.hi2c1          main.o
    0x2000056c        -       0x00000014   Zero   RW           38    .bss.pressure_str   main.o
    0x20000580        -       0x00000004   Zero   RW          205    .bss.uwTick         py32f0xx_hal.o
    0x20000584   0x0800404c   0x00000004   PAD
    0x20000588        -       0x00000400   Zero   RW           20    STACK               startup_py32f002xx.o


==============================================================================

Image component sizes


      Code (inc. data)   RO Data    RW Data    ZI Data      Debug   Object Name

         0          0       1900          8          0        898   fonts.o
       828         92          0          0        157       6581   main.o
       160         16          0          8          4       4979   py32f0xx_hal.o
      1264         40          0          0          0      11321   py32f0xx_hal_adc.o
       128         24          0          0          0       5184   py32f0xx_hal_cortex.o
       402         16          0          0          0       4553   py32f0xx_hal_gpio.o
      3798        104          0          0          0      40255   py32f0xx_hal_i2c.o
       268         16          0          0          0       5231   py32f0xx_hal_msp.o
      1060         48         20          0          0       7849   py32f0xx_hal_rcc.o
        32          4          0          0          0       1477   py32f0xx_it.o
      1494         20          0          0       1029       8956   ssd1306.o
        28          8        192          0       1024        672   startup_py32f002xx.o
       196         48        128        196          0       2387   system_py32f0xx.o

    ----------------------------------------------------------------------
      9680        436       2272        212       2228     100343   Object Totals
         0          0         32          0          0          0   (incl. Generated)
        22          0          0          0         14          0   (incl. Padding)

    ----------------------------------------------------------------------

      Code (inc. data)   RO Data    RW Data    ZI Data      Debug   Library Member Name

         0          0          0          0          0          0   entry.o
         0          0          0          0          0          0   entry10a.o
         0          0          0          0          0          0   entry11a.o
         8          4          0          0          0          0   entry2.o
         4          0          0          0          0          0   entry5.o
         0          0          0          0          0          0   entry7b.o
         0          0          0          0          0          0   entry8b.o
         8          4          0          0          0          0   entry9a.o
        30          0          0          0          0          0   handlers.o
        48         10          0          0          0         68   init.o
         0          0          0          0          0          0   iusefp.o
        32          0          0          0          0         68   llshl.o
        38          0          0          0          0         68   llsshr.o
        34          0          0          0          0         68   llushr.o
        36          0          0          0          0        100   memseta.o
      2270         94          0          0          0        472   printfa.o
        62          0          0          0          0         72   uidiv_div0.o
        96          0          0          0          0         84   uldiv.o
        40          2          0          0          0         68   cdrcmple.o
       356          4          0          0          0        140   dadd.o
       240          6          0          0          0         84   ddiv.o
       236          0          0          0          0        216   depilogue.o
        64         10          0          0          0         68   dfixul.o
       208          6          0          0          0         88   dmul.o
        40          0          0          0          0         60   f2d.o
       124          0          0          0          0         72   fdiv.o
       130          0          0          0          0        144   fepilogue.o
        50          0          0          0          0         60   ffixi.o
        14          0          0          0          0         68   ffltui.o
       122          0          0          0          0         72   fmul.o

    ----------------------------------------------------------------------
      4296        140          0          0          0       2140   Library Totals
         6          0          0          0          0          0   (incl. Padding)

    ----------------------------------------------------------------------

      Code (inc. data)   RO Data    RW Data    ZI Data      Debug   Library Name

      2666        112          0          0          0       1000   mc_p.l
      1624         28          0          0          0       1140   mf_p.l

    ----------------------------------------------------------------------
      4296        140          0          0          0       2140   Library Totals

    ----------------------------------------------------------------------

==============================================================================


      Code (inc. data)   RO Data    RW Data    ZI Data      Debug   

     13976        576       2272        212       2228     101371   Grand Totals
     13976        576       2272        212       2228     101371   ELF Image Totals
     13976        576       2272        212          0          0   ROM Totals

==============================================================================

    Total RO  Size (Code + RO Data)                16248 (  15.87kB)
    Total RW  Size (RW Data + ZI Data)              2440 (   2.38kB)
    Total ROM Size (Code + RO Data + RW Data)      16460 (  16.07kB)

==============================================================================

